C:/Users/sora/Documents/Codex/2026-08-05/stm32g474vet6-ad7980-arm-brm-adg721-stm32cubemx/outputs/STM32G474_AD7980_FinalAdaptive/USB_Device/App/usbd_desc.c:222:11:USBD_CDC_DeviceDescriptor	0	static
C:/Users/sora/Documents/Codex/2026-08-05/stm32g474vet6-ad7980-arm-brm-adg721-stm32cubemx/outputs/STM32G474_AD7980_FinalAdaptive/USB_Device/App/usbd_desc.c:235:11:USBD_CDC_LangIDStrDescriptor	0	static
C:/Users/sora/Documents/Codex/2026-08-05/stm32g474vet6-ad7980-arm-brm-adg721-stm32cubemx/outputs/STM32G474_AD7980_FinalAdaptive/USB_Device/App/usbd_desc.c:267:11:USBD_CDC_ManufacturerStrDescriptor	8	static
C:/Users/sora/Documents/Codex/2026-08-05/stm32g474vet6-ad7980-arm-brm-adg721-stm32cubemx/outputs/STM32G474_AD7980_FinalAdaptive/USB_Device/App/usbd_desc.c:248:11:USBD_CDC_ProductStrDescriptor	8	static
C:/Users/sora/Documents/Codex/2026-08-05/stm32g474vet6-ad7980-arm-brm-adg721-stm32cubemx/outputs/STM32G474_AD7980_FinalAdaptive/USB_Device/App/usbd_desc.c:302:11:USBD_CDC_ConfigStrDescriptor	8	static
C:/Users/sora/Documents/Codex/2026-08-05/stm32g474vet6-ad7980-arm-brm-adg721-stm32cubemx/outputs/STM32G474_AD7980_FinalAdaptive/USB_Device/App/usbd_desc.c:321:11:USBD_CDC_InterfaceStrDescriptor	8	static
C:/Users/sora/Documents/Codex/2026-08-05/stm32g474vet6-ad7980-arm-brm-adg721-stm32cubemx/outputs/STM32G474_AD7980_FinalAdaptive/USB_Device/App/usbd_desc.c:280:11:USBD_CDC_SerialStrDescriptor	8	static
