Removed Pin From Net: NetName=AGND Pin=P1-1
Removed Pin From Net: NetName=+5VA Pin=P1-3
Removed Pin From Net: NetName=+5VA Pin=P1-5
Removed Pin From Net: NetName=ADC_SDI Pin=P1-6
Removed Pin From Net: NetName=+5VA Pin=P1-7
Removed Pin From Net: NetName=sExtADC Pin=P1-8
Removed Pin From Net: NetName=+5VA Pin=P1-9
Removed Pin From Net: NetName=sIntADC Pin=P1-10
Removed Pin From Net: NetName=AGND Pin=P1-11
Removed Pin From Net: NetName=IntADCSig Pin=P1-12
Removed Pin From Net: NetName=+5V Pin=P1-13
Removed Pin From Net: NetName=+5V Pin=P1-15
Removed Pin From Net: NetName=ADC_CNV Pin=P1-16
Removed Pin From Net: NetName=+5V Pin=P1-17
Removed Pin From Net: NetName=ADC_SCK Pin=P1-18
Removed Pin From Net: NetName=+5V Pin=P1-19
Removed Pin From Net: NetName=ADC_SDO Pin=P1-20
Removed Pin From Net: NetName=AGND Pin=P1-21
Removed Pin From Net: NetName=-5VA Pin=P1-23
Removed Pin From Net: NetName=-5VA Pin=P1-25
Removed Pin From Net: NetName=-5VA Pin=P1-27
Removed Pin From Net: NetName=-5VA Pin=P1-29
Removed Pin From Net: NetName=Restart Pin=P1-30
Removed Pin From Net: NetName=AGND Pin=P1-31
Removed Pin From Net: NetName=Trigger_out Pin=P1-32
Removed Pin From Net: NetName=+3V3 Pin=P1-33
Removed Pin From Net: NetName=Threshold Pin=P1-34
Removed Pin From Net: NetName=+3V3 Pin=P1-35
Removed Pin From Net: NetName=+3V3 Pin=P1-37
Removed Pin From Net: NetName=AGND Pin=P1-39
Removed Pin From Net: NetName=AGND Pin=P1-40
Removed Member From Class: ClassName=Analog Member=P1
Added Component: Designator=J2(2*20 2.54mm еед╦)
Added Pin To Net: NetName=AGND Pin=J2-1
Added Pin To Net: NetName=+5VA Pin=J2-3
Added Pin To Net: NetName=+5VA Pin=J2-5
Added Pin To Net: NetName=ADC_SDI Pin=J2-6
Added Pin To Net: NetName=+5VA Pin=J2-7
Added Pin To Net: NetName=sExtADC Pin=J2-8
Added Pin To Net: NetName=+5VA Pin=J2-9
Added Pin To Net: NetName=sIntADC Pin=J2-10
Added Pin To Net: NetName=AGND Pin=J2-11
Added Pin To Net: NetName=IntADCSig Pin=J2-12
Added Pin To Net: NetName=+5V Pin=J2-13
Added Pin To Net: NetName=+5V Pin=J2-15
Added Pin To Net: NetName=ADC_CNV Pin=J2-16
Added Pin To Net: NetName=+5V Pin=J2-17
Added Pin To Net: NetName=ADC_SCK Pin=J2-18
Added Pin To Net: NetName=+5V Pin=J2-19
Added Pin To Net: NetName=ADC_SDO Pin=J2-20
Added Pin To Net: NetName=AGND Pin=J2-21
Added Pin To Net: NetName=-5VA Pin=J2-23
Added Pin To Net: NetName=-5VA Pin=J2-25
Added Pin To Net: NetName=-5VA Pin=J2-27
Added Pin To Net: NetName=-5VA Pin=J2-29
Added Pin To Net: NetName=Restart Pin=J2-30
Added Pin To Net: NetName=AGND Pin=J2-31
Added Pin To Net: NetName=Trigger_out Pin=J2-32
Added Pin To Net: NetName=+3V3 Pin=J2-33
Added Pin To Net: NetName=Threshold Pin=J2-34
Added Pin To Net: NetName=+3V3 Pin=J2-35
Added Pin To Net: NetName=+3V3 Pin=J2-37
Added Pin To Net: NetName=AGND Pin=J2-39
Added Pin To Net: NetName=AGND Pin=J2-40
Added Member To Class: ClassName=Analog Member=Component J2 PM2.54-2X20P-H85
