Removed Pin From Net: NetName=ADC_CNV Pin=J2-21
Removed Pin From Net: NetName=AGND Pin=J2-22
Removed Pin From Net: NetName=AGND Pin=J2-23
Removed Pin From Net: NetName=Restart Pin=J2-24
Removed Pin From Net: NetName=ADC_SCK Pin=J2-25
Removed Pin From Net: NetName=AGND Pin=J2-26
Removed Pin From Net: NetName=ADC_SDO Pin=J2-27
Removed Pin From Net: NetName=AGND Pin=J2-28
Removed Pin From Net: NetName=Threshold Pin=J2-37
Removed Pin From Net: NetName=AGND Pin=J2-38
Added Pin To Net: NetName=AGND Pin=J2-21
Added Pin To Net: NetName=ADC_CNV Pin=J2-22
Added Pin To Net: NetName=Restart Pin=J2-23
Added Pin To Net: NetName=AGND Pin=J2-24
Added Pin To Net: NetName=AGND Pin=J2-25
Added Pin To Net: NetName=ADC_SCK Pin=J2-26
Added Pin To Net: NetName=AGND Pin=J2-27
Added Pin To Net: NetName=ADC_SDO Pin=J2-28
Added Pin To Net: NetName=AGND Pin=J2-37
Added Pin To Net: NetName=Threshold Pin=J2-38
