Removed Pin From Net: NetName=AGND Pin=J2-21
Removed Pin From Net: NetName=ADC_CNV Pin=J2-24
Removed Pin From Net: NetName=Restart Pin=J2-25
Removed Pin From Net: NetName=AGND Pin=J2-27
Removed Pin From Net: NetName=ADC_SDO Pin=J2-28
Removed Pin From Net: NetName=ADC_SCK Pin=J2-30
Removed Pin From Net: NetName=Threshold Pin=J2-31
Removed Pin From Net: NetName=AGND Pin=J2-32
Removed Pin From Net: NetName=AGND Pin=J2-33
Removed Pin From Net: NetName=AGND Pin=J2-34
Removed Pin From Net: NetName=+3V3 Pin=J2-35
Removed Pin From Net: NetName=+3V3 Pin=J2-36
Removed Pin From Net: NetName=+3V3 Pin=J2-37
Removed Pin From Net: NetName=+3V3 Pin=J2-38
Added Pin To Net: NetName=ADC_CNV Pin=J2-21
Added Pin To Net: NetName=Restart Pin=J2-24
Added Pin To Net: NetName=ADC_SCK Pin=J2-25
Added Pin To Net: NetName=ADC_SDO Pin=J2-27
Added Pin To Net: NetName=AGND Pin=J2-28
Added Pin To Net: NetName=AGND Pin=J2-30
Added Pin To Net: NetName=+3V3 Pin=J2-31
Added Pin To Net: NetName=+3V3 Pin=J2-32
Added Pin To Net: NetName=+3V3 Pin=J2-33
Added Pin To Net: NetName=+3V3 Pin=J2-34
Added Pin To Net: NetName=AGND Pin=J2-35
Added Pin To Net: NetName=AGND Pin=J2-36
Added Pin To Net: NetName=Threshold Pin=J2-37
Added Pin To Net: NetName=AGND Pin=J2-38
