Archive member included to satisfy reference by file (symbol)

D:/STM32/CubeIDE/STM32CubeIDE_1.16.0/STM32CubeIDE/plugins/com.st.stm32cube.ide.mcu.externaltools.gnu-tools-for-stm32.12.3.rel1.win32_1.0.200.202406191623/tools/bin/../lib/gcc/arm-none-eabi/12.3.1/../../../../arm-none-eabi/lib/thumb/v7e-m+fp/hard\libc_nano.a(libc_a-exit.o)
                              D:/STM32/CubeIDE/STM32CubeIDE_1.16.0/STM32CubeIDE/plugins/com.st.stm32cube.ide.mcu.externaltools.gnu-tools-for-stm32.12.3.rel1.win32_1.0.200.202406191623/tools/bin/../lib/gcc/arm-none-eabi/12.3.1/../../../../arm-none-eabi/lib/thumb/v7e-m+fp/hard/crt0.o (exit)
D:/STM32/CubeIDE/STM32CubeIDE_1.16.0/STM32CubeIDE/plugins/com.st.stm32cube.ide.mcu.externaltools.gnu-tools-for-stm32.12.3.rel1.win32_1.0.200.202406191623/tools/bin/../lib/gcc/arm-none-eabi/12.3.1/../../../../arm-none-eabi/lib/thumb/v7e-m+fp/hard\libc_nano.a(libc_a-strtoul.o)
                              ./Application/User/Core/app.o (strtoul)
D:/STM32/CubeIDE/STM32CubeIDE_1.16.0/STM32CubeIDE/plugins/com.st.stm32cube.ide.mcu.externaltools.gnu-tools-for-stm32.12.3.rel1.win32_1.0.200.202406191623/tools/bin/../lib/gcc/arm-none-eabi/12.3.1/../../../../arm-none-eabi/lib/thumb/v7e-m+fp/hard\libc_nano.a(libc_a-ctype_.o)
                              D:/STM32/CubeIDE/STM32CubeIDE_1.16.0/STM32CubeIDE/plugins/com.st.stm32cube.ide.mcu.externaltools.gnu-tools-for-stm32.12.3.rel1.win32_1.0.200.202406191623/tools/bin/../lib/gcc/arm-none-eabi/12.3.1/../../../../arm-none-eabi/lib/thumb/v7e-m+fp/hard\libc_nano.a(libc_a-strtoul.o) (_ctype_)
D:/STM32/CubeIDE/STM32CubeIDE_1.16.0/STM32CubeIDE/plugins/com.st.stm32cube.ide.mcu.externaltools.gnu-tools-for-stm32.12.3.rel1.win32_1.0.200.202406191623/tools/bin/../lib/gcc/arm-none-eabi/12.3.1/../../../../arm-none-eabi/lib/thumb/v7e-m+fp/hard\libc_nano.a(libc_a-findfp.o)
                              D:/STM32/CubeIDE/STM32CubeIDE_1.16.0/STM32CubeIDE/plugins/com.st.stm32cube.ide.mcu.externaltools.gnu-tools-for-stm32.12.3.rel1.win32_1.0.200.202406191623/tools/bin/../lib/gcc/arm-none-eabi/12.3.1/../../../../arm-none-eabi/lib/thumb/v7e-m+fp/hard\libc_nano.a(libc_a-exit.o) (__stdio_exit_handler)
D:/STM32/CubeIDE/STM32CubeIDE_1.16.0/STM32CubeIDE/plugins/com.st.stm32cube.ide.mcu.externaltools.gnu-tools-for-stm32.12.3.rel1.win32_1.0.200.202406191623/tools/bin/../lib/gcc/arm-none-eabi/12.3.1/../../../../arm-none-eabi/lib/thumb/v7e-m+fp/hard\libc_nano.a(libc_a-fwalk.o)
                              D:/STM32/CubeIDE/STM32CubeIDE_1.16.0/STM32CubeIDE/plugins/com.st.stm32cube.ide.mcu.externaltools.gnu-tools-for-stm32.12.3.rel1.win32_1.0.200.202406191623/tools/bin/../lib/gcc/arm-none-eabi/12.3.1/../../../../arm-none-eabi/lib/thumb/v7e-m+fp/hard\libc_nano.a(libc_a-findfp.o) (_fwalk_sglue)
D:/STM32/CubeIDE/STM32CubeIDE_1.16.0/STM32CubeIDE/plugins/com.st.stm32cube.ide.mcu.externaltools.gnu-tools-for-stm32.12.3.rel1.win32_1.0.200.202406191623/tools/bin/../lib/gcc/arm-none-eabi/12.3.1/../../../../arm-none-eabi/lib/thumb/v7e-m+fp/hard\libc_nano.a(libc_a-snprintf.o)
                              ./Application/User/Core/app.o (snprintf)
D:/STM32/CubeIDE/STM32CubeIDE_1.16.0/STM32CubeIDE/plugins/com.st.stm32cube.ide.mcu.externaltools.gnu-tools-for-stm32.12.3.rel1.win32_1.0.200.202406191623/tools/bin/../lib/gcc/arm-none-eabi/12.3.1/../../../../arm-none-eabi/lib/thumb/v7e-m+fp/hard\libc_nano.a(libc_a-stdio.o)
                              D:/STM32/CubeIDE/STM32CubeIDE_1.16.0/STM32CubeIDE/plugins/com.st.stm32cube.ide.mcu.externaltools.gnu-tools-for-stm32.12.3.rel1.win32_1.0.200.202406191623/tools/bin/../lib/gcc/arm-none-eabi/12.3.1/../../../../arm-none-eabi/lib/thumb/v7e-m+fp/hard\libc_nano.a(libc_a-findfp.o) (__sread)
D:/STM32/CubeIDE/STM32CubeIDE_1.16.0/STM32CubeIDE/plugins/com.st.stm32cube.ide.mcu.externaltools.gnu-tools-for-stm32.12.3.rel1.win32_1.0.200.202406191623/tools/bin/../lib/gcc/arm-none-eabi/12.3.1/../../../../arm-none-eabi/lib/thumb/v7e-m+fp/hard\libc_nano.a(libc_a-memset.o)
                              D:/STM32/CubeIDE/STM32CubeIDE_1.16.0/STM32CubeIDE/plugins/com.st.stm32cube.ide.mcu.externaltools.gnu-tools-for-stm32.12.3.rel1.win32_1.0.200.202406191623/tools/bin/../lib/gcc/arm-none-eabi/12.3.1/../../../../arm-none-eabi/lib/thumb/v7e-m+fp/hard/crt0.o (memset)
D:/STM32/CubeIDE/STM32CubeIDE_1.16.0/STM32CubeIDE/plugins/com.st.stm32cube.ide.mcu.externaltools.gnu-tools-for-stm32.12.3.rel1.win32_1.0.200.202406191623/tools/bin/../lib/gcc/arm-none-eabi/12.3.1/../../../../arm-none-eabi/lib/thumb/v7e-m+fp/hard\libc_nano.a(libc_a-strtok.o)
                              ./Application/User/Core/app.o (strtok)
D:/STM32/CubeIDE/STM32CubeIDE_1.16.0/STM32CubeIDE/plugins/com.st.stm32cube.ide.mcu.externaltools.gnu-tools-for-stm32.12.3.rel1.win32_1.0.200.202406191623/tools/bin/../lib/gcc/arm-none-eabi/12.3.1/../../../../arm-none-eabi/lib/thumb/v7e-m+fp/hard\libc_nano.a(libc_a-strtok_r.o)
[...]
Memory Configuration

Name             Origin             Length             Attributes
RAM              0x20000000         0x00020000         xrw
FLASH            0x08000000         0x00080000         xr
*default*        0x00000000         0xffffffff

Linker script and memory map

LOAD D:/STM32/CubeIDE/STM32CubeIDE_1.16.0/STM32CubeIDE/plugins/com.st.stm32cube.ide.mcu.externaltools.gnu-tools-for-stm32.12.3.rel1.win32_1.0.200.202406191623/tools/bin/../lib/gcc/arm-none-eabi/12.3.1/thumb/v7e-m+fp/hard/crti.o
LOAD D:/STM32/CubeIDE/STM32CubeIDE_1.16.0/STM32CubeIDE/plugins/com.st.stm32cube.ide.mcu.externaltools.gnu-tools-for-stm32.12.3.rel1.win32_1.0.200.202406191623/tools/bin/../lib/gcc/arm-none-eabi/12.3.1/thumb/v7e-m+fp/hard/crtbegin.o
LOAD D:/STM32/CubeIDE/STM32CubeIDE_1.16.0/STM32CubeIDE/plugins/com.st.stm32cube.ide.mcu.externaltools.gnu-tools-for-stm32.12.3.rel1.win32_1.0.200.202406191623/tools/bin/../lib/gcc/arm-none-eabi/12.3.1/../../../../arm-none-eabi/lib/thumb/v7e-m+fp/hard/crt0.o
LOAD ./Application/User/Core/ad7980.o
LOAD ./Application/User/Core/app.o
LOAD ./Application/User/Core/main.o
LOAD ./Application/User/Core/stm32g4xx_hal_msp.o
LOAD ./Application/User/Core/stm32g4xx_it.o
LOAD ./Application/User/Core/syscalls.o
LOAD ./Application/User/Core/sysmem.o
LOAD ./Application/User/Startup/startup_stm32g474vetx.o
LOAD ./Application/User/USB_Device/App/usb_device.o
LOAD ./Application/User/USB_Device/App/usbd_cdc_if.o
LOAD ./Application/User/USB_Device/App/usbd_desc.o
LOAD ./Application/User/USB_Device/Target/usbd_conf.o
LOAD ./Drivers/CMSIS/system_stm32g4xx.o
LOAD ./Drivers/STM32G4xx_HAL_Driver/stm32g4xx_hal.o
LOAD ./Drivers/STM32G4xx_HAL_Driver/stm32g4xx_hal_cortex.o
LOAD ./Drivers/STM32G4xx_HAL_Driver/stm32g4xx_hal_dac.o
LOAD ./Drivers/STM32G4xx_HAL_Driver/stm32g4xx_hal_dac_ex.o
LOAD ./Drivers/STM32G4xx_HAL_Driver/stm32g4xx_hal_dma.o
LOAD ./Drivers/STM32G4xx_HAL_Driver/stm32g4xx_hal_dma_ex.o
LOAD ./Drivers/STM32G4xx_HAL_Driver/stm32g4xx_hal_exti.o
LOAD ./Drivers/STM32G4xx_HAL_Driver/stm32g4xx_hal_flash.o
LOAD ./Drivers/STM32G4xx_HAL_Driver/stm32g4xx_hal_flash_ex.o
LOAD ./Drivers/STM32G4xx_HAL_Driver/stm32g4xx_hal_flash_ramfunc.o
LOAD ./Drivers/STM32G4xx_HAL_Driver/stm32g4xx_hal_gpio.o
LOAD ./Drivers/STM32G4xx_HAL_Driver/stm32g4xx_hal_pcd.o
LOAD ./Drivers/STM32G4xx_HAL_Driver/stm32g4xx_hal_pcd_ex.o
LOAD ./Drivers/STM32G4xx_HAL_Driver/stm32g4xx_hal_pwr.o
LOAD ./Drivers/STM32G4xx_HAL_Driver/stm32g4xx_hal_pwr_ex.o
LOAD ./Drivers/STM32G4xx_HAL_Driver/stm32g4xx_hal_rcc.o
LOAD ./Drivers/STM32G4xx_HAL_Driver/stm32g4xx_hal_rcc_ex.o
LOAD ./Drivers/STM32G4xx_HAL_Driver/stm32g4xx_ll_usb.o
LOAD ./Middlewares/USB_Device_Library/usbd_cdc.o
LOAD ./Middlewares/USB_Device_Library/usbd_core.o
LOAD ./Middlewares/USB_Device_Library/usbd_ctlreq.o
LOAD ./Middlewares/USB_Device_Library/usbd_ioreq.o
START GROUP
LOAD D:/STM32/CubeIDE/STM32CubeIDE_1.16.0/STM32CubeIDE/plugins/com.st.stm32cube.ide.mcu.externaltools.gnu-tools-for-stm32.12.3.rel1.win32_1.0.200.202406191623/tools/bin/../lib/gcc/arm-none-eabi/12.3.1/../../../../arm-none-eabi/lib/thumb/v7e-m+fp/hard\libc_nano.a
LOAD D:/STM32/CubeIDE/STM32CubeIDE_1.16.0/STM32CubeIDE/plugins/com.st.stm32cube.ide.mcu.externaltools.gnu-tools-for-stm32.12.3.rel1.win32_1.0.200.202406191623/tools/bin/../lib/gcc/arm-none-eabi/12.3.1/../../../../arm-none-eabi/lib/thumb/v7e-m+fp/hard\libm.a
END GROUP
START GROUP
LOAD D:/STM32/CubeIDE/STM32CubeIDE_1.16.0/STM32CubeIDE/plugins/com.st.stm32cube.ide.mcu.externaltools.gnu-tools-for-stm32.12.3.rel1.win32_1.0.200.202406191623/tools/bin/../lib/gcc/arm-none-eabi/12.3.1/thumb/v7e-m+fp/hard\libgcc.a
LOAD D:/STM32/CubeIDE/STM32CubeIDE_1.16.0/STM32CubeIDE/plugins/com.st.stm32cube.ide.mcu.externaltools.gnu-tools-for-stm32.12.3.rel1.win32_1.0.200.202406191623/tools/bin/../lib/gcc/arm-none-eabi/12.3.1/../../../../arm-none-eabi/lib/thumb/v7e-m+fp/hard\libc_nano.a
END GROUP
START GROUP
LOAD D:/STM32/CubeIDE/STM32CubeIDE_1.16.0/STM32CubeIDE/plugins/com.st.stm32cube.ide.mcu.externaltools.gnu-tools-for-stm32.12.3.rel1.win32_1.0.200.202406191623/tools/bin/../lib/gcc/arm-none-eabi/12.3.1/thumb/v7e-m+fp/hard\libgcc.a
LOAD D:/STM32/CubeIDE/STM32CubeIDE_1.16.0/STM32CubeIDE/plugins/com.st.stm32cube.ide.mcu.externaltools.gnu-tools-for-stm32.12.3.rel1.win32_1.0.200.202406191623/tools/bin/../lib/gcc/arm-none-eabi/12.3.1/../../../../arm-none-eabi/lib/thumb/v7e-m+fp/hard\libc_nano.a
LOAD D:/STM32/CubeIDE/STM32CubeIDE_1.16.0/STM32CubeIDE/plugins/com.st.stm32cube.ide.mcu.externaltools.gnu-tools-for-stm32.12.3.rel1.win32_1.0.200.202406191623/tools/bin/../lib/gcc/arm-none-eabi/12.3.1/../../../../arm-none-eabi/lib/thumb/v7e-m+fp/hard\libnosys.a
END GROUP
START GROUP
LOAD D:/STM32/CubeIDE/STM32CubeIDE_1.16.0/STM32CubeIDE/plugins/com.st.stm32cube.ide.mcu.externaltools.gnu-tools-for-stm32.12.3.rel1.win32_1.0.200.202406191623/tools/bin/../lib/gcc/arm-none-eabi/12.3.1/thumb/v7e-m+fp/hard\libgcc.a
LOAD D:/STM32/CubeIDE/STM32CubeIDE_1.16.0/STM32CubeIDE/plugins/com.st.stm32cube.ide.mcu.externaltools.gnu-tools-for-stm32.12.3.rel1.win32_1.0.200.202406191623/tools/bin/../lib/gcc/arm-none-eabi/12.3.1/../../../../arm-none-eabi/lib/thumb/v7e-m+fp/hard\libc_nano.a
LOAD D:/STM32/CubeIDE/STM32CubeIDE_1.16.0/STM32CubeIDE/plugins/com.st.stm32cube.ide.mcu.externaltools.gnu-tools-for-stm32.12.3.rel1.win32_1.0.200.202406191623/tools/bin/../lib/gcc/arm-none-eabi/12.3.1/../../../../arm-none-eabi/lib/thumb/v7e-m+fp/hard\libnosys.a
END GROUP
LOAD D:/STM32/CubeIDE/STM32CubeIDE_1.16.0/STM32CubeIDE/plugins/com.st.stm32cube.ide.mcu.externaltools.gnu-tools-for-stm32.12.3.rel1.win32_1.0.200.202406191623/tools/bin/../lib/gcc/arm-none-eabi/12.3.1/thumb/v7e-m+fp/hard/crtend.o
LOAD D:/STM32/CubeIDE/STM32CubeIDE_1.16.0/STM32CubeIDE/plugins/com.st.stm32cube.ide.mcu.externaltools.gnu-tools-for-stm32.12.3.rel1.win32_1.0.200.202406191623/tools/bin/../lib/gcc/arm-none-eabi/12.3.1/thumb/v7e-m+fp/hard/crtn.o
                0x20020000                        _estack = (ORIGIN (RAM) + LENGTH (RAM))
                0x00000800                        _Min_Heap_Size = 0x800
                0x00001000                        _Min_Stack_Size = 0x1000

.isr_vector     0x08000000      0x1d8
                0x08000000                        . = ALIGN (0x4)
 *(.isr_vector)
 .isr_vector    0x08000000      0x1d8 ./Application/User/Startup/startup_stm32g474vetx.o
                0x08000000                g_pfnVectors
                0x080001d8                        . = ALIGN (0x4)

.text           0x080001e0     0x6e8c
                0x080001e0                        . = ALIGN (0x4)
 *(.text)
 .text          0x080001e0       0x40 D:/STM32/CubeIDE/STM32CubeIDE_1.16.0/STM32CubeIDE/plugins/com.st.stm32cube.ide.mcu.externaltools.gnu-tools-for-stm32.12.3.rel1.win32_1.0.200.202406191623/tools/bin/../lib/gcc/arm-none-eabi/12.3.1/thumb/v7e-m+fp/hard/crtbegin.o
 .text          0x08000220       0x14 D:/STM32/CubeIDE/STM32CubeIDE_1.16.0/STM32CubeIDE/plugins/com.st.stm32cube.ide.mcu.externaltools.gnu-tools-for-stm32.12.3.rel1.win32_1.0.200.202406191623/tools/bin/../lib/gcc/arm-none-eabi/12.3.1/../../../../arm-none-eabi/lib/thumb/v7e-m+fp/hard\libc_nano.a(libc_a-strcmp.o)
                0x08000220                strcmp
 .text          0x08000234       0x10 D:/STM32/CubeIDE/STM32CubeIDE_1.16.0/STM32CubeIDE/plugins/com.st.stm32cube.ide.mcu.externaltools.gnu-tools-for-stm32.12.3.rel1.win32_1.0.200.202406191623/tools/bin/../lib/gcc/arm-none-eabi/12.3.1/../../../../arm-none-eabi/lib/thumb/v7e-m+fp/hard\libc_nano.a(libc_a-strlen.o)
                0x08000234                strlen
 *fill*         0x08000244        0xc 
 .text          0x08000250       0xa0 D:/STM32/CubeIDE/STM32CubeIDE_1.16.0/STM32CubeIDE/plugins/com.st.stm32cube.ide.mcu.externaltools.gnu-tools-for-stm32.12.3.rel1.win32_1.0.200.202406191623/tools/bin/../lib/gcc/arm-none-eabi/12.3.1/../../../../arm-none-eabi/lib/thumb/v7e-m+fp/hard\libc_nano.a(libc_a-memchr.o)
                0x08000250                memchr
 .text          0x080002f0       0x30 D:/STM32/CubeIDE/STM32CubeIDE_1.16.0/STM32CubeIDE/plugins/com.st.stm32cube.ide.mcu.externaltools.gnu-tools-for-stm32.12.3.rel1.win32_1.0.200.202406191623/tools/bin/../lib/gcc/arm-none-eabi/12.3.1/thumb/v7e-m+fp/hard\libgcc.a(_aeabi_uldivmod.o)
                0x080002f0                __aeabi_uldivmod
 .text          0x08000320      0x2bc D:/STM32/CubeIDE/STM32CubeIDE_1.16.0/STM32CubeIDE/plugins/com.st.stm32cube.ide.mcu.externaltools.gnu-tools-for-stm32.12.3.rel1.win32_1.0.200.202406191623/tools/bin/../lib/gcc/arm-none-eabi/12.3.1/thumb/v7e-m+fp/hard\libgcc.a(_udivmoddi4.o)
                0x08000320                __udivmoddi4
 .text          0x080005dc        0x4 D:/STM32/CubeIDE/STM32CubeIDE_1.16.0/STM32CubeIDE/plugins/com.st.stm32cube.ide.mcu.externaltools.gnu-tools-for-stm32.12.3.rel1.win32_1.0.200.202406191623/tools/bin/../lib/gcc/arm-none-eabi/12.3.1/thumb/v7e-m+fp/hard\libgcc.a(_dvmd_tls.o)
                0x080005dc                __aeabi_idiv0
                0x080005dc                __aeabi_ldiv0
 *(.text*)
 .text.ad7980_capture
                0x080005e0      0x110 ./Application/User/Core/ad7980.o
 .text.AD7980_ResetStatistics
                0x080006f0       0x78 ./Application/User/Core/ad7980.o
                0x080006f0                AD7980_ResetStatistics
 .text.AD7980_Init
                0x08000768       0x5c ./Application/User/Core/ad7980.o
                0x08000768                AD7980_Init
 .text.AD7980_BusyISR
                0x080007c4       0x4c ./Application/User/Core/ad7980.o
                0x080007c4                AD7980_BusyISR
 .text.AD7980_Service
                0x08000810       0xc4 ./Application/User/Core/ad7980.o
                0x08000810                AD7980_Service
 .text.AD7980_TryRead
                0x080008d4       0x50 ./Application/User/Core/ad7980.o
                0x080008d4                AD7980_TryRead
 .text.AD7980_IsSdoLow
                0x08000924       0x10 ./Application/User/Core/ad7980.o
                0x08000924                AD7980_IsSdoLow
 .text.AD7980_GetBusyCount
                0x08000934        0xc ./Application/User/Core/ad7980.o
                0x08000934                AD7980_GetBusyCount
 .text.AD7980_GetRecoveryCount
                0x08000940        0xc ./Application/User/Core/ad7980.o
                0x08000940                AD7980_GetRecoveryCount
 .text.AD7980_GetPostReadLowCount
                0x0800094c        0xc ./Application/User/Core/ad7980.o
                0x0800094c                AD7980_GetPostReadLowCount
 .text.AD7980_GetOverrunCount
                0x08000958        0xc ./Application/User/Core/ad7980.o
                0x08000958                AD7980_GetOverrunCount
 .text.AD7980_GetQueueDepth
                0x08000964       0x18 ./Application/User/Core/ad7980.o
                0x08000964                AD7980_GetQueueDepth
 *fill*         0x0800097c        0x4 
 .text.clear_statistics
                0x08000980       0x7c ./Application/User/Core/app.o
 .text.queue_text
                0x080009fc       0x70 ./Application/User/Core/app.o
 .text.parse_u32
                0x08000a6c       0x3c ./Application/User/Core/app.o
 .text.queue_status
                0x08000aa8      0x1f8 ./Application/User/Core/app.o
 .text.queue_raw16_batch.isra.0
                0x08000ca0      0x188 ./Application/User/Core/app.o
 .text.sample_service
                0x08000e28      0x1b4 ./Application/User/Core/app.o
 .text.App_Init
                0x08000fdc       0x84 ./Application/User/Core/app.o
                0x08000fdc                App_Init
 .text.App_Run  0x08001060      0x8f0 ./Application/User/Core/app.o
                0x08001060                App_Run
 .text.App_USB_Rx
                0x08001950       0x48 ./Application/User/Core/app.o
                0x08001950                App_USB_Rx
 .text.App_USB_TxComplete
                0x08001998       0x20 ./Application/User/Core/app.o
                0x08001998                App_USB_TxComplete
 .text.App_USB_LinkState
                0x080019b8       0x2c ./Application/User/Core/app.o
                0x080019b8                App_USB_LinkState
 .text.SystemClock_Config
                0x080019e4       0x78 ./Application/User/Core/main.o
                0x080019e4                SystemClock_Config
 .text.startup.main
                0x08001a5c      0x19c ./Application/User/Core/main.o
                0x08001a5c                main
 .text.HAL_GPIO_EXTI_Callback
                0x08001bf8        0xc ./Application/User/Core/main.o
                0x08001bf8                HAL_GPIO_EXTI_Callback
 .text.Error_Handler
                0x08001c04        0x4 ./Application/User/Core/main.o
                0x08001c04                Error_Handler
 .text.HAL_MspInit
                0x08001c08       0x34 ./Application/User/Core/stm32g4xx_hal_msp.o
                0x08001c08                HAL_MspInit
 *fill*         0x08001c3c        0x4 
 .text.HAL_DAC_MspInit
                0x08001c40       0x74 ./Application/User/Core/stm32g4xx_hal_msp.o
                0x08001c40                HAL_DAC_MspInit
 .text.NMI_Handler
                0x08001cb4        0x4 ./Application/User/Core/stm32g4xx_it.o
                0x08001cb4                NMI_Handler
 .text.HardFault_Handler
                0x08001cb8        0x4 ./Application/User/Core/stm32g4xx_it.o
                0x08001cb8                HardFault_Handler
 .text.MemManage_Handler
                0x08001cbc        0x4 ./Application/User/Core/stm32g4xx_it.o
                0x08001cbc                MemManage_Handler
 .text.BusFault_Handler
                0x08001cc0        0x4 ./Application/User/Core/stm32g4xx_it.o
                0x08001cc0                BusFault_Handler
 .text.UsageFault_Handler
                0x08001cc4        0x4 ./Application/User/Core/stm32g4xx_it.o
                0x08001cc4                UsageFault_Handler
 .text.SVC_Handler
                0x08001cc8        0x4 ./Application/User/Core/stm32g4xx_it.o
                0x08001cc8                SVC_Handler
 .text.DebugMon_Handler
                0x08001ccc        0x4 ./Application/User/Core/stm32g4xx_it.o
                0x08001ccc                DebugMon_Handler
 .text.PendSV_Handler
                0x08001cd0        0x4 ./Application/User/Core/stm32g4xx_it.o
                0x08001cd0                PendSV_Handler
 .text.SysTick_Handler
                0x08001cd4        0x4 ./Application/User/Core/stm32g4xx_it.o
                0x08001cd4                SysTick_Handler
 .text.EXTI0_IRQHandler
                0x08001cd8        0x8 ./Application/User/Core/stm32g4xx_it.o
                0x08001cd8                EXTI0_IRQHandler
 .text.USB_LP_IRQHandler
                0x08001ce0        0xc ./Application/User/Core/stm32g4xx_it.o
                0x08001ce0                USB_LP_IRQHandler
 .text._getpid  0x08001cec        0x4 ./Application/User/Core/syscalls.o
                0x08001cec                _getpid
 .text._kill    0x08001cf0       0x10 ./Application/User/Core/syscalls.o
                0x08001cf0                _kill
 .text._exit    0x08001d00        0xc ./Application/User/Core/syscalls.o
                0x08001d00                _exit
 .text._read    0x08001d0c       0x1c ./Application/User/Core/syscalls.o
                0x08001d0c                _read
 .text._write   0x08001d28       0x1c ./Application/User/Core/syscalls.o
                0x08001d28                _write
 .text._close   0x08001d44        0x8 ./Application/User/Core/syscalls.o
                0x08001d44                _close
 .text._fstat   0x08001d4c        0xc ./Application/User/Core/syscalls.o
                0x08001d4c                _fstat
 .text._isatty  0x08001d58        0x4 ./Application/User/Core/syscalls.o
                0x08001d58                _isatty
 .text._lseek   0x08001d5c        0x4 ./Application/User/Core/syscalls.o
                0x08001d5c                _lseek
 .text._sbrk    0x08001d60       0x44 ./Application/User/Core/sysmem.o
                0x08001d60                _sbrk
 .text.Reset_Handler
                0x08001da4       0x50 ./Application/User/Startup/startup_stm32g474vetx.o
                0x08001da4                Reset_Handler
 .text.Default_Handler
                0x08001df4        0x2 ./Application/User/Startup/startup_stm32g474vetx.o
                0x08001df4                RTC_Alarm_IRQHandler
                0x08001df4                EXTI2_IRQHandler
                0x08001df4                TIM8_TRG_COM_IRQHandler
                0x08001df4                TIM8_CC_IRQHandler
                0x08001df4                HRTIM1_Master_IRQHandler
                0x08001df4                SPI4_IRQHandler
                0x08001df4                FDCAN3_IT0_IRQHandler
                0x08001df4                TIM1_CC_IRQHandler
                0x08001df4                HRTIM1_FLT_IRQHandler
                0x08001df4                HRTIM1_TIMF_IRQHandler
                0x08001df4                USB_HP_IRQHandler
                0x08001df4                CORDIC_IRQHandler
                0x08001df4                HRTIM1_TIMD_IRQHandler
                0x08001df4                DMA2_Channel8_IRQHandler
                0x08001df4                EXTI3_IRQHandler
                0x08001df4                I2C3_ER_IRQHandler
                0x08001df4                I2C2_EV_IRQHandler
                0x08001df4                FPU_IRQHandler
                0x08001df4                FDCAN1_IT1_IRQHandler
                0x08001df4                TIM1_UP_TIM16_IRQHandler
                0x08001df4                ADC1_2_IRQHandler
                0x08001df4                HRTIM1_TIME_IRQHandler
                0x08001df4                SPI1_IRQHandler
                0x08001df4                TIM6_DAC_IRQHandler
                0x08001df4                HRTIM1_TIMC_IRQHandler
                0x08001df4                TIM8_UP_IRQHandler
                0x08001df4                DMA2_Channel2_IRQHandler
                0x08001df4                DMA1_Channel4_IRQHandler
                0x08001df4                TIM20_TRG_COM_IRQHandler
                0x08001df4                USART3_IRQHandler
                0x08001df4                DMA1_Channel7_IRQHandler
                0x08001df4                UART5_IRQHandler
                0x08001df4                ADC3_IRQHandler
                0x08001df4                TIM4_IRQHandler
                0x08001df4                DMA2_Channel1_IRQHandler
                0x08001df4                QUADSPI_IRQHandler
                0x08001df4                I2C1_EV_IRQHandler
                0x08001df4                DMA1_Channel6_IRQHandler
                0x08001df4                UART4_IRQHandler
                0x08001df4                DMA2_Channel4_IRQHandler
                0x08001df4                TIM3_IRQHandler
                0x08001df4                RCC_IRQHandler
                0x08001df4                TIM20_UP_IRQHandler
                0x08001df4                DMA1_Channel1_IRQHandler
                0x08001df4                Default_Handler
                0x08001df4                DMA2_Channel7_IRQHandler
                0x08001df4                RTC_TAMP_LSECSS_IRQHandler
                0x08001df4                FMAC_IRQHandler
                0x08001df4                EXTI15_10_IRQHandler
                0x08001df4                DMA1_Channel8_IRQHandler
                0x08001df4                HRTIM1_TIMA_IRQHandler
                0x08001df4                TIM7_DAC_IRQHandler
                0x08001df4                FDCAN3_IT1_IRQHandler
                0x08001df4                TIM5_IRQHandler
                0x08001df4                UCPD1_IRQHandler
                0x08001df4                I2C3_EV_IRQHandler
                0x08001df4                EXTI9_5_IRQHandler
                0x08001df4                RTC_WKUP_IRQHandler
                0x08001df4                PVD_PVM_IRQHandler
                0x08001df4                SPI2_IRQHandler
                0x08001df4                ADC5_IRQHandler
                0x08001df4                DMA2_Channel5_IRQHandler
                0x08001df4                CRS_IRQHandler
                0x08001df4                DMA1_Channel5_IRQHandler
                0x08001df4                EXTI4_IRQHandler
                0x08001df4                RNG_IRQHandler
                0x08001df4                HRTIM1_TIMB_IRQHandler
                0x08001df4                TIM1_TRG_COM_TIM17_IRQHandler
                0x08001df4                FDCAN2_IT1_IRQHandler
                0x08001df4                DMA1_Channel3_IRQHandler
                0x08001df4                ADC4_IRQHandler
                0x08001df4                WWDG_IRQHandler
                0x08001df4                I2C4_EV_IRQHandler
                0x08001df4                FDCAN2_IT0_IRQHandler
                0x08001df4                LPUART1_IRQHandler
                0x08001df4                DMA2_Channel6_IRQHandler
                0x08001df4                FDCAN1_IT0_IRQHandler
                0x08001df4                TIM2_IRQHandler
                0x08001df4                COMP7_IRQHandler
                0x08001df4                COMP1_2_3_IRQHandler
                0x08001df4                EXTI1_IRQHandler
                0x08001df4                USART2_IRQHandler
                0x08001df4                COMP4_5_6_IRQHandler
                0x08001df4                TIM20_BRK_IRQHandler
                0x08001df4                I2C2_ER_IRQHandler
                0x08001df4                DMA1_Channel2_IRQHandler
                0x08001df4                TIM8_BRK_IRQHandler
                0x08001df4                FLASH_IRQHandler
                0x08001df4                TIM20_CC_IRQHandler
                0x08001df4                USART1_IRQHandler
                0x08001df4                SPI3_IRQHandler
                0x08001df4                I2C1_ER_IRQHandler
                0x08001df4                FMC_IRQHandler
                0x08001df4                LPTIM1_IRQHandler
                0x08001df4                DMAMUX_OVR_IRQHandler
                0x08001df4                I2C4_ER_IRQHandler
                0x08001df4                USBWakeUp_IRQHandler
                0x08001df4                SAI1_IRQHandler
                0x08001df4                DMA2_Channel3_IRQHandler
                0x08001df4                TIM1_BRK_TIM15_IRQHandler
 *fill*         0x08001df6        0x2 
 .text.MX_USB_Device_Init
                0x08001df8       0x74 ./Application/User/USB_Device/App/usb_device.o
                0x08001df8                MX_USB_Device_Init
 .text.CDC_Control_FS
                0x08001e6c        0x4 ./Application/User/USB_Device/App/usbd_cdc_if.o
 .text.CDC_TransmitCplt_FS
                0x08001e70        0xc ./Application/User/USB_Device/App/usbd_cdc_if.o
 .text.CDC_Receive_FS
                0x08001e7c       0x24 ./Application/User/USB_Device/App/usbd_cdc_if.o
 .text.CDC_DeInit_FS
                0x08001ea0        0xc ./Application/User/USB_Device/App/usbd_cdc_if.o
 .text.CDC_Init_FS
                0x08001eac       0x2c ./Application/User/USB_Device/App/usbd_cdc_if.o
 .text.CDC_Transmit_FS
                0x08001ed8       0x2c ./Application/User/USB_Device/App/usbd_cdc_if.o
                0x08001ed8                CDC_Transmit_FS
 .text.CDC_IsConfigured_FS
                0x08001f04       0x20 ./Application/User/USB_Device/App/usbd_cdc_if.o
                0x08001f04                CDC_IsConfigured_FS
 .text.CDC_AbortTransmit_FS
                0x08001f24       0x1c ./Application/User/USB_Device/App/usbd_cdc_if.o
                0x08001f24                CDC_AbortTransmit_FS
 .text.USBD_CDC_DeviceDescriptor
                0x08001f40        0xc ./Application/User/USB_Device/App/usbd_desc.o
                0x08001f40                USBD_CDC_DeviceDescriptor
 .text.USBD_CDC_LangIDStrDescriptor
                0x08001f4c        0xc ./Application/User/USB_Device/App/usbd_desc.o
                0x08001f4c                USBD_CDC_LangIDStrDescriptor
 .text.USBD_CDC_ManufacturerStrDescriptor
                0x08001f58       0x1c ./Application/User/USB_Device/App/usbd_desc.o
                0x08001f58                USBD_CDC_ManufacturerStrDescriptor
 .text.USBD_CDC_ProductStrDescriptor
                0x08001f74       0x1c ./Application/User/USB_Device/App/usbd_desc.o
                0x08001f74                USBD_CDC_ProductStrDescriptor
 .text.USBD_CDC_ConfigStrDescriptor
                0x08001f90       0x1c ./Application/User/USB_Device/App/usbd_desc.o
                0x08001f90                USBD_CDC_ConfigStrDescriptor
 .text.USBD_CDC_InterfaceStrDescriptor
                0x08001fac       0x1c ./Application/User/USB_Device/App/usbd_desc.o
                0x08001fac                USBD_CDC_InterfaceStrDescriptor
 .text.USBD_CDC_SerialStrDescriptor
                0x08001fc8       0x7c ./Application/User/USB_Device/App/usbd_desc.o
                0x08001fc8                USBD_CDC_SerialStrDescriptor
 .text.HAL_PCD_MspInit
                0x08002044       0x60 ./Application/User/USB_Device/Target/usbd_conf.o
                0x08002044                HAL_PCD_MspInit
 .text.HAL_PCD_SetupStageCallback
                0x080020a4        0xc ./Application/User/USB_Device/Target/usbd_conf.o
                0x080020a4                HAL_PCD_SetupStageCallback
 .text.HAL_PCD_DataOutStageCallback
                0x080020b0       0x14 ./Application/User/USB_Device/Target/usbd_conf.o
                0x080020b0                HAL_PCD_DataOutStageCallback
 .text.HAL_PCD_DataInStageCallback
                0x080020c4       0x14 ./Application/User/USB_Device/Target/usbd_conf.o
                0x080020c4                HAL_PCD_DataInStageCallback
 .text.HAL_PCD_SOFCallback
                0x080020d8        0x8 ./Application/User/USB_Device/Target/usbd_conf.o
                0x080020d8                HAL_PCD_SOFCallback
 .text.HAL_PCD_ResetCallback
                0x080020e0       0x24 ./Application/User/USB_Device/Target/usbd_conf.o
                0x080020e0                HAL_PCD_ResetCallback
 .text.HAL_PCD_SuspendCallback
                0x08002104       0x20 ./Application/User/USB_Device/Target/usbd_conf.o
                0x08002104                HAL_PCD_SuspendCallback
 .text.HAL_PCD_ResumeCallback
                0x08002124       0x34 ./Application/User/USB_Device/Target/usbd_conf.o
                0x08002124                HAL_PCD_ResumeCallback
 .text.USBD_LL_Init
                0x08002158       0x88 ./Application/User/USB_Device/Target/usbd_conf.o
                0x08002158                USBD_LL_Init
 .text.USBD_LL_Start
                0x080021e0       0x18 ./Application/User/USB_Device/Target/usbd_conf.o
                0x080021e0                USBD_LL_Start
 .text.USBD_LL_OpenEP
                0x080021f8       0x1c ./Application/User/USB_Device/Target/usbd_conf.o
                0x080021f8                USBD_LL_OpenEP
 .text.USBD_LL_CloseEP
                0x08002214       0x18 ./Application/User/USB_Device/Target/usbd_conf.o
                0x08002214                USBD_LL_CloseEP
 .text.USBD_LL_FlushEP
                0x0800222c       0x18 ./Application/User/USB_Device/Target/usbd_conf.o
                0x0800222c                USBD_LL_FlushEP
 .text.USBD_LL_StallEP
                0x08002244       0x18 ./Application/User/USB_Device/Target/usbd_conf.o
                0x08002244                USBD_LL_StallEP
 .text.USBD_LL_ClearStallEP
                0x0800225c       0x18 ./Application/User/USB_Device/Target/usbd_conf.o
                0x0800225c                USBD_LL_ClearStallEP
 .text.USBD_LL_IsStallEP
                0x08002274       0x28 ./Application/User/USB_Device/Target/usbd_conf.o
                0x08002274                USBD_LL_IsStallEP
 .text.USBD_LL_SetUSBAddress
                0x0800229c       0x18 ./Application/User/USB_Device/Target/usbd_conf.o
                0x0800229c                USBD_LL_SetUSBAddress
 .text.USBD_LL_Transmit
                0x080022b4       0x18 ./Application/User/USB_Device/Target/usbd_conf.o
                0x080022b4                USBD_LL_Transmit
 .text.USBD_LL_PrepareReceive
                0x080022cc       0x18 ./Application/User/USB_Device/Target/usbd_conf.o
                0x080022cc                USBD_LL_PrepareReceive
 .text.USBD_LL_GetRxDataSize
                0x080022e4        0x8 ./Application/User/USB_Device/Target/usbd_conf.o
                0x080022e4                USBD_LL_GetRxDataSize
 .text.USBD_static_malloc
                0x080022ec        0x8 ./Application/User/USB_Device/Target/usbd_conf.o
                0x080022ec                USBD_static_malloc
 .text.USBD_static_free
                0x080022f4        0x4 ./Application/User/USB_Device/Target/usbd_conf.o
                0x080022f4                USBD_static_free
 .text.SystemInit
                0x080022f8       0x14 ./Drivers/CMSIS/system_stm32g4xx.o
                0x080022f8                SystemInit
 .text.HAL_InitTick
                0x0800230c       0x4c ./Drivers/STM32G4xx_HAL_Driver/stm32g4xx_hal.o
                0x0800230c                HAL_InitTick
 .text.HAL_Init
                0x08002358       0x20 ./Drivers/STM32G4xx_HAL_Driver/stm32g4xx_hal.o
                0x08002358                HAL_Init
 .text.HAL_IncTick
                0x08002378       0x18 ./Drivers/STM32G4xx_HAL_Driver/stm32g4xx_hal.o
                0x08002378                HAL_IncTick
 .text.HAL_GetTick
                0x08002390        0xc ./Drivers/STM32G4xx_HAL_Driver/stm32g4xx_hal.o
                0x08002390                HAL_GetTick
 .text.HAL_Delay
                0x0800239c       0x24 ./Drivers/STM32G4xx_HAL_Driver/stm32g4xx_hal.o
                0x0800239c                HAL_Delay
 .text.HAL_NVIC_SetPriorityGrouping
                0x080023c0       0x24 ./Drivers/STM32G4xx_HAL_Driver/stm32g4xx_hal_cortex.o
                0x080023c0                HAL_NVIC_SetPriorityGrouping
 .text.HAL_NVIC_SetPriority
                0x080023e4       0x78 ./Drivers/STM32G4xx_HAL_Driver/stm32g4xx_hal_cortex.o
                0x080023e4                HAL_NVIC_SetPriority
 .text.HAL_NVIC_EnableIRQ
                0x0800245c       0x1c ./Drivers/STM32G4xx_HAL_Driver/stm32g4xx_hal_cortex.o
                0x0800245c                HAL_NVIC_EnableIRQ
 .text.HAL_NVIC_DisableIRQ
                0x08002478       0x24 ./Drivers/STM32G4xx_HAL_Driver/stm32g4xx_hal_cortex.o
                0x08002478                HAL_NVIC_DisableIRQ
 .text.HAL_SYSTICK_Config
                0x0800249c       0x34 ./Drivers/STM32G4xx_HAL_Driver/stm32g4xx_hal_cortex.o
                0x0800249c                HAL_SYSTICK_Config
 .text.HAL_DAC_Init
                0x080024d0       0x2c ./Drivers/STM32G4xx_HAL_Driver/stm32g4xx_hal_dac.o
                0x080024d0                HAL_DAC_Init
 .text.HAL_DAC_Start
                0x080024fc       0x94 ./Drivers/STM32G4xx_HAL_Driver/stm32g4xx_hal_dac.o
                0x080024fc                HAL_DAC_Start
 .text.HAL_DAC_SetValue
                0x08002590       0x3c ./Drivers/STM32G4xx_HAL_Driver/stm32g4xx_hal_dac.o
                0x08002590                HAL_DAC_SetValue
 .text.HAL_DAC_ConfigChannel
                0x080025cc      0x1f0 ./Drivers/STM32G4xx_HAL_Driver/stm32g4xx_hal_dac.o
                0x080025cc                HAL_DAC_ConfigChannel
 .text.HAL_GPIO_Init
                0x080027bc      0x1fc ./Drivers/STM32G4xx_HAL_Driver/stm32g4xx_hal_gpio.o
                0x080027bc                HAL_GPIO_Init
 .text.HAL_GPIO_WritePin
                0x080029b8        0xc ./Drivers/STM32G4xx_HAL_Driver/stm32g4xx_hal_gpio.o
                0x080029b8                HAL_GPIO_WritePin
 .text.HAL_GPIO_EXTI_IRQHandler
                0x080029c4       0x18 ./Drivers/STM32G4xx_HAL_Driver/stm32g4xx_hal_gpio.o
                0x080029c4                HAL_GPIO_EXTI_IRQHandler
 .text.HAL_PCD_Init
                0x080029dc       0x9c ./Drivers/STM32G4xx_HAL_Driver/stm32g4xx_hal_pcd.o
                0x080029dc                HAL_PCD_Init
 .text.HAL_PCD_Start
                0x08002a78       0x2c ./Drivers/STM32G4xx_HAL_Driver/stm32g4xx_hal_pcd.o
                0x08002a78                HAL_PCD_Start
 .text.HAL_PCD_IRQHandler
                0x08002aa4      0xb9c ./Drivers/STM32G4xx_HAL_Driver/stm32g4xx_hal_pcd.o
                0x08002aa4                HAL_PCD_IRQHandler
 .text.HAL_PCD_SetAddress
                0x08003640       0x28 ./Drivers/STM32G4xx_HAL_Driver/stm32g4xx_hal_pcd.o
                0x08003640                HAL_PCD_SetAddress
 .text.HAL_PCD_EP_Open
                0x08003668       0x78 ./Drivers/STM32G4xx_HAL_Driver/stm32g4xx_hal_pcd.o
                0x08003668                HAL_PCD_EP_Open
 .text.HAL_PCD_EP_Close
                0x080036e0       0x68 ./Drivers/STM32G4xx_HAL_Driver/stm32g4xx_hal_pcd.o
                0x080036e0                HAL_PCD_EP_Close
 .text.HAL_PCD_EP_Receive
                0x08003748       0x34 ./Drivers/STM32G4xx_HAL_Driver/stm32g4xx_hal_pcd.o
                0x08003748                HAL_PCD_EP_Receive
 .text.HAL_PCD_EP_GetRxCount
                0x0800377c       0x14 ./Drivers/STM32G4xx_HAL_Driver/stm32g4xx_hal_pcd.o
                0x0800377c                HAL_PCD_EP_GetRxCount
 .text.HAL_PCD_EP_Transmit
                0x08003790       0x3c ./Drivers/STM32G4xx_HAL_Driver/stm32g4xx_hal_pcd.o
                0x08003790                HAL_PCD_EP_Transmit
 .text.HAL_PCD_EP_SetStall
                0x080037cc       0x74 ./Drivers/STM32G4xx_HAL_Driver/stm32g4xx_hal_pcd.o
                0x080037cc                HAL_PCD_EP_SetStall
 .text.HAL_PCD_EP_ClrStall
                0x08003840       0x78 ./Drivers/STM32G4xx_HAL_Driver/stm32g4xx_hal_pcd.o
                0x08003840                HAL_PCD_EP_ClrStall
 .text.HAL_PCD_EP_Flush
                0x080038b8       0x38 ./Drivers/STM32G4xx_HAL_Driver/stm32g4xx_hal_pcd.o
                0x080038b8                HAL_PCD_EP_Flush
 .text.HAL_PCDEx_PMAConfig
                0x080038f0       0x3c ./Drivers/STM32G4xx_HAL_Driver/stm32g4xx_hal_pcd_ex.o
                0x080038f0                HAL_PCDEx_PMAConfig
 .text.HAL_PCDEx_ActivateLPM
                0x0800392c       0x34 ./Drivers/STM32G4xx_HAL_Driver/stm32g4xx_hal_pcd_ex.o
                0x0800392c                HAL_PCDEx_ActivateLPM
 .text.HAL_PCDEx_LPM_Callback
                0x08003960        0x4 ./Drivers/STM32G4xx_HAL_Driver/stm32g4xx_hal_pcd_ex.o
                0x08003960                HAL_PCDEx_LPM_Callback
 .text.HAL_PWREx_ControlVoltageScaling
                0x08003964       0xe4 ./Drivers/STM32G4xx_HAL_Driver/stm32g4xx_hal_pwr_ex.o
                0x08003964                HAL_PWREx_ControlVoltageScaling
 .text.HAL_PWREx_DisableUCPDDeadBattery
                0x08003a48       0x10 ./Drivers/STM32G4xx_HAL_Driver/stm32g4xx_hal_pwr_ex.o
                0x08003a48                HAL_PWREx_DisableUCPDDeadBattery
 .text.HAL_RCC_OscConfig
                0x08003a58      0x48c ./Drivers/STM32G4xx_HAL_Driver/stm32g4xx_hal_rcc.o
                0x08003a58                HAL_RCC_OscConfig
 .text.HAL_RCC_GetSysClockFreq
                0x08003ee4       0x70 ./Drivers/STM32G4xx_HAL_Driver/stm32g4xx_hal_rcc.o
                0x08003ee4                HAL_RCC_GetSysClockFreq
 .text.HAL_RCC_ClockConfig
                0x08003f54      0x208 ./Drivers/STM32G4xx_HAL_Driver/stm32g4xx_hal_rcc.o
                0x08003f54                HAL_RCC_ClockConfig
 .text.HAL_RCC_GetHCLKFreq
                0x0800415c        0xc ./Drivers/STM32G4xx_HAL_Driver/stm32g4xx_hal_rcc.o
                0x0800415c                HAL_RCC_GetHCLKFreq
 .text.HAL_RCCEx_PeriphCLKConfig
                0x08004168      0x318 ./Drivers/STM32G4xx_HAL_Driver/stm32g4xx_hal_rcc_ex.o
                0x08004168                HAL_RCCEx_PeriphCLKConfig
 .text.USB_EnableGlobalInt
                0x08004480       0x14 ./Drivers/STM32G4xx_HAL_Driver/stm32g4xx_ll_usb.o
                0x08004480                USB_EnableGlobalInt
 .text.USB_DisableGlobalInt
                0x08004494       0x14 ./Drivers/STM32G4xx_HAL_Driver/stm32g4xx_ll_usb.o
                0x08004494                USB_DisableGlobalInt
 .text.USB_DevInit
                0x080044a8       0x28 ./Drivers/STM32G4xx_HAL_Driver/stm32g4xx_ll_usb.o
                0x080044a8                USB_DevInit
 .text.USB_FlushTxFifo
                0x080044d0        0x4 ./Drivers/STM32G4xx_HAL_Driver/stm32g4xx_ll_usb.o
                0x080044d0                USB_FlushTxFifo
 .text.USB_FlushRxFifo
                0x080044d4        0x4 ./Drivers/STM32G4xx_HAL_Driver/stm32g4xx_ll_usb.o
                0x080044d4                USB_FlushRxFifo
 .text.USB_ActivateEndpoint
                0x080044d8      0x430 ./Drivers/STM32G4xx_HAL_Driver/stm32g4xx_ll_usb.o
                0x080044d8                USB_ActivateEndpoint
 .text.USB_DeactivateEndpoint
                0x08004908      0x1cc ./Drivers/STM32G4xx_HAL_Driver/stm32g4xx_ll_usb.o
                0x08004908                USB_DeactivateEndpoint
 .text.USB_EPStartXfer
                0x08004ad4      0x364 ./Drivers/STM32G4xx_HAL_Driver/stm32g4xx_ll_usb.o
                0x08004ad4                USB_EPStartXfer
 .text.USB_EPSetStall
                0x08004e38       0x50 ./Drivers/STM32G4xx_HAL_Driver/stm32g4xx_ll_usb.o
                0x08004e38                USB_EPSetStall
 .text.USB_EPClearStall
                0x08004e88       0x9c ./Drivers/STM32G4xx_HAL_Driver/stm32g4xx_ll_usb.o
                0x08004e88                USB_EPClearStall
 .text.USB_SetDevAddress
                0x08004f24        0xc ./Drivers/STM32G4xx_HAL_Driver/stm32g4xx_ll_usb.o
                0x08004f24                USB_SetDevAddress
 .text.USB_DevConnect
                0x08004f30       0x18 ./Drivers/STM32G4xx_HAL_Driver/stm32g4xx_ll_usb.o
                0x08004f30                USB_DevConnect
 .text.USB_ReadInterrupts
                0x08004f48        0x8 ./Drivers/STM32G4xx_HAL_Driver/stm32g4xx_ll_usb.o
                0x08004f48                USB_ReadInterrupts
 .text.USB_WritePMA
                0x08004f50       0x20 ./Drivers/STM32G4xx_HAL_Driver/stm32g4xx_ll_usb.o
                0x08004f50                USB_WritePMA
 .text.USB_ReadPMA
                0x08004f70       0x54 ./Drivers/STM32G4xx_HAL_Driver/stm32g4xx_ll_usb.o
                0x08004f70                USB_ReadPMA
 .text.USBD_CDC_EP0_RxReady
                0x08004fc4       0x30 ./Middlewares/USB_Device_Library/usbd_cdc.o
 .text.USBD_CDC_GetFSCfgDesc
                0x08004ff4        0xc ./Middlewares/USB_Device_Library/usbd_cdc.o
 .text.USBD_CDC_GetHSCfgDesc
                0x08005000        0xc ./Middlewares/USB_Device_Library/usbd_cdc.o
 .text.USBD_CDC_GetOtherSpeedCfgDesc
                0x0800500c        0xc ./Middlewares/USB_Device_Library/usbd_cdc.o
 .text.USBD_CDC_GetDeviceQualifierDescriptor
                0x08005018        0xc ./Middlewares/USB_Device_Library/usbd_cdc.o
                0x08005018                USBD_CDC_GetDeviceQualifierDescriptor
 .text.USBD_CDC_DataOut
                0x08005024       0x2c ./Middlewares/USB_Device_Library/usbd_cdc.o
 .text.USBD_CDC_DataIn
                0x08005050       0x58 ./Middlewares/USB_Device_Library/usbd_cdc.o
 .text.USBD_CDC_Setup
                0x080050a8       0xe8 ./Middlewares/USB_Device_Library/usbd_cdc.o
 .text.USBD_CDC_DeInit
                0x08005190       0x44 ./Middlewares/USB_Device_Library/usbd_cdc.o
 .text.USBD_CDC_Init
                0x080051d4       0xb0 ./Middlewares/USB_Device_Library/usbd_cdc.o
 .text.USBD_CDC_RegisterInterface
                0x08005284       0x10 ./Middlewares/USB_Device_Library/usbd_cdc.o
                0x08005284                USBD_CDC_RegisterInterface
 .text.USBD_CDC_SetTxBuffer
                0x08005294       0x18 ./Middlewares/USB_Device_Library/usbd_cdc.o
                0x08005294                USBD_CDC_SetTxBuffer
 .text.USBD_CDC_SetRxBuffer
                0x080052ac       0x14 ./Middlewares/USB_Device_Library/usbd_cdc.o
                0x080052ac                USBD_CDC_SetRxBuffer
 .text.USBD_CDC_TransmitPacket
                0x080052c0       0x30 ./Middlewares/USB_Device_Library/usbd_cdc.o
                0x080052c0                USBD_CDC_TransmitPacket
 .text.USBD_CDC_ReceivePacket
                0x080052f0       0x30 ./Middlewares/USB_Device_Library/usbd_cdc.o
                0x080052f0                USBD_CDC_ReceivePacket
 .text.USBD_Init
                0x08005320       0x28 ./Middlewares/USB_Device_Library/usbd_core.o
                0x08005320                USBD_Init
 .text.USBD_RegisterClass
                0x08005348       0x2c ./Middlewares/USB_Device_Library/usbd_core.o
                0x08005348                USBD_RegisterClass
 .text.USBD_Start
                0x08005374        0x4 ./Middlewares/USB_Device_Library/usbd_core.o
                0x08005374                USBD_Start
 .text.USBD_SetClassConfig
                0x08005378       0x10 ./Middlewares/USB_Device_Library/usbd_core.o
                0x08005378                USBD_SetClassConfig
 .text.USBD_ClrClassConfig
                0x08005388       0x10 ./Middlewares/USB_Device_Library/usbd_core.o
                0x08005388                USBD_ClrClassConfig
 .text.USBD_LL_SetupStage
                0x08005398       0x60 ./Middlewares/USB_Device_Library/usbd_core.o
                0x08005398                USBD_LL_SetupStage
 .text.USBD_LL_DataOutStage
                0x080053f8       0x68 ./Middlewares/USB_Device_Library/usbd_core.o
                0x080053f8                USBD_LL_DataOutStage
 .text.USBD_LL_DataInStage
                0x08005460       0xac ./Middlewares/USB_Device_Library/usbd_core.o
                0x08005460                USBD_LL_DataInStage
 .text.USBD_LL_Reset
                0x0800550c       0x58 ./Middlewares/USB_Device_Library/usbd_core.o
                0x0800550c                USBD_LL_Reset
 .text.USBD_LL_SetSpeed
                0x08005564        0x8 ./Middlewares/USB_Device_Library/usbd_core.o
                0x08005564                USBD_LL_SetSpeed
 .text.USBD_LL_Suspend
                0x0800556c       0x18 ./Middlewares/USB_Device_Library/usbd_core.o
                0x0800556c                USBD_LL_Suspend
 .text.USBD_LL_Resume
                0x08005584       0x18 ./Middlewares/USB_Device_Library/usbd_core.o
                0x08005584                USBD_LL_Resume
 .text.USBD_LL_SOF
                0x0800559c       0x24 ./Middlewares/USB_Device_Library/usbd_core.o
                0x0800559c                USBD_LL_SOF
 .text.USBD_StdDevReq
                0x080055c0      0x334 ./Middlewares/USB_Device_Library/usbd_ctlreq.o
                0x080055c0                USBD_StdDevReq
 .text.USBD_StdItfReq
                0x080058f4       0x68 ./Middlewares/USB_Device_Library/usbd_ctlreq.o
                0x080058f4                USBD_StdItfReq
 .text.USBD_StdEPReq
                0x0800595c      0x134 ./Middlewares/USB_Device_Library/usbd_ctlreq.o
                0x0800595c                USBD_StdEPReq
 .text.USBD_ParseSetupRequest
                0x08005a90       0x18 ./Middlewares/USB_Device_Library/usbd_ctlreq.o
                0x08005a90                USBD_ParseSetupRequest
 .text.USBD_CtlError
                0x08005aa8       0x18 ./Middlewares/USB_Device_Library/usbd_ctlreq.o
                0x08005aa8                USBD_CtlError
 .text.USBD_GetString
                0x08005ac0       0x50 ./Middlewares/USB_Device_Library/usbd_ctlreq.o
                0x08005ac0                USBD_GetString
 .text.USBD_CtlSendData
                0x08005b10       0x1c ./Middlewares/USB_Device_Library/usbd_ioreq.o
                0x08005b10                USBD_CtlSendData
 .text.USBD_CtlContinueSendData
                0x08005b2c       0x10 ./Middlewares/USB_Device_Library/usbd_ioreq.o
                0x08005b2c                USBD_CtlContinueSendData
 .text.USBD_CtlPrepareRx
                0x08005b3c       0x1c ./Middlewares/USB_Device_Library/usbd_ioreq.o
                0x08005b3c                USBD_CtlPrepareRx
 .text.USBD_CtlContinueRx
                0x08005b58       0x10 ./Middlewares/USB_Device_Library/usbd_ioreq.o
                0x08005b58                USBD_CtlContinueRx
 .text.USBD_CtlSendStatus
                0x08005b68       0x18 ./Middlewares/USB_Device_Library/usbd_ioreq.o
                0x08005b68                USBD_CtlSendStatus
 .text.USBD_CtlReceiveStatus
                0x08005b80       0x18 ./Middlewares/USB_Device_Library/usbd_ioreq.o
                0x08005b80                USBD_CtlReceiveStatus
 .text._strtoul_l.constprop.0
                0x08005b98       0xdc D:/STM32/CubeIDE/STM32CubeIDE_1.16.0/STM32CubeIDE/plugins/com.st.stm32cube.ide.mcu.externaltools.gnu-tools-for-stm32.12.3.rel1.win32_1.0.200.202406191623/tools/bin/../lib/gcc/arm-none-eabi/12.3.1/../../../../arm-none-eabi/lib/thumb/v7e-m+fp/hard\libc_nano.a(libc_a-strtoul.o)
 .text.strtoul  0x08005c74       0x14 D:/STM32/CubeIDE/STM32CubeIDE_1.16.0/STM32CubeIDE/plugins/com.st.stm32cube.ide.mcu.externaltools.gnu-tools-for-stm32.12.3.rel1.win32_1.0.200.202406191623/tools/bin/../lib/gcc/arm-none-eabi/12.3.1/../../../../arm-none-eabi/lib/thumb/v7e-m+fp/hard\libc_nano.a(libc_a-strtoul.o)
                0x08005c74                strtoul
 .text.std      0x08005c88       0x6c D:/STM32/CubeIDE/STM32CubeIDE_1.16.0/STM32CubeIDE/plugins/com.st.stm32cube.ide.mcu.externaltools.gnu-tools-for-stm32.12.3.rel1.win32_1.0.200.202406191623/tools/bin/../lib/gcc/arm-none-eabi/12.3.1/../../../../arm-none-eabi/lib/thumb/v7e-m+fp/hard\libc_nano.a(libc_a-findfp.o)
 .text.stdio_exit_handler
                0x08005cf4       0x18 D:/STM32/CubeIDE/STM32CubeIDE_1.16.0/STM32CubeIDE/plugins/com.st.stm32cube.ide.mcu.externaltools.gnu-tools-for-stm32.12.3.rel1.win32_1.0.200.202406191623/tools/bin/../lib/gcc/arm-none-eabi/12.3.1/../../../../arm-none-eabi/lib/thumb/v7e-m+fp/hard\libc_nano.a(libc_a-findfp.o)
 .text.cleanup_stdio
                0x08005d0c       0x40 D:/STM32/CubeIDE/STM32CubeIDE_1.16.0/STM32CubeIDE/plugins/com.st.stm32cube.ide.mcu.externaltools.gnu-tools-for-stm32.12.3.rel1.win32_1.0.200.202406191623/tools/bin/../lib/gcc/arm-none-eabi/12.3.1/../../../../arm-none-eabi/lib/thumb/v7e-m+fp/hard\libc_nano.a(libc_a-findfp.o)
 .text.global_stdio_init.part.0
                0x08005d4c       0x3c D:/STM32/CubeIDE/STM32CubeIDE_1.16.0/STM32CubeIDE/plugins/com.st.stm32cube.ide.mcu.externaltools.gnu-tools-for-stm32.12.3.rel1.win32_1.0.200.202406191623/tools/bin/../lib/gcc/arm-none-eabi/12.3.1/../../../../arm-none-eabi/lib/thumb/v7e-m+fp/hard\libc_nano.a(libc_a-findfp.o)
 .text.__sfp_lock_acquire
                0x08005d88        0xc D:/STM32/CubeIDE/STM32CubeIDE_1.16.0/STM32CubeIDE/plugins/com.st.stm32cube.ide.mcu.externaltools.gnu-tools-for-stm32.12.3.rel1.win32_1.0.200.202406191623/tools/bin/../lib/gcc/arm-none-eabi/12.3.1/../../../../arm-none-eabi/lib/thumb/v7e-m+fp/hard\libc_nano.a(libc_a-findfp.o)
                0x08005d88                __sfp_lock_acquire
 .text.__sfp_lock_release
                0x08005d94        0xc D:/STM32/CubeIDE/STM32CubeIDE_1.16.0/STM32CubeIDE/plugins/com.st.stm32cube.ide.mcu.externaltools.gnu-tools-for-stm32.12.3.rel1.win32_1.0.200.202406191623/tools/bin/../lib/gcc/arm-none-eabi/12.3.1/../../../../arm-none-eabi/lib/thumb/v7e-m+fp/hard\libc_nano.a(libc_a-findfp.o)
                0x08005d94                __sfp_lock_release
 .text.__sinit  0x08005da0       0x30 D:/STM32/CubeIDE/STM32CubeIDE_1.16.0/STM32CubeIDE/plugins/com.st.stm32cube.ide.mcu.externaltools.gnu-tools-for-stm32.12.3.rel1.win32_1.0.200.202406191623/tools/bin/../lib/gcc/arm-none-eabi/12.3.1/../../../../arm-none-eabi/lib/thumb/v7e-m+fp/hard\libc_nano.a(libc_a-findfp.o)
                0x08005da0                __sinit
 .text._fwalk_sglue
                0x08005dd0       0x3c D:/STM32/CubeIDE/STM32CubeIDE_1.16.0/STM32CubeIDE/plugins/com.st.stm32cube.ide.mcu.externaltools.gnu-tools-for-stm32.12.3.rel1.win32_1.0.200.202406191623/tools/bin/../lib/gcc/arm-none-eabi/12.3.1/../../../../arm-none-eabi/lib/thumb/v7e-m+fp/hard\libc_nano.a(libc_a-fwalk.o)
                0x08005dd0                _fwalk_sglue
 .text.snprintf
                0x08005e0c       0x68 D:/STM32/CubeIDE/STM32CubeIDE_1.16.0/STM32CubeIDE/plugins/com.st.stm32cube.ide.mcu.externaltools.gnu-tools-for-stm32.12.3.rel1.win32_1.0.200.202406191623/tools/bin/../lib/gcc/arm-none-eabi/12.3.1/../../../../arm-none-eabi/lib/thumb/v7e-m+fp/hard\libc_nano.a(libc_a-snprintf.o)
                0x08005e0c                sniprintf
                0x08005e0c                snprintf
 .text.__sread  0x08005e74       0x22 D:/STM32/CubeIDE/STM32CubeIDE_1.16.0/STM32CubeIDE/plugins/com.st.stm32cube.ide.mcu.externaltools.gnu-tools-for-stm32.12.3.rel1.win32_1.0.200.202406191623/tools/bin/../lib/gcc/arm-none-eabi/12.3.1/../../../../arm-none-eabi/lib/thumb/v7e-m+fp/hard\libc_nano.a(libc_a-stdio.o)
                0x08005e74                __sread
 .text.__swrite
                0x08005e96       0x38 D:/STM32/CubeIDE/STM32CubeIDE_1.16.0/STM32CubeIDE/plugins/com.st.stm32cube.ide.mcu.externaltools.gnu-tools-for-stm32.12.3.rel1.win32_1.0.200.202406191623/tools/bin/../lib/gcc/arm-none-eabi/12.3.1/../../../../arm-none-eabi/lib/thumb/v7e-m+fp/hard\libc_nano.a(libc_a-stdio.o)
                0x08005e96                __swrite
 .text.__sseek  0x08005ece       0x24 D:/STM32/CubeIDE/STM32CubeIDE_1.16.0/STM32CubeIDE/plugins/com.st.stm32cube.ide.mcu.externaltools.gnu-tools-for-stm32.12.3.rel1.win32_1.0.200.202406191623/tools/bin/../lib/gcc/arm-none-eabi/12.3.1/../../../../arm-none-eabi/lib/thumb/v7e-m+fp/hard\libc_nano.a(libc_a-stdio.o)
                0x08005ece                __sseek
 .text.__sclose
                0x08005ef2        0x8 D:/STM32/CubeIDE/STM32CubeIDE_1.16.0/STM32CubeIDE/plugins/com.st.stm32cube.ide.mcu.externaltools.gnu-tools-for-stm32.12.3.rel1.win32_1.0.200.202406191623/tools/bin/../lib/gcc/arm-none-eabi/12.3.1/../../../../arm-none-eabi/lib/thumb/v7e-m+fp/hard\libc_nano.a(libc_a-stdio.o)
                0x08005ef2                __sclose
 .text.memset   0x08005efa       0x10 D:/STM32/CubeIDE/STM32CubeIDE_1.16.0/STM32CubeIDE/plugins/com.st.stm32cube.ide.mcu.externaltools.gnu-tools-for-stm32.12.3.rel1.win32_1.0.200.202406191623/tools/bin/../lib/gcc/arm-none-eabi/12.3.1/../../../../arm-none-eabi/lib/thumb/v7e-m+fp/hard\libc_nano.a(libc_a-memset.o)
                0x08005efa                memset
 *fill*         0x08005f0a        0x2 
 .text.strtok   0x08005f0c       0x68 D:/STM32/CubeIDE/STM32CubeIDE_1.16.0/STM32CubeIDE/plugins/com.st.stm32cube.ide.mcu.externaltools.gnu-tools-for-stm32.12.3.rel1.win32_1.0.200.202406191623/tools/bin/../lib/gcc/arm-none-eabi/12.3.1/../../../../arm-none-eabi/lib/thumb/v7e-m+fp/hard\libc_nano.a(libc_a-strtok.o)
                0x08005f0c                strtok
 .text.__strtok_r
                0x08005f74       0x50 D:/STM32/CubeIDE/STM32CubeIDE_1.16.0/STM32CubeIDE/plugins/com.st.stm32cube.ide.mcu.externaltools.gnu-tools-for-stm32.12.3.rel1.win32_1.0.200.202406191623/tools/bin/../lib/gcc/arm-none-eabi/12.3.1/../../../../arm-none-eabi/lib/thumb/v7e-m+fp/hard\libc_nano.a(libc_a-strtok_r.o)
                0x08005f74                __strtok_r
 .text._close_r
                0x08005fc4       0x20 D:/STM32/CubeIDE/STM32CubeIDE_1.16.0/STM32CubeIDE/plugins/com.st.stm32cube.ide.mcu.externaltools.gnu-tools-for-stm32.12.3.rel1.win32_1.0.200.202406191623/tools/bin/../lib/gcc/arm-none-eabi/12.3.1/../../../../arm-none-eabi/lib/thumb/v7e-m+fp/hard\libc_nano.a(libc_a-closer.o)
                0x08005fc4                _close_r
 .text._lseek_r
                0x08005fe4       0x24 D:/STM32/CubeIDE/STM32CubeIDE_1.16.0/STM32CubeIDE/plugins/com.st.stm32cube.ide.mcu.externaltools.gnu-tools-for-stm32.12.3.rel1.win32_1.0.200.202406191623/tools/bin/../lib/gcc/arm-none-eabi/12.3.1/../../../../arm-none-eabi/lib/thumb/v7e-m+fp/hard\libc_nano.a(libc_a-lseekr.o)
                0x08005fe4                _lseek_r
 .text._read_r  0x08006008       0x24 D:/STM32/CubeIDE/STM32CubeIDE_1.16.0/STM32CubeIDE/plugins/com.st.stm32cube.ide.mcu.externaltools.gnu-tools-for-stm32.12.3.rel1.win32_1.0.200.202406191623/tools/bin/../lib/gcc/arm-none-eabi/12.3.1/../../../../arm-none-eabi/lib/thumb/v7e-m+fp/hard\libc_nano.a(libc_a-readr.o)
                0x08006008                _read_r
 .text._write_r
                0x0800602c       0x24 D:/STM32/CubeIDE/STM32CubeIDE_1.16.0/STM32CubeIDE/plugins/com.st.stm32cube.ide.mcu.externaltools.gnu-tools-for-stm32.12.3.rel1.win32_1.0.200.202406191623/tools/bin/../lib/gcc/arm-none-eabi/12.3.1/../../../../arm-none-eabi/lib/thumb/v7e-m+fp/hard\libc_nano.a(libc_a-writer.o)
                0x0800602c                _write_r
 .text.__errno  0x08006050        0xc D:/STM32/CubeIDE/STM32CubeIDE_1.16.0/STM32CubeIDE/plugins/com.st.stm32cube.ide.mcu.externaltools.gnu-tools-for-stm32.12.3.rel1.win32_1.0.200.202406191623/tools/bin/../lib/gcc/arm-none-eabi/12.3.1/../../../../arm-none-eabi/lib/thumb/v7e-m+fp/hard\libc_nano.a(libc_a-errno.o)
                0x08006050                __errno
 .text.__libc_init_array
                0x0800605c       0x48 D:/STM32/CubeIDE/STM32CubeIDE_1.16.0/STM32CubeIDE/plugins/com.st.stm32cube.ide.mcu.externaltools.gnu-tools-for-stm32.12.3.rel1.win32_1.0.200.202406191623/tools/bin/../lib/gcc/arm-none-eabi/12.3.1/../../../../arm-none-eabi/lib/thumb/v7e-m+fp/hard\libc_nano.a(libc_a-init.o)
                0x0800605c                __libc_init_array
 .text.__retarget_lock_init_recursive
                0x080060a4        0x2 D:/STM32/CubeIDE/STM32CubeIDE_1.16.0/STM32CubeIDE/plugins/com.st.stm32cube.ide.mcu.externaltools.gnu-tools-for-stm32.12.3.rel1.win32_1.0.200.202406191623/tools/bin/../lib/gcc/arm-none-eabi/12.3.1/../../../../arm-none-eabi/lib/thumb/v7e-m+fp/hard\libc_nano.a(libc_a-lock.o)
                0x080060a4                __retarget_lock_init_recursive
 .text.__retarget_lock_acquire_recursive
                0x080060a6        0x2 D:/STM32/CubeIDE/STM32CubeIDE_1.16.0/STM32CubeIDE/plugins/com.st.stm32cube.ide.mcu.externaltools.gnu-tools-for-stm32.12.3.rel1.win32_1.0.200.202406191623/tools/bin/../lib/gcc/arm-none-eabi/12.3.1/../../../../arm-none-eabi/lib/thumb/v7e-m+fp/hard\libc_nano.a(libc_a-lock.o)
                0x080060a6                __retarget_lock_acquire_recursive
 .text.__retarget_lock_release_recursive
                0x080060a8        0x2 D:/STM32/CubeIDE/STM32CubeIDE_1.16.0/STM32CubeIDE/plugins/com.st.stm32cube.ide.mcu.externaltools.gnu-tools-for-stm32.12.3.rel1.win32_1.0.200.202406191623/tools/bin/../lib/gcc/arm-none-eabi/12.3.1/../../../../arm-none-eabi/lib/thumb/v7e-m+fp/hard\libc_nano.a(libc_a-lock.o)
                0x080060a8                __retarget_lock_release_recursive
 .text.memcpy   0x080060aa       0x1c D:/STM32/CubeIDE/STM32CubeIDE_1.16.0/STM32CubeIDE/plugins/com.st.stm32cube.ide.mcu.externaltools.gnu-tools-for-stm32.12.3.rel1.win32_1.0.200.202406191623/tools/bin/../lib/gcc/arm-none-eabi/12.3.1/../../../../arm-none-eabi/lib/thumb/v7e-m+fp/hard\libc_nano.a(libc_a-memcpy-stub.o)
                0x080060aa                memcpy
 *fill*         0x080060c6        0x2 
 .text.__assert_func
                0x080060c8       0x3c D:/STM32/CubeIDE/STM32CubeIDE_1.16.0/STM32CubeIDE/plugins/com.st.stm32cube.ide.mcu.externaltools.gnu-tools-for-stm32.12.3.rel1.win32_1.0.200.202406191623/tools/bin/../lib/gcc/arm-none-eabi/12.3.1/../../../../arm-none-eabi/lib/thumb/v7e-m+fp/hard\libc_nano.a(libc_a-assert.o)
                0x080060c8                __assert_func
 .text._free_r  0x08006104       0x94 D:/STM32/CubeIDE/STM32CubeIDE_1.16.0/STM32CubeIDE/plugins/com.st.stm32cube.ide.mcu.externaltools.gnu-tools-for-stm32.12.3.rel1.win32_1.0.200.202406191623/tools/bin/../lib/gcc/arm-none-eabi/12.3.1/../../../../arm-none-eabi/lib/thumb/v7e-m+fp/hard\libc_nano.a(libc_a-freer.o)
                0x08006104                _free_r
 .text.malloc   0x08006198       0x10 D:/STM32/CubeIDE/STM32CubeIDE_1.16.0/STM32CubeIDE/plugins/com.st.stm32cube.ide.mcu.externaltools.gnu-tools-for-stm32.12.3.rel1.win32_1.0.200.202406191623/tools/bin/../lib/gcc/arm-none-eabi/12.3.1/../../../../arm-none-eabi/lib/thumb/v7e-m+fp/hard\libc_nano.a(libc_a-malloc.o)
                0x08006198                malloc
 .text.sbrk_aligned
                0x080061a8       0x44 D:/STM32/CubeIDE/STM32CubeIDE_1.16.0/STM32CubeIDE/plugins/com.st.stm32cube.ide.mcu.externaltools.gnu-tools-for-stm32.12.3.rel1.win32_1.0.200.202406191623/tools/bin/../lib/gcc/arm-none-eabi/12.3.1/../../../../arm-none-eabi/lib/thumb/v7e-m+fp/hard\libc_nano.a(libc_a-mallocr.o)
 .text._malloc_r
                0x080061ec      0x100 D:/STM32/CubeIDE/STM32CubeIDE_1.16.0/STM32CubeIDE/plugins/com.st.stm32cube.ide.mcu.externaltools.gnu-tools-for-stm32.12.3.rel1.win32_1.0.200.202406191623/tools/bin/../lib/gcc/arm-none-eabi/12.3.1/../../../../arm-none-eabi/lib/thumb/v7e-m+fp/hard\libc_nano.a(libc_a-mallocr.o)
                0x080061ec                _malloc_r
 .text.__malloc_lock
                0x080062ec        0xc D:/STM32/CubeIDE/STM32CubeIDE_1.16.0/STM32CubeIDE/plugins/com.st.stm32cube.ide.mcu.externaltools.gnu-tools-for-stm32.12.3.rel1.win32_1.0.200.202406191623/tools/bin/../lib/gcc/arm-none-eabi/12.3.1/../../../../arm-none-eabi/lib/thumb/v7e-m+fp/hard\libc_nano.a(libc_a-mlock.o)
                0x080062ec                __malloc_lock
 .text.__malloc_unlock
                0x080062f8        0xc D:/STM32/CubeIDE/STM32CubeIDE_1.16.0/STM32CubeIDE/plugins/com.st.stm32cube.ide.mcu.externaltools.gnu-tools-for-stm32.12.3.rel1.win32_1.0.200.202406191623/tools/bin/../lib/gcc/arm-none-eabi/12.3.1/../../../../arm-none-eabi/lib/thumb/v7e-m+fp/hard\libc_nano.a(libc_a-mlock.o)
                0x080062f8                __malloc_unlock
 .text.__ssputs_r
                0x08006304       0xb6 D:/STM32/CubeIDE/STM32CubeIDE_1.16.0/STM32CubeIDE/plugins/com.st.stm32cube.ide.mcu.externaltools.gnu-tools-for-stm32.12.3.rel1.win32_1.0.200.202406191623/tools/bin/../lib/gcc/arm-none-eabi/12.3.1/../../../../arm-none-eabi/lib/thumb/v7e-m+fp/hard\libc_nano.a(libc_a-nano-svfprintf.o)
                0x08006304                __ssputs_r
 *fill*         0x080063ba        0x2 
 .text._svfprintf_r
                0x080063bc      0x1f8 D:/STM32/CubeIDE/STM32CubeIDE_1.16.0/STM32CubeIDE/plugins/com.st.stm32cube.ide.mcu.externaltools.gnu-tools-for-stm32.12.3.rel1.win32_1.0.200.202406191623/tools/bin/../lib/gcc/arm-none-eabi/12.3.1/../../../../arm-none-eabi/lib/thumb/v7e-m+fp/hard\libc_nano.a(libc_a-nano-svfprintf.o)
                0x080063bc                _svfiprintf_r
                0x080063bc                _svfprintf_r
 .text._printf_common
                0x080065b4       0xda D:/STM32/CubeIDE/STM32CubeIDE_1.16.0/STM32CubeIDE/plugins/com.st.stm32cube.ide.mcu.externaltools.gnu-tools-for-stm32.12.3.rel1.win32_1.0.200.202406191623/tools/bin/../lib/gcc/arm-none-eabi/12.3.1/../../../../arm-none-eabi/lib/thumb/v7e-m+fp/hard\libc_nano.a(libc_a-nano-vfprintf_i.o)
                0x080065b4                _printf_common
 *fill*         0x0800668e        0x2 
 .text._printf_i
                0x08006690      0x240 D:/STM32/CubeIDE/STM32CubeIDE_1.16.0/STM32CubeIDE/plugins/com.st.stm32cube.ide.mcu.externaltools.gnu-tools-for-stm32.12.3.rel1.win32_1.0.200.202406191623/tools/bin/../lib/gcc/arm-none-eabi/12.3.1/../../../../arm-none-eabi/lib/thumb/v7e-m+fp/hard\libc_nano.a(libc_a-nano-vfprintf_i.o)
                0x08006690                _printf_i
 .text.__sflush_r
                0x080068d0      0x108 D:/STM32/CubeIDE/STM32CubeIDE_1.16.0/STM32CubeIDE/plugins/com.st.stm32cube.ide.mcu.externaltools.gnu-tools-for-stm32.12.3.rel1.win32_1.0.200.202406191623/tools/bin/../lib/gcc/arm-none-eabi/12.3.1/../../../../arm-none-eabi/lib/thumb/v7e-m+fp/hard\libc_nano.a(libc_a-fflush.o)
                0x080068d0                __sflush_r
 .text._fflush_r
                0x080069d8       0x50 D:/STM32/CubeIDE/STM32CubeIDE_1.16.0/STM32CubeIDE/plugins/com.st.stm32cube.ide.mcu.externaltools.gnu-tools-for-stm32.12.3.rel1.win32_1.0.200.202406191623/tools/bin/../lib/gcc/arm-none-eabi/12.3.1/../../../../arm-none-eabi/lib/thumb/v7e-m+fp/hard\libc_nano.a(libc_a-fflush.o)
                0x080069d8                _fflush_r
 .text.fprintf  0x08006a28       0x24 D:/STM32/CubeIDE/STM32CubeIDE_1.16.0/STM32CubeIDE/plugins/com.st.stm32cube.ide.mcu.externaltools.gnu-tools-for-stm32.12.3.rel1.win32_1.0.200.202406191623/tools/bin/../lib/gcc/arm-none-eabi/12.3.1/../../../../arm-none-eabi/lib/thumb/v7e-m+fp/hard\libc_nano.a(libc_a-fprintf.o)
                0x08006a28                fiprintf
                0x08006a28                fprintf
 .text.memmove  0x08006a4c       0x34 D:/STM32/CubeIDE/STM32CubeIDE_1.16.0/STM32CubeIDE/plugins/com.st.stm32cube.ide.mcu.externaltools.gnu-tools-for-stm32.12.3.rel1.win32_1.0.200.202406191623/tools/bin/../lib/gcc/arm-none-eabi/12.3.1/../../../../arm-none-eabi/lib/thumb/v7e-m+fp/hard\libc_nano.a(libc_a-memmove.o)
                0x08006a4c                memmove
 .text._sbrk_r  0x08006a80       0x20 D:/STM32/CubeIDE/STM32CubeIDE_1.16.0/STM32CubeIDE/plugins/com.st.stm32cube.ide.mcu.externaltools.gnu-tools-for-stm32.12.3.rel1.win32_1.0.200.202406191623/tools/bin/../lib/gcc/arm-none-eabi/12.3.1/../../../../arm-none-eabi/lib/thumb/v7e-m+fp/hard\libc_nano.a(libc_a-sbrkr.o)
                0x08006a80                _sbrk_r
 .text.abort    0x08006aa0        0xe D:/STM32/CubeIDE/STM32CubeIDE_1.16.0/STM32CubeIDE/plugins/com.st.stm32cube.ide.mcu.externaltools.gnu-tools-for-stm32.12.3.rel1.win32_1.0.200.202406191623/tools/bin/../lib/gcc/arm-none-eabi/12.3.1/../../../../arm-none-eabi/lib/thumb/v7e-m+fp/hard\libc_nano.a(libc_a-abort.o)
                0x08006aa0                abort
 .text._realloc_r
                0x08006aae       0x5c D:/STM32/CubeIDE/STM32CubeIDE_1.16.0/STM32CubeIDE/plugins/com.st.stm32cube.ide.mcu.externaltools.gnu-tools-for-stm32.12.3.rel1.win32_1.0.200.202406191623/tools/bin/../lib/gcc/arm-none-eabi/12.3.1/../../../../arm-none-eabi/lib/thumb/v7e-m+fp/hard\libc_nano.a(libc_a-reallocr.o)
                0x08006aae                _realloc_r
 .text.__sfputc_r
                0x08006b0a       0x2e D:/STM32/CubeIDE/STM32CubeIDE_1.16.0/STM32CubeIDE/plugins/com.st.stm32cube.ide.mcu.externaltools.gnu-tools-for-stm32.12.3.rel1.win32_1.0.200.202406191623/tools/bin/../lib/gcc/arm-none-eabi/12.3.1/../../../../arm-none-eabi/lib/thumb/v7e-m+fp/hard\libc_nano.a(libc_a-nano-vfprintf.o)
 .text.__sfputs_r
                0x08006b38       0x24 D:/STM32/CubeIDE/STM32CubeIDE_1.16.0/STM32CubeIDE/plugins/com.st.stm32cube.ide.mcu.externaltools.gnu-tools-for-stm32.12.3.rel1.win32_1.0.200.202406191623/tools/bin/../lib/gcc/arm-none-eabi/12.3.1/../../../../arm-none-eabi/lib/thumb/v7e-m+fp/hard\libc_nano.a(libc_a-nano-vfprintf.o)
                0x08006b38                __sfputs_r
 .text._vfprintf_r
                0x08006b5c      0x230 D:/STM32/CubeIDE/STM32CubeIDE_1.16.0/STM32CubeIDE/plugins/com.st.stm32cube.ide.mcu.externaltools.gnu-tools-for-stm32.12.3.rel1.win32_1.0.200.202406191623/tools/bin/../lib/gcc/arm-none-eabi/12.3.1/../../../../arm-none-eabi/lib/thumb/v7e-m+fp/hard\libc_nano.a(libc_a-nano-vfprintf.o)
                0x08006b5c                _vfprintf_r
                0x08006b5c                _vfiprintf_r
 .text.__swbuf_r
                0x08006d8c       0x7c D:/STM32/CubeIDE/STM32CubeIDE_1.16.0/STM32CubeIDE/plugins/com.st.stm32cube.ide.mcu.externaltools.gnu-tools-for-stm32.12.3.rel1.win32_1.0.200.202406191623/tools/bin/../lib/gcc/arm-none-eabi/12.3.1/../../../../arm-none-eabi/lib/thumb/v7e-m+fp/hard\libc_nano.a(libc_a-wbuf.o)
                0x08006d8c                __swbuf_r
 .text.__swsetup_r
                0x08006e08       0xac D:/STM32/CubeIDE/STM32CubeIDE_1.16.0/STM32CubeIDE/plugins/com.st.stm32cube.ide.mcu.externaltools.gnu-tools-for-stm32.12.3.rel1.win32_1.0.200.202406191623/tools/bin/../lib/gcc/arm-none-eabi/12.3.1/../../../../arm-none-eabi/lib/thumb/v7e-m+fp/hard\libc_nano.a(libc_a-wsetup.o)
                0x08006e08                __swsetup_r
 .text._raise_r
                0x08006eb4       0x50 D:/STM32/CubeIDE/STM32CubeIDE_1.16.0/STM32CubeIDE/plugins/com.st.stm32cube.ide.mcu.externaltools.gnu-tools-for-stm32.12.3.rel1.win32_1.0.200.202406191623/tools/bin/../lib/gcc/arm-none-eabi/12.3.1/../../../../arm-none-eabi/lib/thumb/v7e-m+fp/hard\libc_nano.a(libc_a-signal.o)
                0x08006eb4                _raise_r
 .text.raise    0x08006f04       0x10 D:/STM32/CubeIDE/STM32CubeIDE_1.16.0/STM32CubeIDE/plugins/com.st.stm32cube.ide.mcu.externaltools.gnu-tools-for-stm32.12.3.rel1.win32_1.0.200.202406191623/tools/bin/../lib/gcc/arm-none-eabi/12.3.1/../../../../arm-none-eabi/lib/thumb/v7e-m+fp/hard\libc_nano.a(libc_a-signal.o)
                0x08006f04                raise
 .text._kill_r  0x08006f14       0x24 D:/STM32/CubeIDE/STM32CubeIDE_1.16.0/STM32CubeIDE/plugins/com.st.stm32cube.ide.mcu.externaltools.gnu-tools-for-stm32.12.3.rel1.win32_1.0.200.202406191623/tools/bin/../lib/gcc/arm-none-eabi/12.3.1/../../../../arm-none-eabi/lib/thumb/v7e-m+fp/hard\libc_nano.a(libc_a-signalr.o)
                0x08006f14                _kill_r
 .text._getpid_r
                0x08006f38        0x4 D:/STM32/CubeIDE/STM32CubeIDE_1.16.0/STM32CubeIDE/plugins/com.st.stm32cube.ide.mcu.externaltools.gnu-tools-for-stm32.12.3.rel1.win32_1.0.200.202406191623/tools/bin/../lib/gcc/arm-none-eabi/12.3.1/../../../../arm-none-eabi/lib/thumb/v7e-m+fp/hard\libc_nano.a(libc_a-signalr.o)
                0x08006f38                _getpid_r
 .text._malloc_usable_size_r
                0x08006f3c       0x10 D:/STM32/CubeIDE/STM32CubeIDE_1.16.0/STM32CubeIDE/plugins/com.st.stm32cube.ide.mcu.externaltools.gnu-tools-for-stm32.12.3.rel1.win32_1.0.200.202406191623/tools/bin/../lib/gcc/arm-none-eabi/12.3.1/../../../../arm-none-eabi/lib/thumb/v7e-m+fp/hard\libc_nano.a(libc_a-msizer.o)
                0x08006f3c                _malloc_usable_size_r
 .text.__swhatbuf_r
                0x08006f4c       0x4c D:/STM32/CubeIDE/STM32CubeIDE_1.16.0/STM32CubeIDE/plugins/com.st.stm32cube.ide.mcu.externaltools.gnu-tools-for-stm32.12.3.rel1.win32_1.0.200.202406191623/tools/bin/../lib/gcc/arm-none-eabi/12.3.1/../../../../arm-none-eabi/lib/thumb/v7e-m+fp/hard\libc_nano.a(libc_a-makebuf.o)
                0x08006f4c                __swhatbuf_r
 .text.__smakebuf_r
                0x08006f98       0x78 D:/STM32/CubeIDE/STM32CubeIDE_1.16.0/STM32CubeIDE/plugins/com.st.stm32cube.ide.mcu.externaltools.gnu-tools-for-stm32.12.3.rel1.win32_1.0.200.202406191623/tools/bin/../lib/gcc/arm-none-eabi/12.3.1/../../../../arm-none-eabi/lib/thumb/v7e-m+fp/hard\libc_nano.a(libc_a-makebuf.o)
                0x08006f98                __smakebuf_r
 .text._fstat_r
                0x08007010       0x24 D:/STM32/CubeIDE/STM32CubeIDE_1.16.0/STM32CubeIDE/plugins/com.st.stm32cube.ide.mcu.externaltools.gnu-tools-for-stm32.12.3.rel1.win32_1.0.200.202406191623/tools/bin/../lib/gcc/arm-none-eabi/12.3.1/../../../../arm-none-eabi/lib/thumb/v7e-m+fp/hard\libc_nano.a(libc_a-fstatr.o)
                0x08007010                _fstat_r
 .text._isatty_r
                0x08007034       0x20 D:/STM32/CubeIDE/STM32CubeIDE_1.16.0/STM32CubeIDE/plugins/com.st.stm32cube.ide.mcu.externaltools.gnu-tools-for-stm32.12.3.rel1.win32_1.0.200.202406191623/tools/bin/../lib/gcc/arm-none-eabi/12.3.1/../../../../arm-none-eabi/lib/thumb/v7e-m+fp/hard\libc_nano.a(libc_a-isattyr.o)
                0x08007034                _isatty_r
 *(.glue_7)
 .glue_7        0x08007054        0x0 linker stubs
 *(.glue_7t)
 .glue_7t       0x08007054        0x0 linker stubs
 *(.eh_frame)
 .eh_frame      0x08007054        0x0 D:/STM32/CubeIDE/STM32CubeIDE_1.16.0/STM32CubeIDE/plugins/com.st.stm32cube.ide.mcu.externaltools.gnu-tools-for-stm32.12.3.rel1.win32_1.0.200.202406191623/tools/bin/../lib/gcc/arm-none-eabi/12.3.1/thumb/v7e-m+fp/hard/crtbegin.o
 *(.init)
 .init          0x08007054        0x4 D:/STM32/CubeIDE/STM32CubeIDE_1.16.0/STM32CubeIDE/plugins/com.st.stm32cube.ide.mcu.externaltools.gnu-tools-for-stm32.12.3.rel1.win32_1.0.200.202406191623/tools/bin/../lib/gcc/arm-none-eabi/12.3.1/thumb/v7e-m+fp/hard/crti.o
                0x08007054                _init
 .init          0x08007058        0x8 D:/STM32/CubeIDE/STM32CubeIDE_1.16.0/STM32CubeIDE/plugins/com.st.stm32cube.ide.mcu.externaltools.gnu-tools-for-stm32.12.3.rel1.win32_1.0.200.202406191623/tools/bin/../lib/gcc/arm-none-eabi/12.3.1/thumb/v7e-m+fp/hard/crtn.o
 *(.fini)
 .fini          0x08007060        0x4 D:/STM32/CubeIDE/STM32CubeIDE_1.16.0/STM32CubeIDE/plugins/com.st.stm32cube.ide.mcu.externaltools.gnu-tools-for-stm32.12.3.rel1.win32_1.0.200.202406191623/tools/bin/../lib/gcc/arm-none-eabi/12.3.1/thumb/v7e-m+fp/hard/crti.o
                0x08007060                _fini
 .fini          0x08007064        0x8 D:/STM32/CubeIDE/STM32CubeIDE_1.16.0/STM32CubeIDE/plugins/com.st.stm32cube.ide.mcu.externaltools.gnu-tools-for-stm32.12.3.rel1.win32_1.0.200.202406191623/tools/bin/../lib/gcc/arm-none-eabi/12.3.1/thumb/v7e-m+fp/hard/crtn.o
                0x0800706c                        . = ALIGN (0x4)
                0x0800706c                        _etext = .

.vfp11_veneer   0x0800706c        0x0
 .vfp11_veneer  0x0800706c        0x0 linker stubs

.v4_bx          0x0800706c        0x0
 .v4_bx         0x0800706c        0x0 linker stubs

.iplt           0x0800706c        0x0
 .iplt          0x0800706c        0x0 D:/STM32/CubeIDE/STM32CubeIDE_1.16.0/STM32CubeIDE/plugins/com.st.stm32cube.ide.mcu.externaltools.gnu-tools-for-stm32.12.3.rel1.win32_1.0.200.202406191623/tools/bin/../lib/gcc/arm-none-eabi/12.3.1/thumb/v7e-m+fp/hard/crtbegin.o

.rodata         0x0800706c      0xc88
                0x0800706c                        . = ALIGN (0x4)
 *(.rodata)
 *(.rodata*)
 .rodata.queue_status.str1.4
                0x0800706c      0x1fb ./Application/User/Core/app.o
 *fill*         0x08007267        0x1 
 .rodata.queue_raw16_batch.isra.0.str1.4
                0x08007268       0x12 ./Application/User/Core/app.o
 *fill*         0x0800727a        0x2 
 .rodata.sample_service.str1.4
                0x0800727c       0x8e ./Application/User/Core/app.o
 *fill*         0x0800730a        0x2 
 .rodata.App_Init.str1.4
                0x0800730c      0x1cb ./Application/User/Core/app.o
 *fill*         0x080074d7        0x1 
 .rodata.App_Run.str1.4
                0x080074d8      0x588 ./Application/User/Core/app.o
 .rodata.alphabet.0
                0x08007a60       0x41 ./Application/User/Core/app.o
 *fill*         0x08007aa1        0x3 
 .rodata.USBD_CDC_ManufacturerStrDescriptor.str1.4
                0x08007aa4       0x19 ./Application/User/USB_Device/App/usbd_desc.o
 *fill*         0x08007abd        0x3 
 .rodata.USBD_CDC_ProductStrDescriptor.str1.4
                0x08007ac0       0x15 ./Application/User/USB_Device/App/usbd_desc.o
 *fill*         0x08007ad5        0x3 
 .rodata.USBD_CDC_ConfigStrDescriptor.str1.4
                0x08007ad8       0x16 ./Application/User/USB_Device/App/usbd_desc.o
 *fill*         0x08007aee        0x2 
 .rodata.USBD_CDC_InterfaceStrDescriptor.str1.4
                0x08007af0       0x10 ./Application/User/USB_Device/App/usbd_desc.o
 .rodata.AHBPrescTable
                0x08007b00       0x10 ./Drivers/CMSIS/system_stm32g4xx.o
                0x08007b00                AHBPrescTable
 .rodata._ctype_
                0x08007b10      0x101 D:/STM32/CubeIDE/STM32CubeIDE_1.16.0/STM32CubeIDE/plugins/com.st.stm32cube.ide.mcu.externaltools.gnu-tools-for-stm32.12.3.rel1.win32_1.0.200.202406191623/tools/bin/../lib/gcc/arm-none-eabi/12.3.1/../../../../arm-none-eabi/lib/thumb/v7e-m+fp/hard\libc_nano.a(libc_a-ctype_.o)
                0x08007b10                _ctype_
 .rodata.strtok.str1.1
                0x08007c11       0x71 D:/STM32/CubeIDE/STM32CubeIDE_1.16.0/STM32CubeIDE/plugins/com.st.stm32cube.ide.mcu.externaltools.gnu-tools-for-stm32.12.3.rel1.win32_1.0.200.202406191623/tools/bin/../lib/gcc/arm-none-eabi/12.3.1/../../../../arm-none-eabi/lib/thumb/v7e-m+fp/hard\libc_nano.a(libc_a-strtok.o)
 .rodata.__assert_func.str1.1
                0x08007c82       0x3c D:/STM32/CubeIDE/STM32CubeIDE_1.16.0/STM32CubeIDE/plugins/com.st.stm32cube.ide.mcu.externaltools.gnu-tools-for-stm32.12.3.rel1.win32_1.0.200.202406191623/tools/bin/../lib/gcc/arm-none-eabi/12.3.1/../../../../arm-none-eabi/lib/thumb/v7e-m+fp/hard\libc_nano.a(libc_a-assert.o)
                                 0x3d (size before relaxing)
 .rodata._svfprintf_r.str1.1
                0x08007cbe       0x11 D:/STM32/CubeIDE/STM32CubeIDE_1.16.0/STM32CubeIDE/plugins/com.st.stm32cube.ide.mcu.externaltools.gnu-tools-for-stm32.12.3.rel1.win32_1.0.200.202406191623/tools/bin/../lib/gcc/arm-none-eabi/12.3.1/../../../../arm-none-eabi/lib/thumb/v7e-m+fp/hard\libc_nano.a(libc_a-nano-svfprintf.o)
 .rodata._printf_i.str1.1
                0x08007ccf       0x22 D:/STM32/CubeIDE/STM32CubeIDE_1.16.0/STM32CubeIDE/plugins/com.st.stm32cube.ide.mcu.externaltools.gnu-tools-for-stm32.12.3.rel1.win32_1.0.200.202406191623/tools/bin/../lib/gcc/arm-none-eabi/12.3.1/../../../../arm-none-eabi/lib/thumb/v7e-m+fp/hard\libc_nano.a(libc_a-nano-vfprintf_i.o)
 .rodata._vfprintf_r.str1.1
                0x08007cf1       0x11 D:/STM32/CubeIDE/STM32CubeIDE_1.16.0/STM32CubeIDE/plugins/com.st.stm32cube.ide.mcu.externaltools.gnu-tools-for-stm32.12.3.rel1.win32_1.0.200.202406191623/tools/bin/../lib/gcc/arm-none-eabi/12.3.1/../../../../arm-none-eabi/lib/thumb/v7e-m+fp/hard\libc_nano.a(libc_a-nano-vfprintf.o)
                0x08007d04                        . = ALIGN (0x4)
 *fill*         0x08007cf1        0x3 

.ARM.extab      0x08007cf4        0x0
                0x08007cf4                        . = ALIGN (0x4)
 *(.ARM.extab* .gnu.linkonce.armextab.*)
                0x08007cf4                        . = ALIGN (0x4)

.ARM            0x08007cf4        0x8
                0x08007cf4                        . = ALIGN (0x4)
                0x08007cf4                        __exidx_start = .
 *(.ARM.exidx*)
 .ARM.exidx     0x08007cf4        0x8 D:/STM32/CubeIDE/STM32CubeIDE_1.16.0/STM32CubeIDE/plugins/com.st.stm32cube.ide.mcu.externaltools.gnu-tools-for-stm32.12.3.rel1.win32_1.0.200.202406191623/tools/bin/../lib/gcc/arm-none-eabi/12.3.1/../../../../arm-none-eabi/lib/thumb/v7e-m+fp/hard\libc_nano.a(libc_a-strcmp.o)
 .ARM.exidx     0x08007cfc        0x0 D:/STM32/CubeIDE/STM32CubeIDE_1.16.0/STM32CubeIDE/plugins/com.st.stm32cube.ide.mcu.externaltools.gnu-tools-for-stm32.12.3.rel1.win32_1.0.200.202406191623/tools/bin/../lib/gcc/arm-none-eabi/12.3.1/../../../../arm-none-eabi/lib/thumb/v7e-m+fp/hard\libc_nano.a(libc_a-strlen.o)
                                  0x8 (size before relaxing)
 .ARM.exidx     0x08007cfc        0x0 D:/STM32/CubeIDE/STM32CubeIDE_1.16.0/STM32CubeIDE/plugins/com.st.stm32cube.ide.mcu.externaltools.gnu-tools-for-stm32.12.3.rel1.win32_1.0.200.202406191623/tools/bin/../lib/gcc/arm-none-eabi/12.3.1/../../../../arm-none-eabi/lib/thumb/v7e-m+fp/hard\libc_nano.a(libc_a-memchr.o)
                                  0x8 (size before relaxing)
 .ARM.exidx     0x08007cfc        0x0 D:/STM32/CubeIDE/STM32CubeIDE_1.16.0/STM32CubeIDE/plugins/com.st.stm32cube.ide.mcu.externaltools.gnu-tools-for-stm32.12.3.rel1.win32_1.0.200.202406191623/tools/bin/../lib/gcc/arm-none-eabi/12.3.1/thumb/v7e-m+fp/hard\libgcc.a(_udivmoddi4.o)
                                  0x8 (size before relaxing)
                0x08007cfc                        __exidx_end = .
                0x08007cfc                        . = ALIGN (0x4)

.preinit_array  0x08007cfc        0x0
                0x08007cfc                        . = ALIGN (0x4)
                0x08007cfc                        PROVIDE (__preinit_array_start = .)
 *(.preinit_array*)
                0x08007cfc                        PROVIDE (__preinit_array_end = .)
                0x08007cfc                        . = ALIGN (0x4)

.init_array     0x08007cfc        0x4
                0x08007cfc                        . = ALIGN (0x4)
                0x08007cfc                        PROVIDE (__init_array_start = .)
 *(SORT_BY_NAME(.init_array.*))
 *(.init_array*)
 .init_array    0x08007cfc        0x4 D:/STM32/CubeIDE/STM32CubeIDE_1.16.0/STM32CubeIDE/plugins/com.st.stm32cube.ide.mcu.externaltools.gnu-tools-for-stm32.12.3.rel1.win32_1.0.200.202406191623/tools/bin/../lib/gcc/arm-none-eabi/12.3.1/thumb/v7e-m+fp/hard/crtbegin.o
                0x08007d00                        PROVIDE (__init_array_end = .)
                0x08007d00                        . = ALIGN (0x4)

.fini_array     0x08007d00        0x4
                0x08007d00                        . = ALIGN (0x4)
                [!provide]                        PROVIDE (__fini_array_start = .)
 *(SORT_BY_NAME(.fini_array.*))
 *(.fini_array*)
 .fini_array    0x08007d00        0x4 D:/STM32/CubeIDE/STM32CubeIDE_1.16.0/STM32CubeIDE/plugins/com.st.stm32cube.ide.mcu.externaltools.gnu-tools-for-stm32.12.3.rel1.win32_1.0.200.202406191623/tools/bin/../lib/gcc/arm-none-eabi/12.3.1/thumb/v7e-m+fp/hard/crtbegin.o
                [!provide]                        PROVIDE (__fini_array_end = .)
                0x08007d04                        . = ALIGN (0x4)
                0x08007d04                        _sidata = LOADADDR (.data)

.rel.dyn        0x08007d04        0x0
 .rel.iplt      0x08007d04        0x0 D:/STM32/CubeIDE/STM32CubeIDE_1.16.0/STM32CubeIDE/plugins/com.st.stm32cube.ide.mcu.externaltools.gnu-tools-for-stm32.12.3.rel1.win32_1.0.200.202406191623/tools/bin/../lib/gcc/arm-none-eabi/12.3.1/thumb/v7e-m+fp/hard/crtbegin.o

.data           0x20000000      0x1f4 load address 0x08007d04
                0x20000000                        . = ALIGN (0x4)
                0x20000000                        _sdata = .
 *(.data)
 *(.data*)
 .data.histogram_dump_index
                0x20000000        0x4 ./Application/User/Core/app.o
 .data.selected_channels
                0x20000004        0x4 ./Application/User/Core/app.o
 .data.stream_decimation
                0x20000008        0x4 ./Application/User/Core/app.o
 .data.threshold_mv
                0x2000000c        0x2 ./Application/User/Core/app.o
 *fill*         0x2000000e        0x2 
 .data.expected_hz
                0x20000010        0x4 ./Application/User/Core/app.o
 .data.expected_mv
                0x20000014        0x2 ./Application/User/Core/app.o
 *fill*         0x20000016        0x2 
 .data.USBD_Interface_fops_FS
                0x20000018       0x14 ./Application/User/USB_Device/App/usbd_cdc_if.o
                0x20000018                USBD_Interface_fops_FS
 .data.USBD_StringSerial
                0x2000002c       0x1a ./Application/User/USB_Device/App/usbd_desc.o
                0x2000002c                USBD_StringSerial
 *fill*         0x20000046        0x2 
 .data.USBD_LangIDDesc
                0x20000048        0x4 ./Application/User/USB_Device/App/usbd_desc.o
                0x20000048                USBD_LangIDDesc
 .data.USBD_CDC_DeviceDesc
                0x2000004c       0x12 ./Application/User/USB_Device/App/usbd_desc.o
                0x2000004c                USBD_CDC_DeviceDesc
 *fill*         0x2000005e        0x2 
 .data.CDC_Desc
                0x20000060       0x1c ./Application/User/USB_Device/App/usbd_desc.o
                0x20000060                CDC_Desc
 .data.SystemCoreClock
                0x2000007c        0x4 ./Drivers/CMSIS/system_stm32g4xx.o
                0x2000007c                SystemCoreClock
 .data.uwTickFreq
                0x20000080        0x4 ./Drivers/STM32G4xx_HAL_Driver/stm32g4xx_hal.o
                0x20000080                uwTickFreq
 .data.uwTickPrio
                0x20000084        0x4 ./Drivers/STM32G4xx_HAL_Driver/stm32g4xx_hal.o
                0x20000084                uwTickPrio
 .data.USBD_CDC_OtherSpeedCfgDesc
                0x20000088       0x43 ./Middlewares/USB_Device_Library/usbd_cdc.o
 *fill*         0x200000cb        0x1 
 .data.USBD_CDC_CfgFSDesc
                0x200000cc       0x43 ./Middlewares/USB_Device_Library/usbd_cdc.o
 *fill*         0x2000010f        0x1 
 .data.USBD_CDC_CfgHSDesc
                0x20000110       0x43 ./Middlewares/USB_Device_Library/usbd_cdc.o
 *fill*         0x20000153        0x1 
 .data.USBD_CDC
                0x20000154       0x38 ./Middlewares/USB_Device_Library/usbd_cdc.o
                0x20000154                USBD_CDC
 .data.USBD_CDC_DeviceQualifierDesc
                0x2000018c        0xa ./Middlewares/USB_Device_Library/usbd_cdc.o
 *fill*         0x20000196        0x2 
 .data.__sglue  0x20000198        0xc D:/STM32/CubeIDE/STM32CubeIDE_1.16.0/STM32CubeIDE/plugins/com.st.stm32cube.ide.mcu.externaltools.gnu-tools-for-stm32.12.3.rel1.win32_1.0.200.202406191623/tools/bin/../lib/gcc/arm-none-eabi/12.3.1/../../../../arm-none-eabi/lib/thumb/v7e-m+fp/hard\libc_nano.a(libc_a-findfp.o)
                0x20000198                __sglue
 .data._impure_ptr
                0x200001a4        0x4 D:/STM32/CubeIDE/STM32CubeIDE_1.16.0/STM32CubeIDE/plugins/com.st.stm32cube.ide.mcu.externaltools.gnu-tools-for-stm32.12.3.rel1.win32_1.0.200.202406191623/tools/bin/../lib/gcc/arm-none-eabi/12.3.1/../../../../arm-none-eabi/lib/thumb/v7e-m+fp/hard\libc_nano.a(libc_a-impure.o)
                0x200001a4                _impure_ptr
 .data._impure_data
                0x200001a8       0x4c D:/STM32/CubeIDE/STM32CubeIDE_1.16.0/STM32CubeIDE/plugins/com.st.stm32cube.ide.mcu.externaltools.gnu-tools-for-stm32.12.3.rel1.win32_1.0.200.202406191623/tools/bin/../lib/gcc/arm-none-eabi/12.3.1/../../../../arm-none-eabi/lib/thumb/v7e-m+fp/hard\libc_nano.a(libc_a-impure.o)
                0x200001a8                _impure_data
 *(.RamFunc)
 *(.RamFunc*)
                0x200001f4                        . = ALIGN (0x4)
                0x200001f4                        _edata = .

.igot.plt       0x200001f4        0x0 load address 0x08007ef8
 .igot.plt      0x200001f4        0x0 D:/STM32/CubeIDE/STM32CubeIDE_1.16.0/STM32CubeIDE/plugins/com.st.stm32cube.ide.mcu.externaltools.gnu-tools-for-stm32.12.3.rel1.win32_1.0.200.202406191623/tools/bin/../lib/gcc/arm-none-eabi/12.3.1/thumb/v7e-m+fp/hard/crtbegin.o
                0x200001f4                        . = ALIGN (0x4)

.bss            0x200001f8    0x144a8 load address 0x08007ef8
                0x200001f8                        _sbss = .
                0x200001f8                        __bss_start__ = _sbss
 *(.bss)
 .bss           0x200001f8       0x1c D:/STM32/CubeIDE/STM32CubeIDE_1.16.0/STM32CubeIDE/plugins/com.st.stm32cube.ide.mcu.externaltools.gnu-tools-for-stm32.12.3.rel1.win32_1.0.200.202406191623/tools/bin/../lib/gcc/arm-none-eabi/12.3.1/thumb/v7e-m+fp/hard/crtbegin.o
 *(.bss*)
 .bss.poll_capture_armed
                0x20000214        0x1 ./Application/User/Core/ad7980.o
 *fill*         0x20000215        0x3 
 .bss.next_recovery_cycles
                0x20000218        0x4 ./Application/User/Core/ad7980.o
 .bss.last_capture_cycles
                0x2000021c        0x4 ./Application/User/Core/ad7980.o
 .bss.sequence  0x20000220        0x4 ./Application/User/Core/ad7980.o
 .bss.overrun_count
                0x20000224        0x4 ./Application/User/Core/ad7980.o
 .bss.post_read_low_count
                0x20000228        0x4 ./Application/User/Core/ad7980.o
 .bss.recovery_count
                0x2000022c        0x4 ./Application/User/Core/ad7980.o
 .bss.busy_count
                0x20000230        0x4 ./Application/User/Core/ad7980.o
 .bss.queue_tail
                0x20000234        0x4 ./Application/User/Core/ad7980.o
 .bss.queue_head
                0x20000238        0x4 ./Application/User/Core/ad7980.o
 .bss.sample_queue
                0x2000023c     0x3000 ./Application/User/Core/ad7980.o
 .bss.format_buffer
                0x2000323c      0x200 ./Application/User/Core/app.o
 .bss.command_length
                0x2000343c        0x4 ./Application/User/Core/app.o
 .bss.command_line
                0x20003440       0x60 ./Application/User/Core/app.o
 .bss.rx_tail   0x200034a0        0x2 ./Application/User/Core/app.o
 .bss.rx_head   0x200034a2        0x2 ./Application/User/Core/app.o
 .bss.rx_ring   0x200034a4      0x100 ./Application/User/Core/app.o
 .bss.tx_drop_count
                0x200035a4        0x4 ./Application/User/Core/app.o
 .bss.usb_recovery_count
                0x200035a8        0x4 ./Application/User/Core/app.o
 .bss.tx_started_ms
                0x200035ac        0x4 ./Application/User/Core/app.o
 .bss.usb_link_reset_pending
                0x200035b0        0x1 ./Application/User/Core/app.o
 .bss.usb_configured
                0x200035b1        0x1 ./Application/User/Core/app.o
 .bss.tx_active
                0x200035b2        0x1 ./Application/User/Core/app.o
 .bss.tx_tail   0x200035b3        0x1 ./Application/User/Core/app.o
 .bss.tx_head   0x200035b4        0x1 ./Application/User/Core/app.o
 *fill*         0x200035b5        0x3 
 .bss.tx_lengths
                0x200035b8       0x80 ./Application/User/Core/app.o
 .bss.tx_slots  0x20003638     0x8000 ./Application/User/Core/app.o
 .bss.stream_lost_samples
                0x2000b638        0x4 ./Application/User/Core/app.o
 .bss.raw16_batch_started_ms
                0x2000b63c        0x4 ./Application/User/Core/app.o
 .bss.raw16_batch_first_sequence
                0x2000b640        0x4 ./Application/User/Core/app.o
 .bss.raw16_batch_count
                0x2000b644        0x2 ./Application/User/Core/app.o
 *fill*         0x2000b646        0x2 
 .bss.raw16_bytes
                0x2000b648      0x150 ./Application/User/Core/app.o
 .bss.raw16_batch
                0x2000b798      0x150 ./Application/User/Core/app.o
 .bss.output_format
                0x2000b8e8        0x1 ./Application/User/Core/app.o
 .bss.stream_enabled
                0x2000b8e9        0x1 ./Application/User/Core/app.o
 .bss.threshold_dac_mv
                0x2000b8ea        0x2 ./Application/User/Core/app.o
 .bss.raw_peak  0x2000b8ec        0x2 ./Application/User/Core/app.o
 *fill*         0x2000b8ee        0x2 
 .bss.range_overflow_count
                0x2000b8f0        0x4 ./Application/User/Core/app.o
 .bss.sample_count
                0x2000b8f4        0x4 ./Application/User/Core/app.o
 .bss.raw_sum   0x2000b8f8        0x8 ./Application/User/Core/app.o
 .bss.histogram_snapshot
                0x2000b900     0x4000 ./Application/User/Core/app.o
 .bss.histogram
                0x2000f900     0x4000 ./Application/User/Core/app.o
 .bss.threshold_dac
                0x20013900        0x4 ./Application/User/Core/app.o
 .bss.hdac1     0x20013904       0x14 ./Application/User/Core/main.o
                0x20013904                hdac1
 .bss.__sbrk_heap_end
                0x20013918        0x4 ./Application/User/Core/sysmem.o
 .bss.hUsbDeviceFS
                0x2001391c      0x2d0 ./Application/User/USB_Device/App/usb_device.o
                0x2001391c                hUsbDeviceFS
 .bss.UserTxBufferFS
                0x20013bec      0x200 ./Application/User/USB_Device/App/usbd_cdc_if.o
                0x20013bec                UserTxBufferFS
 .bss.UserRxBufferFS
                0x20013dec      0x200 ./Application/User/USB_Device/App/usbd_cdc_if.o
                0x20013dec                UserRxBufferFS
 .bss.USBD_StrDesc
                0x20013fec       0x64 ./Application/User/USB_Device/App/usbd_desc.o
                0x20013fec                USBD_StrDesc
 .bss.mem.0     0x20014050      0x220 ./Application/User/USB_Device/Target/usbd_conf.o
 .bss.hpcd_USB_FS
                0x20014270      0x2dc ./Application/User/USB_Device/Target/usbd_conf.o
                0x20014270                hpcd_USB_FS
 .bss.uwTick    0x2001454c        0x4 ./Drivers/STM32G4xx_HAL_Driver/stm32g4xx_hal.o
                0x2001454c                uwTick
 .bss.cfgidx.0  0x20014550        0x1 ./Middlewares/USB_Device_Library/usbd_ctlreq.o
 *fill*         0x20014551        0x3 
 .bss.__sf      0x20014554      0x138 D:/STM32/CubeIDE/STM32CubeIDE_1.16.0/STM32CubeIDE/plugins/com.st.stm32cube.ide.mcu.externaltools.gnu-tools-for-stm32.12.3.rel1.win32_1.0.200.202406191623/tools/bin/../lib/gcc/arm-none-eabi/12.3.1/../../../../arm-none-eabi/lib/thumb/v7e-m+fp/hard\libc_nano.a(libc_a-findfp.o)
                0x20014554                __sf
 .bss.__stdio_exit_handler
                0x2001468c        0x4 D:/STM32/CubeIDE/STM32CubeIDE_1.16.0/STM32CubeIDE/plugins/com.st.stm32cube.ide.mcu.externaltools.gnu-tools-for-stm32.12.3.rel1.win32_1.0.200.202406191623/tools/bin/../lib/gcc/arm-none-eabi/12.3.1/../../../../arm-none-eabi/lib/thumb/v7e-m+fp/hard\libc_nano.a(libc_a-findfp.o)
                0x2001468c                __stdio_exit_handler
 .bss.errno     0x20014690        0x4 D:/STM32/CubeIDE/STM32CubeIDE_1.16.0/STM32CubeIDE/plugins/com.st.stm32cube.ide.mcu.externaltools.gnu-tools-for-stm32.12.3.rel1.win32_1.0.200.202406191623/tools/bin/../lib/gcc/arm-none-eabi/12.3.1/../../../../arm-none-eabi/lib/thumb/v7e-m+fp/hard\libc_nano.a(libc_a-reent.o)
                0x20014690                errno
 .bss.__lock___malloc_recursive_mutex
                0x20014694        0x1 D:/STM32/CubeIDE/STM32CubeIDE_1.16.0/STM32CubeIDE/plugins/com.st.stm32cube.ide.mcu.externaltools.gnu-tools-for-stm32.12.3.rel1.win32_1.0.200.202406191623/tools/bin/../lib/gcc/arm-none-eabi/12.3.1/../../../../arm-none-eabi/lib/thumb/v7e-m+fp/hard\libc_nano.a(libc_a-lock.o)
                0x20014694                __lock___malloc_recursive_mutex
 .bss.__lock___sfp_recursive_mutex
                0x20014695        0x1 D:/STM32/CubeIDE/STM32CubeIDE_1.16.0/STM32CubeIDE/plugins/com.st.stm32cube.ide.mcu.externaltools.gnu-tools-for-stm32.12.3.rel1.win32_1.0.200.202406191623/tools/bin/../lib/gcc/arm-none-eabi/12.3.1/../../../../arm-none-eabi/lib/thumb/v7e-m+fp/hard\libc_nano.a(libc_a-lock.o)
                0x20014695                __lock___sfp_recursive_mutex
 *fill*         0x20014696        0x2 
 .bss.__malloc_sbrk_start
                0x20014698        0x4 D:/STM32/CubeIDE/STM32CubeIDE_1.16.0/STM32CubeIDE/plugins/com.st.stm32cube.ide.mcu.externaltools.gnu-tools-for-stm32.12.3.rel1.win32_1.0.200.202406191623/tools/bin/../lib/gcc/arm-none-eabi/12.3.1/../../../../arm-none-eabi/lib/thumb/v7e-m+fp/hard\libc_nano.a(libc_a-mallocr.o)
                0x20014698                __malloc_sbrk_start
 .bss.__malloc_free_list
                0x2001469c        0x4 D:/STM32/CubeIDE/STM32CubeIDE_1.16.0/STM32CubeIDE/plugins/com.st.stm32cube.ide.mcu.externaltools.gnu-tools-for-stm32.12.3.rel1.win32_1.0.200.202406191623/tools/bin/../lib/gcc/arm-none-eabi/12.3.1/../../../../arm-none-eabi/lib/thumb/v7e-m+fp/hard\libc_nano.a(libc_a-mallocr.o)
                0x2001469c                __malloc_free_list
 *(COMMON)
                0x200146a0                        . = ALIGN (0x4)
                0x200146a0                        _ebss = .
                0x200146a0                        __bss_end__ = _ebss

._user_heap_stack
                0x200146a0     0x1800 load address 0x08007ef8
                0x200146a0                        . = ALIGN (0x8)
                [!provide]                        PROVIDE (end = .)
                0x200146a0                        PROVIDE (_end = .)
                0x20014ea0                        . = (. + _Min_Heap_Size)
 *fill*         0x200146a0      0x800 
                0x20015ea0                        . = (. + _Min_Stack_Size)
 *fill*         0x20014ea0     0x1000 
                0x20015ea0                        . = ALIGN (0x8)

/DISCARD/
 libc.a(*)
 libm.a(*)
 libgcc.a(*)

.ARM.attributes
                0x00000000       0x30
 *(.ARM.attributes)
 .ARM.attributes
                0x00000000       0x22 D:/STM32/CubeIDE/STM32CubeIDE_1.16.0/STM32CubeIDE/plugins/com.st.stm32cube.ide.mcu.externaltools.gnu-tools-for-stm32.12.3.rel1.win32_1.0.200.202406191623/tools/bin/../lib/gcc/arm-none-eabi/12.3.1/thumb/v7e-m+fp/hard/crti.o
 .ARM.attributes
                0x00000022       0x34 D:/STM32/CubeIDE/STM32CubeIDE_1.16.0/STM32CubeIDE/plugins/com.st.stm32cube.ide.mcu.externaltools.gnu-tools-for-stm32.12.3.rel1.win32_1.0.200.202406191623/tools/bin/../lib/gcc/arm-none-eabi/12.3.1/thumb/v7e-m+fp/hard/crtbegin.o
 .ARM.attributes
                0x00000056       0x34 ./Application/User/Core/ad7980.o
 .ARM.attributes
                0x0000008a       0x34 ./Application/User/Core/app.o
 .ARM.attributes
                0x000000be       0x34 ./Application/User/Core/main.o
 .ARM.attributes
                0x000000f2       0x34 ./Application/User/Core/stm32g4xx_hal_msp.o
 .ARM.attributes
                0x00000126       0x34 ./Application/User/Core/stm32g4xx_it.o
 .ARM.attributes
                0x0000015a       0x34 ./Application/User/Core/syscalls.o
 .ARM.attributes
                0x0000018e       0x34 ./Application/User/Core/sysmem.o
 .ARM.attributes
                0x000001c2       0x21 ./Application/User/Startup/startup_stm32g474vetx.o
 .ARM.attributes
                0x000001e3       0x34 ./Application/User/USB_Device/App/usb_device.o
 .ARM.attributes
                0x00000217       0x34 ./Application/User/USB_Device/App/usbd_cdc_if.o
 .ARM.attributes
                0x0000024b       0x34 ./Application/User/USB_Device/App/usbd_desc.o
 .ARM.attributes
                0x0000027f       0x34 ./Application/User/USB_Device/Target/usbd_conf.o
 .ARM.attributes
                0x000002b3       0x34 ./Drivers/CMSIS/system_stm32g4xx.o
 .ARM.attributes
                0x000002e7       0x34 ./Drivers/STM32G4xx_HAL_Driver/stm32g4xx_hal.o
 .ARM.attributes
                0x0000031b       0x34 ./Drivers/STM32G4xx_HAL_Driver/stm32g4xx_hal_cortex.o
 .ARM.attributes
                0x0000034f       0x34 ./Drivers/STM32G4xx_HAL_Driver/stm32g4xx_hal_dac.o
 .ARM.attributes
                0x00000383       0x34 ./Drivers/STM32G4xx_HAL_Driver/stm32g4xx_hal_gpio.o
 .ARM.attributes
                0x000003b7       0x34 ./Drivers/STM32G4xx_HAL_Driver/stm32g4xx_hal_pcd.o
 .ARM.attributes
                0x000003eb       0x34 ./Drivers/STM32G4xx_HAL_Driver/stm32g4xx_hal_pcd_ex.o
 .ARM.attributes
                0x0000041f       0x34 ./Drivers/STM32G4xx_HAL_Driver/stm32g4xx_hal_pwr_ex.o
 .ARM.attributes
                0x00000453       0x34 ./Drivers/STM32G4xx_HAL_Driver/stm32g4xx_hal_rcc.o
 .ARM.attributes
                0x00000487       0x34 ./Drivers/STM32G4xx_HAL_Driver/stm32g4xx_hal_rcc_ex.o
 .ARM.attributes
                0x000004bb       0x34 ./Drivers/STM32G4xx_HAL_Driver/stm32g4xx_ll_usb.o
 .ARM.attributes
                0x000004ef       0x34 ./Middlewares/USB_Device_Library/usbd_cdc.o