LTspice 26.0.2 for Windows
Circuit: E:\天格\比赛\SPICE\Analog\Analog.net
Start Time: Wed Jul 29 18:11:18 2026
    --- Expanded Netlist ---
R2 N015 N012 R=470
R5 N016 0 R=1000000
V10 N028 0 DC=3.3
R12 N023 N028 R=5000
C4 0 N020 CAPACITANCE=5.6e-11
R15 N022 N021 R=10000
V1 N009 0 EXP=(0,0.1006784,1e-06,2e-08,1.1e-06,1e-06) AC=(1,0)
R3 N010 N009 R=22
R8 N016 N015 R=50
R6 N019 N029 R=348
R7 N026 N019 R=50
R9 N026 0 R=1000000
R10 N029 N011 R=91
V5 N002 0 DC=3.3
R11 N006 N003 R=22
V7 N014 0 DC=0.1
R4 N026 N025 R=100000
V11 N030 0 DC=3.3
R13 N027 N030 R=10000
R14 N020 N024 R=2000
C5 N033 0 CAPACITANCE=1.0000000000000001e-07
V2 N001 0 DC=5
R1 N012 0 R=470
V4 N031 0 DC=-5
C3 N015 N012 CAPACITANCE=1.5e-11
D1 N013 N003 BAT17 
D2 N029 N013 BAT17 
V3 N004 0 PULSE=(0,3.3,4.9999999999999996e-06,1e-09,1e-09,4.9999999999999996e-06,9.999999999999999e-06,1)
C2 0 N023 CAPACITANCE=5.6e-11
V14 N021 0 DC=3.3
C1 0 N006 CAPACITANCE=2e-10
V8 N017 0 DC=-5
V9 N008 0 DC=3.3
V13 N024 0 DC=3.3
V12 N033 0 DC=3.3
R16 N034 0 R=127000
V6 N032 0 PULSE=(0,3.3,1.6e-06,1e-09,1e-09,1.4e-07,9.999999999999999e-06,1)
.model BAT17 D(IS=1.4700000000000001e-08 RS=4.6 N=1.04 CJO=1.3999999999999999e-12 VJ=0.3 M=0.27 TT=3.0000000000000004e-09 BV=4.5 IBV=9.999999999999999e-06 EG=0.69 XTI=2)

u5:C_C12 u5:MID u5:N45892 CAPACITANCE=1e-15
u5:C_C18 u5:MID u5:N68594 CAPACITANCE=1e-12
u5:C_C35 u5:N406794 0 CAPACITANCE=1e-15
u5:G_G8 u5:VCC_CLP u5:MID u5:N35813 u5:MID GAIN=-0.001
u5:G_GB2 u5:N1475563 u5:MID u5:N1475923 u5:MID GAIN=-12.62
u5:R_R112 u5:N317950 u5:N406794 u5:R_NOISELESS R=1000000
u5:R_R113 u5:N406794 u5:VEE_B u5:R_NOISELESS R=0.001
u5:R_R173 u5:N1471245 u5:N886969 TC=(0,0) R=92000
u5:R_R1A u5:N1475923 u5:N1475893 u5:R_NOISELESS R=10000
u5:R_R2A3 u5:N706294 u5:MID u5:R_NOISELESS R=366.7
u5:R_R32 u5:N38050 u5:VEE_B u5:R_NOISELESS R=1000
u5:R_R48 u5:MID u5:N55050 u5:R_NOISELESS R=1
u5:R_R5 u5:MID u5:N1475627 u5:R_NOISELESS R=1
u5:R_R56 u5:N68747 u5:OLN u5:R_NOISELESS R=100
u5:R_R58 u5:N69264 u5:MID u5:R_NOISELESS R=1
u5:C_C1A2 u5:N1468953 u5:PSRP CAPACITANCE=3.979e-13
u5:C_C_CMP u5:ESDP u5:MID CAPACITANCE=3.9e-12
u5:G_G12 u5:VSENSE u5:MID u5:CLAMP u5:MID GAIN=-0.001
u5:G_G3 u5:N1468953 u5:MID u5:VCC_B u5:MID GAIN=-0.4446
u5:I_I_B u5:N06456 u5:MID DC=5e-11
u5:R_R165 u5:N1471231 u5:N886969 TC=(0,0) R=10000
u5:R_R2 u5:ESDN N019 u5:R_NOISELESS R=0.01
u5:R_R43 u5:N45892 u5:N45856 u5:R_NOISELESS R=0.001
u5:R_R59 u5:N69264 u5:SW_OL_THS4631 u5:R_NOISELESS R=100
u5:R_R60 u5:MID u5:AOLNET u5:R_NOISELESS R=1000000
u5:R_R7 u5:N1475549 u5:N1475555 TC=(0,0) R=10000
u5:V_V_GRN u5:N56891 u5:MID DC=-55
u5:C_C10 u5:MID u5:N42834 CAPACITANCE=1e-15
u5:C_C36 u5:MID u5:N1475549 CAPACITANCE=4.547e-13
u5:C_C_DIFF u5:ESDN u5:ESDP CAPACITANCE=3.9e-12
u5:I_I_OS u5:ESDN u5:MID DC=2.5e-11
u5:R_R110 u5:VCC_B u5:N406634 u5:R_NOISELESS R=0.001
u5:R_R1A5 u5:N1464296 u5:N1464326 u5:R_NOISELESS R=100000000
u5:R_R2A2 u5:PSRP u5:MID u5:R_NOISELESS R=4000
u5:R_R61 u5:MID u5:CLAMP u5:R_NOISELESS R=1000000
u5:V_V_GRP u5:N56919 u5:MID DC=55
u5:C_C17 u5:MID u5:N68747 CAPACITANCE=1e-12
u5:G_G4 u5:N1466445 u5:MID u5:VEE_B u5:MID GAIN=-1.534
u5:G_G9 u5:VEE_CLP u5:MID u5:N38096 u5:MID GAIN=-0.001
u5:G_GB8 u5:N1471245 u5:MID u5:VSENSE u5:MID GAIN=-1
u5:R_R34 u5:VEE_CLP u5:MID u5:R_NOISELESS R=1000
u5:R_R38 u5:N44757 u5:N44799 u5:R_NOISELESS R=0.001
u5:R_R50 u5:N56635 u5:MID u5:R_NOISELESS R=1
u5:V_V_ORN u5:N55875 u5:VCLP DC=-24.2
u5:R_R170 u5:N1464296 u5:MID u5:R_NOISELESS R=1
u5:R_R30 u5:N35813 u5:N35669 u5:R_NOISELESS R=0.001
u5:R_R33 u5:N38096 u5:N38050 u5:R_NOISELESS R=0.001
u5:R_R37 u5:N42834 u5:N42663 u5:R_NOISELESS R=0.001
u5:R_R49 u5:MID u5:N56919 u5:R_NOISELESS R=1000000000
u5:R_R6 u5:N1475563 u5:N1475555 TC=(0,0) R=2069
u5:R_R83 u5:MID u5:N112292 u5:R_NOISELESS R=1000000000
u5:C_C19 u5:MID u5:SW_OL_THS4631 CAPACITANCE=1e-12
u5:C_C8 u5:MID u5:N35813 CAPACITANCE=1e-15
u5:R_R171 u5:N1466445 u5:MID u5:R_NOISELESS R=1
u5:R_R175 u5:MID u5:N1475893 u5:R_NOISELESS R=1
u5:R_R1A3 u5:N1466445 u5:N706294 u5:R_NOISELESS R=100000000
u5:R_R35 u5:MID u5:VCC_CLP u5:R_NOISELESS R=1000000000
u5:R_R41 u5:MID u5:N50645 u5:R_NOISELESS R=1000000000
u5:R_R42 u5:N45856 u5:MID u5:R_NOISELESS R=1
u5:V_V_ISCP u5:N50645 u5:MID DC=98
u5:V_V_ORP u5:N56119 u5:VCLP DC=24.2
u5:C_C7 u5:N31014 u5:MID CAPACITANCE=1e-15
u5:E_E6 u5:MID 0 u5:N317950 0 GAIN=1
u5:G_G36 u5:VCC_B 0 N001 0 GAIN=-1
u5:R_R108 u5:N317950 0 u5:R_NOISELESS R=1000000000000
u5:R_R4 u5:ESDN u5:MID u5:R_NOISELESS R=1000000000
u5:R_R45 u5:MID u5:N45986 u5:R_NOISELESS R=1
u5:R_R54 u5:MID u5:N56891 u5:R_NOISELESS R=1000000000
u5:R_RDUMMY u5:MID u5:N1475637 u5:R_NOISELESS R=2000
u5:C_C16 u5:MID u5:N61579 CAPACITANCE=1e-15
u5:C_C9 u5:MID u5:N38096 CAPACITANCE=1e-15
u5:C_C_CMN u5:MID u5:ESDN CAPACITANCE=3.9e-12
u5:R_R26 u5:N30136 u5:MID u5:R_NOISELESS R=1000000000
u5:R_R28 u5:N31014 u5:N30913 u5:R_NOISELESS R=0.001
u5:R_R46 u5:MID u5:N48550 u5:R_NOISELESS R=1000000000
u5:R_R55 u5:N61579 u5:VSENSE u5:R_NOISELESS R=0.001
u5:R_R66 u5:MID u5:CL_CLAMP u5:R_NOISELESS R=1000
u5:R_R_VOUT_S u5:VOUT_S u5:N112292 u5:R_NOISELESS R=100
u5:C_C1 u5:MID u5:CLAMP CAPACITANCE=1.041e-11
u5:C_C1A3 u5:N1466445 u5:N706294 CAPACITANCE=2.894e-12
u5:C_C33 u5:N406634 0 CAPACITANCE=1e-15
u5:G_G10 u5:N73852 u5:MID u5:N55875 u5:MID GAIN=-1
u5:G_G2 u5:CMRR_2 u5:N10561 u5:N1464326 u5:MID GAIN=-0.001
u5:R_R44 u5:N45974 u5:N45986 u5:R_NOISELESS R=0.001
u5:V_V_ISCN u5:N48550 u5:MID DC=-95
u5:R_R47 u5:MID u5:N73852 u5:R_NOISELESS R=1
u5:G_G6 u5:N25816 u5:N11984 u5:PSRP u5:N706294 GAIN=-0.001
u5:R_R107 u5:VCC_B 0 u5:R_NOISELESS R=1
u5:R_R174 u5:MID u5:N1475563 u5:R_NOISELESS R=1
u5:R_R52 u5:N56721 u5:N56733 u5:R_NOISELESS R=0.001
u5:R_RX u5:N1475637 u5:N1475627 u5:R_NOISELESS R=20000
u5:E_E2 u5:N91498 u5:MID u5:CL_CLAMP u5:MID GAIN=1
u5:C_C13 u5:N45974 u5:MID CAPACITANCE=1e-15
u5:C_C_VIMON u5:MID u5:VIMON CAPACITANCE=1e-12
u5:G_G16 u5:CL_CLAMP u5:MID u5:CLAW_CLAMP u5:MID GAIN=-0.001
u5:R_R21 u5:N11984 u5:N25816 u5:R_NOISELESS R=1000
u5:R_R29 u5:N35669 u5:VCC_B u5:R_NOISELESS R=1000
u5:R_R2A12 u5:MID u5:N1475923 u5:R_NOISELESS R=860.7
u5:R_R2A18 u5:N1464326 u5:MID u5:R_NOISELESS R=42020
u5:R_R51 u5:N56659 u5:N56635 u5:R_NOISELESS R=0.001
u5:R_R57 u5:N68594 u5:OLP u5:R_NOISELESS R=100
u5:G_G37 u5:VEE_B 0 N017 0 GAIN=-1
u5:R_R1A6 u5:N1468953 u5:PSRP u5:R_NOISELESS R=100000000
u5:R_R40 u5:MID u5:VEE_CLP u5:R_NOISELESS R=1000000000
u5:V_VCM_MIN u5:N28602 u5:VEE_B DC=2
u5:C_C5 u5:MID u5:N1471231 CAPACITANCE=1.592e-14
u5:G_G11 u5:N55050 u5:MID u5:N56119 u5:MID GAIN=-1
u5:R_R1 u5:ESDP N003 u5:R_NOISELESS R=0.01
u5:R_R111 u5:N406634 u5:N317950 u5:R_NOISELESS R=1000000
u5:R_R3 u5:MID u5:ESDP u5:R_NOISELESS R=1000000000
u5:R_R8 u5:N10561 u5:CMRR_2 u5:R_NOISELESS R=1000
u5:C_C14 u5:MID u5:N56659 CAPACITANCE=1e-15
u5:C_C1A11 u5:N1475893 u5:N1475923 CAPACITANCE=7.579e-10
u5:C_C1A23 u5:N1464296 u5:N1464326 CAPACITANCE=3.789e-14
u5:G_G1 u5:N1475893 u5:MID u5:CL_CLAMP u5:N1475637 GAIN=-90.91
u5:G_G15 u5:CLAW_CLAMP u5:MID u5:N886969 u5:MID GAIN=-0.001
u5:R_R109 u5:VEE_B 0 u5:R_NOISELESS R=1
u5:R_R172 u5:N1468953 u5:MID u5:R_NOISELESS R=1
u5:R_R39 u5:MID u5:N44799 u5:R_NOISELESS R=1
u5:R_R53 u5:MID u5:N56733 u5:R_NOISELESS R=1
u5:I_I_Q N001 N017 DC=0.0115
u5:C_C34 u5:N317950 0 CAPACITANCE=1
u5:C_C_VCLP u5:VCLP u5:MID CAPACITANCE=1e-12
u5:E_E3 u5:N112292 u5:MID N019 u5:MID GAIN=1
u5:G_G69 u5:N1464296 u5:MID u5:ESDP u5:MID GAIN=-0.04234
u5:R_R36 u5:N42663 u5:MID u5:R_NOISELESS R=1
u5:R_R62 u5:MID u5:VSENSE u5:R_NOISELESS R=1000
u5:R_R65 u5:MID u5:CLAW_CLAMP u5:R_NOISELESS R=1000
u5:R_R9 u5:CMRR_2 u5:N11984 u5:R_NOISELESS R=0.001
u5:R_R_VCLP u5:N91498 u5:VCLP u5:R_NOISELESS R=100
u5:R_R_VIMON u5:VIMON u5:N110431 u5:R_NOISELESS R=100
u5:V_VCM_MAX u5:N30136 u5:VCC_B DC=-3
u5:C_C11 u5:N44757 u5:MID CAPACITANCE=1e-15
u5:C_C15 u5:N56721 u5:MID CAPACITANCE=1e-15
u5:C_C_VOUT_S u5:MID u5:VOUT_S CAPACITANCE=1e-12
u5:R_R166 u5:MID u5:N1471245 u5:R_NOISELESS R=1
u5:R_R169 u5:ESDP u5:ESDN u5:R_NOISELESS R=1000000000
u5:R_R25 u5:MID u5:N28602 u5:R_NOISELESS R=1000000000
u5:R_R27 u5:MID u5:N30913 u5:R_NOISELESS R=1
u5:R_R31 u5:VCC_CLP u5:MID u5:R_NOISELESS R=1000
u5:R_R81 u5:MID u5:N110431 u5:R_NOISELESS R=1000000000
.model u5:R_NOISELESS RES(T_ABS=-273.15)

u5:x_aol_2:G1 u5:MID u5:CLAMP I=if((0.000135*(v(u5:aolnet)-v(u5:mid)))<-0.01145,-0.01145,if((0.000135*(v(u5:aolnet)-v(u5:mid)))>0.01145,0.01145,0.000135*(v(u5:aolnet)-v(u5:mid))))

u5:x_clawn:G1 u5:VEE_B u5:N38050 I=table(v(u5:mid)-v(u5:vimon),0,0.0015,13.5,0.0015,95,0.0055,98,0.01304)

u5:x_claw_amp:GVO- u5:MID u5:N44799 I=if((v(u5:vout_s)-v(u5:mid))<(v(u5:vee_clp)-v(u5:mid)),v(u5:vee_clp)-v(u5:mid)-(v(u5:vout_s)-v(u5:mid)),0)
u5:x_claw_amp:GVO+ u5:MID u5:N42663 I=if((v(u5:vout_s)-v(u5:mid))>(v(u5:vcc_clp)-v(u5:mid)),v(u5:vout_s)-v(u5:mid)-(v(u5:vcc_clp)-v(u5:mid)),0)

u5:x_cl_amp:GVO- u5:MID u5:N45986 I=if((v(u5:vimon)-v(u5:mid))<(v(u5:n48550)-v(u5:mid)),v(u5:n48550)-v(u5:mid)-(v(u5:vimon)-v(u5:mid)),0)
u5:x_cl_amp:GVO+ u5:MID u5:N45856 I=if((v(u5:vimon)-v(u5:mid))>(v(u5:n50645)-v(u5:mid)),v(u5:vimon)-v(u5:mid)-(v(u5:n50645)-v(u5:mid)),0)

u5:x_esd_out:S1 N001 N019 N019 N001 u5:x_esd_out:ESD_SW 
u5:x_esd_out:S2 N019 N017 N017 N019 u5:x_esd_out:ESD_SW 
.model u5:x_esd_out:ESD_SW VSWITCH(RON=50 ROFF=1000000000000 VON=0.5 VOFF=0.45)

u5:x_gr_amp:GVO- u5:MID u5:N56733 I=if((v(u5:n61579)-v(u5:mid))<(v(u5:n56891)-v(u5:mid)),(v(u5:n56891)-v(u5:mid)-(v(u5:n61579)-v(u5:mid)))*10,0)
u5:x_gr_amp:GVO+ u5:MID u5:N56635 I=if((v(u5:n61579)-v(u5:mid))>(v(u5:n56919)-v(u5:mid)),(v(u5:n61579)-v(u5:mid)-(v(u5:n56919)-v(u5:mid)))*10,0)

u5:x_h1:H_H1 u5:OLN u5:MID CONTROL=u5:x_h1:VH_H1 GAIN=1
u5:x_h1:VH_H1 u5:N73852 u5:N166377 DC=0

u5:x_h3:H_H3 u5:N110431 u5:MID CONTROL=u5:x_h3:VH_H3 GAIN=-1000
u5:x_h3:VH_H3 N019 u5:N1475637 DC=0

u5:x_iq_n:G1 u5:MID N017 I=if((v(u5:mid)-v(u5:vimon))<=0,0,0.001*(v(u5:mid)-v(u5:vimon)))

u5:x_iq_p:G1 N001 u5:MID I=if((v(u5:vimon)-v(u5:mid))<=0,0,0.001*(v(u5:vimon)-v(u5:mid)))

u5:x_i_np:E1 u5:x_i_np:3 0 u5:x_i_np:5 0 GAIN=10
u5:x_i_np:R2 u5:x_i_np:5 0 R=483.1193599999999
u5:x_i_np:R1 u5:x_i_np:5 0 R=483.1193599999999
u5:x_i_np:G1 u5:N06456 u5:MID u5:x_i_np:3 0 GAIN=1e-06

u5:x_sw_ol:S1 u5:N1475893 u5:N1475923 u5:SW_OL_THS4631 u5:MID u5:x_sw_ol:OL_SW 
.model u5:x_sw_ol:OL_SW VSWITCH(RON=0.001 ROFF=1000000000 VON=0.9 VOFF=0.8)

u5:x_sw_or:S1 u5:N166817 u5:CLAMP u5:CLAMP u5:N166817 u5:x_sw_or:OR_SW 
u5:x_sw_or:S2 u5:CLAMP u5:N166377 u5:N166377 u5:CLAMP u5:x_sw_or:OR_SW 
.model u5:x_sw_or:OR_SW VSWITCH(RON=0.01 ROFF=1000000000 VON=0.01 VOFF=0)

u5:x_vos_drift:E1 u5:N10561 u5:N06456 V=-9.11e-05

u5:x_aol_1:G1 u5:MID u5:AOLNET I=if((0.0001*(v(u5:n31014)-v(u5:esdn)))<-0.5,-0.5,if((0.0001*(v(u5:n31014)-v(u5:esdn)))>0.5,0.5,0.0001*(v(u5:n31014)-v(u5:esdn))))

u5:x_clawp:G1 u5:N35669 u5:VCC_B I=table(v(u5:vimon)-v(u5:mid),0,0.0015,13.5,0.0015,95,0.0055,98,0.01304)

u5:x_claw_src:G1 u5:CLAW_CLAMP u5:MID I=if((v(u5:n42834)-v(u5:n44757))<-0.12,-0.12,if((v(u5:n42834)-v(u5:n44757))>0.12,0.12,v(u5:n42834)-v(u5:n44757)))

u5:x_cl_src:G1 u5:CL_CLAMP u5:MID I=if((v(u5:n45892)-v(u5:n45974))<-0.24,-0.24,if((v(u5:n45892)-v(u5:n45974))>0.24,0.24,v(u5:n45892)-v(u5:n45974)))

u5:x_esd_in:S1 N001 u5:ESDN u5:ESDN N001 u5:x_esd_in:ESD_SW 
u5:x_esd_in:S3 u5:ESDN N017 N017 u5:ESDN u5:x_esd_in:ESD_SW 
u5:x_esd_in:S4 u5:ESDP N017 N017 u5:ESDP u5:x_esd_in:ESD_SW 
u5:x_esd_in:S2 N001 u5:ESDP u5:ESDP N001 u5:x_esd_in:ESD_SW 
.model u5:x_esd_in:ESD_SW VSWITCH(RON=50 ROFF=1000000000000 VON=0.5 VOFF=0.45)

u5:x_e_n:I1 0 u5:x_e_n:7 DC=0.01
u5:x_e_n:I2 0 u5:x_e_n:8 DC=0.01
u5:x_e_n:E1 u5:x_e_n:3 u5:x_e_n:6 u5:x_e_n:7 u5:x_e_n:8 GAIN=0.05851211460866902
u5:x_e_n:R2 u5:x_e_n:3 0 R=1000000000
u5:x_e_n:R3 u5:x_e_n:3 u5:x_e_n:6 R=1000000000
u5:x_e_n:R4 u5:x_e_n:5 0 R=51.6532136
u5:x_e_n:R5 u5:x_e_n:5 0 R=51.6532136
u5:x_e_n:R6 u5:x_e_n:3 u5:x_e_n:4 R=1000000000
u5:x_e_n:R7 u5:x_e_n:4 0 R=1000000000
u5:x_e_n:D1 u5:x_e_n:7 0 u5:x_e_n:DVN 
u5:x_e_n:D2 u5:x_e_n:8 0 u5:x_e_n:DVN 
u5:x_e_n:R1 u5:x_e_n:3 0 R=1000000000
u5:x_e_n:E2 u5:x_e_n:6 u5:x_e_n:4 u5:x_e_n:5 0 GAIN=10
u5:x_e_n:E3 u5:ESDP u5:N06456 u5:x_e_n:3 u5:x_e_n:4 GAIN=1
.model u5:x_e_n:DVN D(KF=3.1622776601683794e-11 IS=1e-16)

u5:x_gr_src:G1 u5:CLAMP u5:MID I=if((v(u5:n56659)-v(u5:n56721))<-0.023,-0.023,if((v(u5:n56659)-v(u5:n56721))>0.023,0.023,v(u5:n56659)-v(u5:n56721)))

u5:x_h2:H_H2 u5:OLP u5:MID CONTROL=u5:x_h2:VH_H2 GAIN=-1
u5:x_h2:VH_H2 u5:N55050 u5:N166817 DC=0

u5:x_i_nn:E1 u5:x_i_nn:3 0 u5:x_i_nn:5 0 GAIN=10
u5:x_i_nn:R2 u5:x_i_nn:5 0 R=483.1193599999999
u5:x_i_nn:R1 u5:x_i_nn:5 0 R=483.1193599999999
u5:x_i_nn:G1 u5:ESDN u5:MID u5:x_i_nn:3 0 GAIN=1e-06

u5:x_ol_sense:GSW+ u5:MID u5:N69264 I=if(((v(u5:n68747)-v(u5:mid))>0.01)|((v(u5:n68594)-v(u5:mid))>0.01),1,0)

u5:x_vcm_clamp:G1 u5:MID u5:N30913 I=if((v(u5:n25816)-v(u5:mid))<if((v(u5:n28602)-v(u5:mid))>(v(u5:n30136)-v(u5:mid)),v(u5:n30136)-v(u5:mid),v(u5:n28602)-v(u5:mid)),if((v(u5:n28602)-v(u5:mid))>(v(u5:n30136)-v(u5:mid)),v(u5:n30136)-v(u5:mid),v(u5:n28602)-v(u5:mid)),if((v(u5:n25816)-v(u5:mid))>if((v(u5:n28602)-v(u5:mid))>(v(u5:n30136)-v(u5:mid)),v(u5:n28602)-v(u5:mid),v(u5:n30136)-v(u5:mid)),if((v(u5:n28602)-v(u5:mid))>(v(u5:n30136)-v(u5:mid)),v(u5:n28602)-v(u5:mid),v(u5:n30136)-v(u5:mid)),v(u5:n25816)-v(u5:mid)))

u5:x_zo_src:G1 u5:MID u5:N1475627 I=if((v(u5:n1475555)-v(u5:mid))<-5000,-5000,if((v(u5:n1475555)-v(u5:mid))>5000,5000,v(u5:n1475555)-v(u5:mid)))

u9:I_IS u9:N843683 0 DC=6.5e-05
u9:I_IBP N026 0 DC=3.0000000000000004e-08
u9:I_IBN N014 0 DC=3.0000000000000004e-08
u9:V_VOS u9:N785573 u9:IN+BUFF DC=0.0008
u9:R_RIS u9:N843683 N008 TC=(0,0) R=1e-06
u9:C_CINNL 0 N014 CAPACITANCE=5e-13 TC=(0,0)
u9:C_CINNH N014 N008 CAPACITANCE=5e-13 TC=(0,0)
u9:V_VHYST u9:N852568 0 DC=0
u9:E_E1 u9:N859495 u9:V-_BUFFER u9:N859473 u9:V-_BUFFER GAIN=2
u9:C_CINPL 0 N026 CAPACITANCE=5e-13 TC=(0,0)
u9:C_CINPH N026 N008 CAPACITANCE=5e-13 TC=(0,0)

u9:x_u4:T_TPD u9:x_u4:N03175 0 u9:N859473 0 Z0=50 TD=8.800000000000001e-08
u9:x_u4:R_RT 0 u9:N859473 TC=(0,0) R=50
u9:x_u4:R_RS u9:x_u4:N03175 u9:N21103 TC=(0,0) R=50

u9:x_u5:R_ROUTL u9:x_u5:N864939 u9:x_u5:N864649 TC=(0,0) R=60
u9:x_u5:C_COUTL 0 N025 CAPACITANCE=5e-13 TC=(0,0)
u9:x_u5:R_ROUTH u9:x_u5:N864649 u9:x_u5:N8645352 TC=(0,0) R=60
u9:x_u5:V_VLOGIC u9:x_u5:1V 0 DC=1
u9:x_u5:C_COUTH N025 N008 CAPACITANCE=5e-13 TC=(0,0)
u9:x_u5:L_L1 u9:x_u5:N864745 N025 INDUCTANCE=1e-09
u9:x_u5:V_V1 N008 u9:x_u5:N864557 DC=1

u9:x_u5:x_shiz:S_SHIZ u9:x_u5:N864745 u9:x_u5:N864649 u9:x_u5:CONTROL_HIZ 0 u9:x_u5:x_shiz:_SHIZ 
u9:x_u5:x_shiz:RS_SHIZ u9:x_u5:CONTROL_HIZ 0 R=1000000000
.model u9:x_u5:x_shiz:_SHIZ VSWITCH(Roff=1000000000000 Ron=1 Voff=1 Von=0)

u9:x_u5:x_svoh:S_SVOH u9:x_u5:N8645352 N008 u9:x_u5:N864589 u9:x_u5:N864557 u9:x_u5:x_svoh:_SVOH 
u9:x_u5:x_svoh:RS_SVOH u9:x_u5:N864589 u9:x_u5:N864557 R=1000000000
.model u9:x_u5:x_svoh:_SVOH VSWITCH(Roff=1000000000000 Ron=1 Voff=0 Von=1)

u9:x_u5:x_u3:E1 u9:x_u5:x_u3:3 0 V=if(v(u9:n859495)<1,v(u9:x_u5:n864557),v(n008))
u9:x_u5:x_u3:R1 u9:x_u5:x_u3:3 u9:x_u5:N864589 R=1

u9:x_u5:x_u7:EVMID u9:x_u5:x_u7:VMID 0 V=(v(u9:v+_buffer)+v(u9:v-_buffer))/2
u9:x_u5:x_u7:EOUT u9:x_u5:MID 0 V=v(u9:x_u5:x_u7:vmid)

u9:x_u5:x_u10:E1 u9:x_u5:x_u10:4 0 V=if((v(u9:x_u5:n865323)<(v(u9:x_u5:1v)/2))&(0<(v(u9:x_u5:1v)/2)),0,v(u9:x_u5:1v))
u9:x_u5:x_u10:R1 u9:x_u5:x_u10:4 u9:x_u5:CONTROL_MID R=1
u9:x_u5:x_u10:C1 u9:x_u5:CONTROL_MID 0 CAPACITANCE=1e-12

u9:x_u5:x_smid:S_SMID u9:x_u5:N864745 u9:x_u5:MID u9:x_u5:CONTROL_MID 0 u9:x_u5:x_smid:_SMID 
u9:x_u5:x_smid:RS_SMID u9:x_u5:CONTROL_MID 0 R=1000000000
.model u9:x_u5:x_smid:_SMID VSWITCH(Roff=1000000000000 Ron=1 Voff=1 Von=0)

u9:x_u5:x_svol:RS_SVOL u9:x_u5:N864589 u9:x_u5:N864557 R=1000000000
u9:x_u5:x_svol:S_SVOL 0 u9:x_u5:N864939 u9:x_u5:N864589 u9:x_u5:N864557 u9:x_u5:x_svol:_SVOL 
.model u9:x_u5:x_svol:_SVOL VSWITCH(Roff=1000000000000 Ron=1 Voff=1 Von=0)

u9:x_u5:x_u9:E2 u9:x_u5:N865323 0 V=if(v(u9:x_u5:control_hiz)>(v(u9:x_u5:1v)/2),0,v(u9:x_u5:1v))
u9:x_u5:x_u9:C1 u9:x_u5:CONTROL_HIZ 0 CAPACITANCE=1e-12

u9:x_u5:x_u8:E1 u9:x_u5:x_u8:6 0 V=if((((0>(v(u9:x_u5:1v)/2))|(v(u9:x_u2:x_u24:6)>(v(u9:x_u5:1v)/2)))|(v(u9:n21237)>(v(u9:x_u5:1v)/2)))|(v(u9:n21237)>(v(u9:x_u5:1v)/2)),v(u9:x_u5:1v),0)
u9:x_u5:x_u8:R1 u9:x_u5:CONTROL_HIZ u9:x_u5:x_u8:6 R=1

u9:x_u6:x_u1:EVDD_NEW u9:V+_BUFFER 0 V=v(n008)
u9:x_u6:x_u1:EVSS_NEW u9:V-_BUFFER 0 V=0

u9:x_u3:EVMID u9:x_u3:VMID 0 V=(v(u9:v+_buffer)+v(u9:v-_buffer))/2
u9:x_u3:EVH u9:x_u3:VH 0 V=v(u9:n852568)/2
u9:x_u3:EINNNEW u9:x_u3:INNNEW 0 V=if(v(u9:n21103)<v(u9:x_u3:vmid),v(u9:in-buff)+v(u9:x_u3:vh),v(u9:in-buff)-v(u9:x_u3:vh))
u9:x_u3:EOUT u9:x_u3:OUT 0 V=if(v(u9:n785573)>v(u9:x_u3:innnew),v(u9:v+_buffer),v(u9:v-_buffer))
u9:x_u3:R1 u9:x_u3:OUT u9:N21103 R=1
u9:x_u3:C1 u9:N21103 0 CAPACITANCE=1e-12

u9:x_u7:V_VS_MAX_SET u9:x_u7:N784593 u9:V-_BUFFER DC=5.51
u9:x_u7:V_VS_MIN_SET1 u9:x_u7:N784909 u9:V-_BUFFER DC=2.69
u9:x_u7:V_VLOGIC u9:x_u7:1V 0 DC=1
u9:x_u7:V_VS_MIN_SET u9:x_u7:N785081 0 DC=2.69

u9:x_u7:x_u17:E1 u9:x_u7:x_u17:4 0 V=if((v(u9:x_u7:n784697)<(v(u9:x_u7:1v)/2))&(v(u9:x_u7:n784807)<(v(u9:x_u7:1v)/2)),0,v(u9:x_u7:1v))
u9:x_u7:x_u17:R1 u9:x_u7:x_u17:4 u9:N21237 R=1
u9:x_u7:x_u17:C1 u9:N21237 0 CAPACITANCE=1e-12

u9:x_u7:x_u5:EOUT u9:x_u7:x_u5:OUT2 0 V=if(v(u9:x_u7:n784683)>=v(u9:x_u7:n784593),v(u9:x_u7:1v),0)
u9:x_u7:x_u5:R1 u9:x_u7:N784697 u9:x_u7:x_u5:OUT2 R=1
u9:x_u7:x_u5:C1 u9:x_u7:N784697 0 CAPACITANCE=1e-12

u9:x_u7:x_u16:EOUT u9:x_u7:x_u16:OUT2 0 V=if(v(u9:x_u7:n784909)>=v(u9:x_u7:n784683),v(u9:x_u7:1v),0)
u9:x_u7:x_u16:R1 u9:x_u7:N784807 u9:x_u7:x_u16:OUT2 R=1
u9:x_u7:x_u16:C1 u9:x_u7:N784807 0 CAPACITANCE=1e-12

u9:x_u7:x_u13:EOUT u9:x_u7:x_u13:OUT1 0 V=v(u9:v+_buffer)-v(u9:v-_buffer)
u9:x_u7:x_u13:R1 u9:x_u7:x_u13:OUT1 u9:x_u7:N784683 R=1

u9:x_u7:x_u15:EOUT u9:x_u7:x_u15:OUT2 0 V=if(v(u9:x_u7:n785081)>=v(u9:x_u7:n784683),v(u9:x_u7:1v),0)
u9:x_u7:x_u15:R1 0 u9:x_u7:x_u15:OUT2 R=1

u9:x_u2:V_VCMNP u9:x_u2:N20415 u9:V-_BUFFER DC=-0.1
u9:x_u2:V_VCMPN u9:x_u2:N202710 u9:V+_BUFFER DC=0.1
u9:x_u2:V_VCMPP u9:x_u2:N20155 u9:V+_BUFFER DC=0.1
u9:x_u2:V_VCMNN u9:x_u2:N20539 u9:V-_BUFFER DC=-0.1

u9:x_u2:x_u21:EOUT u9:x_u2:x_u21:OUT2 0 V=if(v(u9:x_u2:n202710)>=v(u9:in-buff),v(u9:v-_buffer),v(u9:v+_buffer))
u9:x_u2:x_u21:R1 u9:x_u2:x_u21:OUT2 u9:x_u2:N20833 R=1
u9:x_u2:x_u21:C1 u9:x_u2:N20833 0 CAPACITANCE=1e-12

u9:x_u2:x_u22:EOUT u9:x_u2:x_u22:OUT2 0 V=if(v(u9:in+buff)>=v(u9:x_u2:n20415),v(u9:v-_buffer),v(u9:v+_buffer))
u9:x_u2:x_u22:R1 u9:x_u2:x_u22:OUT2 u9:x_u2:N20840 R=1
u9:x_u2:x_u22:C1 u9:x_u2:N20840 0 CAPACITANCE=1e-12

u9:x_u2:x_u23:EOUT u9:x_u2:x_u23:OUT2 0 V=if(v(u9:in-buff)>=v(u9:x_u2:n20539),v(u9:v-_buffer),v(u9:v+_buffer))
u9:x_u2:x_u23:R1 u9:x_u2:x_u23:OUT2 u9:x_u2:N20531 R=1
u9:x_u2:x_u23:C1 u9:x_u2:N20531 0 CAPACITANCE=1e-12

u9:x_u2:x_u24:E1 u9:x_u2:x_u24:6 0 V=if((((v(u9:x_u2:n20826)>((v(u9:v+_buffer)+v(u9:v-_buffer))/2))|(v(u9:x_u2:n20833)>((v(u9:v+_buffer)+v(u9:v-_buffer))/2)))|(v(u9:x_u2:n20840)>((v(u9:v+_buffer)+v(u9:v-_buffer))/2)))|(v(u9:x_u2:n20531)>((v(u9:v+_buffer)+v(u9:v-_buffer))/2)),v(u9:v+_buffer),v(u9:v-_buffer))

u9:x_u2:x_u1:EOUT u9:x_u2:x_u1:OUT2 0 V=if(v(u9:x_u2:n20155)>=v(u9:in+buff),v(u9:v-_buffer),v(u9:v+_buffer))
u9:x_u2:x_u1:R1 u9:x_u2:x_u1:OUT2 u9:x_u2:N20826 R=1
u9:x_u2:x_u1:C1 u9:x_u2:N20826 0 CAPACITANCE=1e-12

u9:x_u1:x_u1:EVDD_NEW u9:IN+BUFF 0 V=v(n026)
u9:x_u1:x_u1:EVSS_NEW u9:IN-BUFF 0 V=v(n014)

 < binary model file >

 < binary model file >

 < binary model file >

u6:CB_IN N025 0 CAPACITANCE=2.77e-12
u6:CC_IN N027 0 CAPACITANCE=2.77e-12
u6:RB_IN N025 0 R=1000000000000
u6:RC_IN N027 0 R=1000000000000
u6:BA_SET u6:A_SET 0 V=0
u6:BA_RST u6:A_RST 0 V=1
u6:SA_SET N028 u6:A_LOG u6:A_SET 0 u6:LVC123_SWLOG 
u6:SB_RST u6:B_LOG 0 u6:B_RST 0 u6:LVC123_SWLOG 
u6:RB_LOG u6:B_LOG 0 R=1000000000000000
u6:BC_D u6:C_D 0 V=delay(v(n027),1e-09)
u6:CINT_TIM N023 0 CAPACITANCE=4.7e-11
u6:SDIS N023 0 u6:DIS 0 u6:LVC123_SWTIM 
u6:BQ_D u6:Q_D 0 V=delay(v(u6:q_cmd),2e-09)
u6:RQ_LEAK N007 0 R=1000000000000
u6:CA_LOG u6:A_LOG 0 CAPACITANCE=1e-12 IC=0
u6:BTR_A u6:TR_A 0 V=if((u(time-3.0000000000000004e-09)*u(v(n028)-1)*u(0.5*v(n028)-v(u6:a_log))*u(v(u6:a_d)-0.5*v(n028))*u(v(u6:b_log)-0.5*v(n028))*u(v(n027)-3.5))>0.5,1,0)
u6:RTRIG u6:TRIG 0 R=1000000000
u6:SSTATE_SET N028 u6:STATE u6:TRIG 0 u6:LVC123_SWLOG 
u6:BRESET u6:RESET 0 V=if(v(n027)<1.5,1,if(v(u6:state)>(0.5*v(n028)),if(v(u6:trig)<0.5,if(v(n023)>(0.6321205588285577*v(n028)),1,0),0),0))
u6:BPU N007 N028 I=if((v(n028)>1)*(v(u6:q_d)>0.5),(v(n007)-v(n028))/37.5,0)
u6:BPD N007 0 I=if((v(n028)>1)*(v(u6:q_d)<0.5),v(n007)/17.2,0)
u6:CQ_OUT N007 0 CAPACITANCE=8.58e-12
u6:DQ_NEG 0 N007 u6:LVC123_DNEG 
u6:DB_NEG 0 N025 u6:LVC123_DNEG 
u6:BB_SET u6:B_SET 0 V=if(v(n025)>3.5,1,0)
u6:BB_RST u6:B_RST 0 V=if(v(n025)<1.5,1,0)
u6:SB_SET N028 u6:B_LOG u6:B_SET 0 u6:LVC123_SWLOG 
u6:CB_LOG u6:B_LOG 0 CAPACITANCE=1e-12 IC=0
u6:BA_D u6:A_D 0 V=delay(v(u6:a_log),1e-09)
u6:BTR_C u6:TR_C 0 V=if((u(time-3.0000000000000004e-09)*u(v(n028)-1)*u(v(n027)-3.5)*u(3.5-v(u6:c_d))*u(0.5*v(n028)-v(u6:a_log))*u(v(u6:b_log)-0.5*v(n028)))>0.5,1,0)
u6:RSTATE u6:STATE 0 R=1000000000000000
u6:RRESET u6:RESET 0 R=1000000000
u6:BQ_CMD u6:Q_CMD 0 V=if((v(n028)>1)*(v(n027)>1.5)*(v(u6:state)>(0.5*v(n028))),1,0)
u6:DC_NEG 0 N027 u6:LVC123_DNEG 
u6:SA_RST u6:A_LOG 0 u6:A_RST 0 u6:LVC123_SWLOG 
u6:RA_LOG u6:A_LOG 0 R=1000000000000000
u6:BB_D u6:B_D 0 V=delay(v(u6:b_log),1e-09)
u6:BTR_B u6:TR_B 0 V=if((u(time-3.0000000000000004e-09)*u(v(n028)-1)*u(v(u6:b_log)-0.5*v(n028))*u(0.5*v(n028)-v(u6:b_d))*u(0.5*v(n028)-v(u6:a_log))*u(v(n027)-3.5))>0.5,1,0)
u6:BTRIG u6:TRIG 0 V=if((v(u6:tr_a)+v(u6:tr_b)+v(u6:tr_c))>0.5,1,0)
u6:RRC_LEAK N023 0 R=1000000000000
u6:CSTATE u6:STATE 0 CAPACITANCE=1e-12 IC=0
u6:SSTATE_RST u6:STATE 0 u6:RESET 0 u6:LVC123_SWLOG 
u6:BDIS u6:DIS 0 V=if(v(n027)<1.5,1,if(v(u6:state)<(0.5*v(n028)),1,0))
u6:SRETRIG N023 0 u6:TRIG 0 u6:LVC123_SWTIM 
u6:RDIS u6:DIS 0 R=1000000000
.model u6:LVC123_SWLOG SW(Ron=0.05 Roff=1000000000000000 Vt=0.5 Vh=0.05)
.model u6:LVC123_SWTIM SW(Ron=0.01 Roff=1000000000000000 Vt=0.5 Vh=0.05)
.model u6:LVC123_DNEG D(Is=1e-14 N=1 Rs=0.5 Cjo=3e-13 Bv=7 Ibv=0.001)

u7:CB_IN N021 0 CAPACITANCE=2.77e-12
u7:CC_IN N022 0 CAPACITANCE=2.77e-12
u7:RB_IN N021 0 R=1000000000000
u7:RC_IN N022 0 R=1000000000000
u7:BA_SET u7:A_SET 0 V=if(v(n007)>3.5,1,0)
u7:BA_RST u7:A_RST 0 V=if(v(n007)<1.5,1,0)
u7:SA_SET N024 u7:A_LOG u7:A_SET 0 u7:LVC123_SWLOG 
u7:SB_RST u7:B_LOG 0 u7:B_RST 0 u7:LVC123_SWLOG 
u7:RB_LOG u7:B_LOG 0 R=1000000000000000
u7:BC_D u7:C_D 0 V=delay(v(n022),1e-09)
u7:CINT_TIM N020 0 CAPACITANCE=4.7e-11
u7:SDIS N020 0 u7:DIS 0 u7:LVC123_SWTIM 
u7:BQ_D u7:Q_D 0 V=delay(v(u7:q_cmd),2e-09)
u7:RQ_LEAK N018 0 R=1000000000000
u7:RA_IN N007 0 R=1000000000000
u7:DA_NEG 0 N007 u7:LVC123_DNEG 
u7:CA_LOG u7:A_LOG 0 CAPACITANCE=1e-12 IC=0
u7:BTR_A u7:TR_A 0 V=if((u(time-3.0000000000000004e-09)*u(v(n024)-1)*u(0.5*v(n024)-v(u7:a_log))*u(v(u7:a_d)-0.5*v(n024))*u(v(u7:b_log)-0.5*v(n024))*u(v(n022)-3.5))>0.5,1,0)
u7:RTRIG u7:TRIG 0 R=1000000000
u7:SSTATE_SET N024 u7:STATE u7:TRIG 0 u7:LVC123_SWLOG 
u7:BRESET u7:RESET 0 V=if(v(n022)<1.5,1,if(v(u7:state)>(0.5*v(n024)),if(v(u7:trig)<0.5,if(v(n020)>(0.6321205588285577*v(n024)),1,0),0),0))
u7:BPU N018 N024 I=if((v(n024)>1)*(v(u7:q_d)>0.5),(v(n018)-v(n024))/37.5,0)
u7:BPD N018 0 I=if((v(n024)>1)*(v(u7:q_d)<0.5),v(n018)/17.2,0)
u7:CQ_OUT N018 0 CAPACITANCE=8.58e-12
u7:DQ_NEG 0 N018 u7:LVC123_DNEG 
u7:DB_NEG 0 N021 u7:LVC123_DNEG 
u7:BB_SET u7:B_SET 0 V=if(v(n021)>3.5,1,0)
u7:BB_RST u7:B_RST 0 V=if(v(n021)<1.5,1,0)
u7:SB_SET N024 u7:B_LOG u7:B_SET 0 u7:LVC123_SWLOG 
u7:CB_LOG u7:B_LOG 0 CAPACITANCE=1e-12 IC=0
u7:BA_D u7:A_D 0 V=delay(v(u7:a_log),1e-09)
u7:BTR_C u7:TR_C 0 V=if((u(time-3.0000000000000004e-09)*u(v(n024)-1)*u(v(n022)-3.5)*u(3.5-v(u7:c_d))*u(0.5*v(n024)-v(u7:a_log))*u(v(u7:b_log)-0.5*v(n024)))>0.5,1,0)
u7:RSTATE u7:STATE 0 R=1000000000000000
u7:RRESET u7:RESET 0 R=1000000000
u7:BQ_CMD u7:Q_CMD 0 V=if((v(n024)>1)*(v(n022)>1.5)*(v(u7:state)>(0.5*v(n024))),1,0)
u7:CA_IN N007 0 CAPACITANCE=2.77e-12
u7:DC_NEG 0 N022 u7:LVC123_DNEG 
u7:SA_RST u7:A_LOG 0 u7:A_RST 0 u7:LVC123_SWLOG 
u7:RA_LOG u7:A_LOG 0 R=1000000000000000
u7:BB_D u7:B_D 0 V=delay(v(u7:b_log),1e-09)
u7:BTR_B u7:TR_B 0 V=if((u(time-3.0000000000000004e-09)*u(v(n024)-1)*u(v(u7:b_log)-0.5*v(n024))*u(0.5*v(n024)-v(u7:b_d))*u(0.5*v(n024)-v(u7:a_log))*u(v(n022)-3.5))>0.5,1,0)
u7:BTRIG u7:TRIG 0 V=if((v(u7:tr_a)+v(u7:tr_b)+v(u7:tr_c))>0.5,1,0)
u7:RRC_LEAK N020 0 R=1000000000000
u7:CSTATE u7:STATE 0 CAPACITANCE=1e-12 IC=0
u7:SSTATE_RST u7:STATE 0 u7:RESET 0 u7:LVC123_SWLOG 
u7:BDIS u7:DIS 0 V=if(v(n022)<1.5,1,if(v(u7:state)<(0.5*v(n024)),1,0))
u7:SRETRIG N020 0 u7:TRIG 0 u7:LVC123_SWTIM 
u7:RDIS u7:DIS 0 R=1000000000
.model u7:LVC123_SWLOG SW(Ron=0.05 Roff=1000000000000000 Vt=0.5 Vh=0.05)
.model u7:LVC123_SWTIM SW(Ron=0.01 Roff=1000000000000000 Vt=0.5 Vh=0.05)
.model u7:LVC123_DNEG D(Is=1e-14 N=1 Rs=0.5 Cjo=3e-13 Bv=7 Ibv=0.001)

 < binary model file >

.end

solver = Normal
Maximum thread count: 32
tnom = 27
temp = 27
method = trap
Direct Newton iteration failed to find operating point.
Starting Gmin stepping
Gmin stepping succeeded in finding the operating point.

Total elapsed time: 2.352 seconds.

Files loaded:
E:\天格\比赛\SPICE\Analog\Analog.net
C:\Users\sora\AppData\Local\LTspice\lib\cmp\standard.dio
C:\Users\sora\AppData\Local\LTspice\lib\sub\ADA4807.sub
C:\Users\sora\AppData\Local\LTspice\lib\sub\ADG721.sub
C:\Users\sora\AppData\Local\LTspice\lib\sub\lmv7239.lib
C:\Users\sora\AppData\Local\LTspice\lib\sub\LTC6993-3.sub
C:\Users\sora\AppData\Local\LTspice\lib\sub\SN74LVC1G123_LTspice(2).lib
C:\Users\sora\AppData\Local\LTspice\lib\sub\ths4631_b.lib

