C:/Users/sora/Documents/Codex/2026-08-05/stm32g474vet6-ad7980-arm-brm-adg721-stm32cubemx/outputs/STM32G474_AD7980_FinalAdaptive/Drivers/STM32G4xx_HAL_Driver/Src/stm32g4xx_hal_gpio.c:162:6:HAL_GPIO_Init	56	static
C:/Users/sora/Documents/Codex/2026-08-05/stm32g474vet6-ad7980-arm-brm-adg721-stm32cubemx/outputs/STM32G474_AD7980_FinalAdaptive/Drivers/STM32G4xx_HAL_Driver/Src/stm32g4xx_hal_gpio.c:293:6:HAL_GPIO_DeInit	36	static
C:/Users/sora/Documents/Codex/2026-08-05/stm32g474vet6-ad7980-arm-brm-adg721-stm32cubemx/outputs/STM32G474_AD7980_FinalAdaptive/Drivers/STM32G4xx_HAL_Driver/Src/stm32g4xx_hal_gpio.c:374:15:HAL_GPIO_ReadPin	0	static
C:/Users/sora/Documents/Codex/2026-08-05/stm32g474vet6-ad7980-arm-brm-adg721-stm32cubemx/outputs/STM32G474_AD7980_FinalAdaptive/Drivers/STM32G4xx_HAL_Driver/Src/stm32g4xx_hal_gpio.c:408:6:HAL_GPIO_WritePin	0	static
C:/Users/sora/Documents/Codex/2026-08-05/stm32g474vet6-ad7980-arm-brm-adg721-stm32cubemx/outputs/STM32G474_AD7980_FinalAdaptive/Drivers/STM32G4xx_HAL_Driver/Src/stm32g4xx_hal_gpio.c:431:6:HAL_GPIO_TogglePin	0	static
C:/Users/sora/Documents/Codex/2026-08-05/stm32g474vet6-ad7980-arm-brm-adg721-stm32cubemx/outputs/STM32G474_AD7980_FinalAdaptive/Drivers/STM32G4xx_HAL_Driver/Src/stm32g4xx_hal_gpio.c:456:19:HAL_GPIO_LockPin	8	static
C:/Users/sora/Documents/Codex/2026-08-05/stm32g474vet6-ad7980-arm-brm-adg721-stm32cubemx/outputs/STM32G474_AD7980_FinalAdaptive/Drivers/STM32G4xx_HAL_Driver/Src/stm32g4xx_hal_gpio.c:506:13:HAL_GPIO_EXTI_Callback	0	static
C:/Users/sora/Documents/Codex/2026-08-05/stm32g474vet6-ad7980-arm-brm-adg721-stm32cubemx/outputs/STM32G474_AD7980_FinalAdaptive/Drivers/STM32G4xx_HAL_Driver/Src/stm32g4xx_hal_gpio.c:491:6:HAL_GPIO_EXTI_IRQHandler	8	static
