LTspice 26.0.2 for Windows
Circuit: E:\天格\比赛\SPICE\preamp+invertadder+ph.net
Start Time: Mon Jul 27 17:34:13 2026
    --- Expanded Netlist ---
.options trtol=7 reltol=0.003 abstol=1e-09 vntol=9.999999999999999e-06

R2 N003 0 R=470
I1 0 N003 EXP=(0,0.001,2e-06,1e-09,2e-06,1.0000000000000001e-07)
I2 0 N019 EXP=(0,0.01,2e-06,1e-09,2e-06,1.0000000000000001e-07)
C4 N019 0 CAPACITANCE=3.3000000000000004e-08
R5 N006 N004 R=320
R12 N017 N015 R=50
R15 N010 N005 R=22
R18 N021 N020 R=320
V1 N001 0 DC=5
R3 N020 N019 R=250
R4 N019 0 R=470
R6 N006 N020 R=320
R7 N007 N006 R=500
C5 N007 N006 CAPACITANCE=5e-12
R8 N016 N001 R=150
R9 N001 0 R=1000
R11 N015 N018 R=820
R14 N017 0 R=10000
R10 N013 N006 R=22
R13 N018 N012 R=150
R1 N004 N003 R=250
V2 N011 0 DC=-5
C3 N020 N019 CAPACITANCE=1e-09
C2 N003 0 CAPACITANCE=3.3000000000000004e-08
D1 N014 N005 BAT17 
D2 N018 N014 BAT17 
V3 N008 0 PULSE=(0,3.3,4e-06,1e-09,1e-09,4.9999999999999996e-06)
V4 N002 0 DC=3.3
R17 N023 N021 R=22
V6 N009 0 PULSE=(3.3,0,3.5e-06,1e-09,1e-09,3e-06)
C1 N004 N003 CAPACITANCE=1e-09
C6 0 N010 CAPACITANCE=5.6e-10
I3 0 N019 EXP=(0,0.001,4e-06,1e-09,4e-06,1.0000000000000001e-07)
R16 N022 N021 R=500
C7 N022 N021 CAPACITANCE=5e-12
.model BAT17 D(IS=1.4700000000000001e-08 RS=4.6 N=1.04 CJO=1.3999999999999999e-12 VJ=0.3 M=0.27 TT=3.0000000000000004e-09 BV=4.5 IBV=9.999999999999999e-06 EG=0.69 XTI=2)

u5:C_C12 u5:MID u5:N45892 CAPACITANCE=1e-15
u5:C_C18 u5:MID u5:N68594 CAPACITANCE=1e-12
u5:C_C1A u5:N725398 u5:N725428 CAPACITANCE=1.592e-05
u5:C_C1A10 u5:N789898 u5:N789912 CAPACITANCE=3.423e-13
u5:C_C35 u5:N406794 0 CAPACITANCE=1e-15
u5:G_G8 u5:VCC_CLP u5:MID u5:N35813 u5:MID GAIN=-0.001
u5:R_R112 u5:N317950 u5:N406794 u5:R_NOISELESS R=1000000
u5:R_R113 u5:N406794 u5:VEE_B u5:R_NOISELESS R=0.001
u5:R_R1A u5:N725428 u5:N725398 u5:R_NOISELESS R=10000
u5:R_R1A1 u5:N701935 u5:N701965 u5:R_NOISELESS R=10000
u5:R_R2A13 u5:MID u5:N725428 u5:R_NOISELESS R=101
u5:R_R32 u5:N38050 u5:VEE_B u5:R_NOISELESS R=1000
u5:R_R48 u5:MID u5:N55050 u5:R_NOISELESS R=1
u5:R_R5 u5:N709083 u5:MID u5:R_NOISELESS R=1
u5:R_R56 u5:N68747 u5:OLN u5:R_NOISELESS R=100
u5:C_C1A4 u5:N709083 u5:N709113 CAPACITANCE=6.366e-08
u5:C_C1_0 u5:MID u5:N79181 CAPACITANCE=2.35e-08
u5:C_C_CMP u5:ESDP u5:MID CAPACITANCE=2.5e-12
u5:I_I_B u5:N06456 u5:MID DC=2e-12
u5:R_R134 u5:N694641 u5:MID u5:R_NOISELESS R=1
u5:R_R137 u5:MID u5:N725398 u5:R_NOISELESS R=1
u5:R_R145 u5:MID u5:N821901 u5:R_NOISELESS R=1
u5:R_R151 u5:N892256 u5:N894736 u5:R_NOISELESS R=10
u5:R_R1A4 u5:N709083 u5:N709113 u5:R_NOISELESS R=100000000
u5:R_R2 u5:ESDN N003 u5:R_NOISELESS R=0.01
u5:R_R43 u5:N45892 u5:N45856 u5:R_NOISELESS R=0.001
u5:R_R58 u5:N69264 u5:MID u5:R_NOISELESS R=1
u5:R_R59 u5:N69264 u5:SW_OL_OPA810 u5:R_NOISELESS R=100
u5:R_R60 u5:MID u5:AOLNET u5:R_NOISELESS R=1000000
u5:C_C36 u5:N894736 u5:N892256 CAPACITANCE=2.274e-10
u5:C_C_DIFF u5:ESDN u5:ESDP CAPACITANCE=5e-13
u5:I_I_OS u5:ESDN u5:MID DC=1e-12
u5:R_R110 u5:VCC_B u5:N406634 u5:R_NOISELESS R=0.001
u5:R_R1A12 u5:MID u5:N804105 u5:R_NOISE R=15
u5:G_G9 u5:VEE_CLP u5:MID u5:N38096 u5:MID GAIN=-0.001
u5:C_C17 u5:MID u5:N68747 CAPACITANCE=1e-12
u5:G_G7 u5:N694487 u5:MID u5:N694641 u5:MID GAIN=-1
u5:R_R11 u5:MID u5:N725346 u5:R_NOISELESS R=1
u5:R_R1A10 u5:N789898 u5:N789912 u5:R_NOISELESS R=100000000
u5:R_R34 u5:VEE_CLP u5:MID u5:R_NOISELESS R=1000
u5:V_V_ORN u5:N55875 u5:VCLP DC=-68.5
u5:G_G58 u5:N704975 u5:MID u5:VEE_B u5:MID GAIN=-1.664
u5:R_R30 u5:N35813 u5:N35669 u5:R_NOISELESS R=0.001
u5:R_R33 u5:N38096 u5:N38050 u5:R_NOISELESS R=0.001
u5:R_R83 u5:MID u5:N112292 u5:R_NOISELESS R=1000000000
u5:C_C19 u5:MID u5:SW_OL_OPA810 CAPACITANCE=1e-12
u5:C_C8 u5:MID u5:N35813 CAPACITANCE=1e-15
u5:G_G55 u5:N701935 u5:MID u5:N789912 u5:MID GAIN=-222.22
u5:G_G60 u5:N06456 u5:MID u5:N799160 u5:MID GAIN=-1e-05
u5:R_R139 u5:MID u5:N725214 u5:R_NOISELESS R=1
u5:R_R1A3 u5:N704975 u5:N705005 u5:R_NOISELESS R=100000000
u5:R_R1C2 u5:N725836 u5:N725214 u5:R_NOISELESS R=10000
u5:R_R41 u5:MID u5:N50645 u5:R_NOISELESS R=1000000000
u5:R_R42 u5:N45856 u5:MID u5:R_NOISELESS R=1
u5:V_V_ISCP u5:N50645 u5:MID DC=120
u5:V_V_ORP u5:N56119 u5:VCLP DC=37.13
u5:C_C1C1 u5:N821901 u5:N725762 CAPACITANCE=1.592e-07
u5:C_C1D u5:MID u5:N725708 CAPACITANCE=9.362e-14
u5:C_C7 u5:N31014 u5:MID CAPACITANCE=1e-15
u5:E_E6 u5:MID 0 u5:N317950 0 GAIN=1
u5:G_G36 u5:VCC_B 0 N001 0 GAIN=-1
u5:G_G62 u5:N821901 u5:MID u5:N725428 u5:MID GAIN=-100
u5:G_G63 u5:N892256 u5:MID u5:N694487 u5:MID GAIN=-1.3
u5:G_GD4 u5:N725214 u5:MID u5:N725574 u5:MID GAIN=-0.3
u5:R_R108 u5:N317950 0 u5:R_NOISELESS R=1000000000000
u5:R_R141 u5:N789898 u5:MID u5:R_NOISELESS R=1
u5:R_R4 u5:ESDN u5:MID u5:R_NOISELESS R=1000000000000
u5:R_R45 u5:MID u5:N45986 u5:R_NOISELESS R=1
u5:R_RDUMMY1 u5:MID u5:N516723 u5:R_NOISELESS R=10000
u5:R_RX1 u5:N516723 u5:N725936 u5:R_NOISELESS R=100000
u5:C_C1A1 u5:N701935 u5:N701965 CAPACITANCE=3.537e-12
u5:C_C3 u5:MID u5:N694487 CAPACITANCE=7.4e-10
u5:C_C9 u5:MID u5:N38096 CAPACITANCE=1e-15
u5:C_C_CMN u5:MID u5:ESDN CAPACITANCE=2.5e-12
u5:G_GD5 u5:N725936 u5:MID u5:N725836 u5:MID GAIN=-166.7
u5:R_R26 u5:N30136 u5:MID u5:R_NOISELESS R=1000000000
u5:R_R28 u5:N31014 u5:N30913 u5:R_NOISELESS R=0.001
u5:R_R46 u5:MID u5:N48550 u5:R_NOISELESS R=1000000000
u5:R_R66 u5:MID u5:CL_CLAMP u5:R_NOISELESS R=1000
u5:R_R_VOUT_S u5:VOUT_S u5:N112292 u5:R_NOISELESS R=100
u5:R_R2D u5:N725574 u5:N725346 u5:R_NOISELESS R=367800
u5:C_C1A9 u5:N704975 u5:N705005 CAPACITANCE=8.377e-08
u5:C_C33 u5:N406634 0 CAPACITANCE=1e-15
u5:G_G10 u5:N73852 u5:MID u5:N55875 u5:MID GAIN=-1
u5:G_G2 u5:N10570 u5:N10561 u5:N701965 u5:MID GAIN=-0.001
u5:R_R133 u5:N694487 u5:MID u5:R_NOISELESS R=1
u5:R_R150 u5:N894736 u5:MID u5:R_NOISELESS R=33.3
u5:R_R2C1 u5:MID u5:N725762 u5:R_NOISELESS R=416.7
u5:R_R44 u5:N45974 u5:N45986 u5:R_NOISELESS R=0.001
u5:V_V_ISCN u5:N48550 u5:MID DC=-120
u5:G_G6 u5:N25816 u5:N11984 u5:N709113 u5:N705005 GAIN=-0.001
u5:G_GB u5:N725346 u5:MID u5:N725762 u5:MID GAIN=-25
u5:R_R107 u5:VCC_B 0 u5:R_NOISELESS R=1
u5:R_R2A1 u5:N701965 u5:MID u5:R_NOISELESS R=45.2
u5:R_R2A10 u5:N705005 u5:MID u5:R_NOISELESS R=0.019
u5:R_R47 u5:MID u5:N73852 u5:R_NOISELESS R=1
u5:E_E2 u5:N91498 u5:MID u5:CL_CLAMP u5:MID GAIN=1
u5:C_C13 u5:N45974 u5:MID CAPACITANCE=1e-15
u5:C_C_VIMON u5:MID u5:VIMON CAPACITANCE=1e-09
u5:G_G16 u5:CL_CLAMP u5:MID u5:N894736 u5:MID GAIN=-0.001
u5:R_R1D1 u5:N725708 u5:N725574 u5:R_NOISELESS R=10000
u5:R_R21 u5:N11984 u5:N25816 u5:R_NOISELESS R=1000
u5:R_R29 u5:N35669 u5:VCC_B u5:R_NOISELESS R=1000
u5:R_R57 u5:N68594 u5:OLP u5:R_NOISELESS R=100
u5:C_C2 u5:MID u5:N694641 CAPACITANCE=7.4e-10
u5:G_G37 u5:VEE_B 0 N011 0 GAIN=-1
u5:G_G56 u5:N709083 u5:MID u5:VCC_B u5:MID GAIN=-1.265
u5:G_G59 u5:N789898 u5:MID u5:ESDP u5:MID GAIN=-0.029750000000000002
u5:V_VCM_MIN u5:N28602 u5:VEE_B DC=-0.2
u5:C_C1C3 u5:N725214 u5:N725836 CAPACITANCE=2.653e-14
u5:G_G11 u5:N55050 u5:MID u5:N56119 u5:MID GAIN=-1
u5:G_G54 u5:N694641 u5:MID u5:N79181 u5:MID GAIN=-1
u5:R_R1 u5:ESDP 0 u5:R_NOISELESS R=0.01
u5:R_R111 u5:N406634 u5:N317950 u5:R_NOISELESS R=1000000
u5:R_R140 u5:MID u5:N725936 u5:R_NOISELESS R=1
u5:R_R3 u5:MID u5:ESDP u5:R_NOISELESS R=1000000000000
u5:R_R8 u5:N10561 u5:N10570 u5:R_NOISELESS R=1000
u5:G_G1 u5:N725398 u5:MID u5:CL_CLAMP u5:N516723 GAIN=-90.91
u5:R_R109 u5:VEE_B 0 u5:R_NOISELESS R=1
u5:R_R149 u5:N892256 u5:MID u5:R_NOISELESS R=1
u5:R_R1A11 u5:MID u5:N799160 u5:R_NOISE R=15
u5:R_R2A11 u5:N789912 u5:MID u5:R_NOISELESS R=465
u5:R_R2A4 u5:N709113 u5:MID u5:R_NOISELESS R=0.025
u5:C_C34 u5:N317950 0 CAPACITANCE=1
u5:C_C_VCLP u5:VCLP u5:MID CAPACITANCE=1e-12
u5:E_E3 u5:N112292 u5:MID N004 u5:MID GAIN=1
u5:G_G61 u5:ESDN u5:MID u5:N804105 u5:MID GAIN=-1e-05
u5:I_I_Q N001 N011 DC=0.0019
u5:R_R135 u5:N701935 u5:MID u5:R_NOISELESS R=1
u5:R_R136 u5:N704975 u5:MID u5:R_NOISELESS R=1
u5:R_R9 u5:N10570 u5:N11984 u5:R_NOISELESS R=0.001
u5:R_R_VCLP u5:N91498 u5:VCLP u5:R_NOISELESS R=100
u5:R_R_VIMON u5:VIMON u5:N110431 u5:R_NOISELESS R=100
u5:V_VCM_MAX u5:N30136 u5:VCC_B DC=0.15
u5:C_C_VOUT_S u5:MID u5:VOUT_S CAPACITANCE=1e-09
u5:R_R1C1 u5:N725762 u5:N821901 u5:R_NOISELESS R=10000
u5:R_R25 u5:MID u5:N28602 u5:R_NOISELESS R=1000000000
u5:R_R27 u5:MID u5:N30913 u5:R_NOISELESS R=1
u5:R_R2C3 u5:MID u5:N725836 u5:R_NOISELESS R=60.36
u5:R_R31 u5:VCC_CLP u5:MID u5:R_NOISELESS R=1000
u5:R_R81 u5:MID u5:N110431 u5:R_NOISELESS R=1000000000
.model u5:R_NOISELESS RES(T_ABS=-273.15)
.model u5:R_NOISE RES(T_ABS=0)

u5:x_aol_2:G1 u5:MID u5:N79181 I=if((0.001*(v(u5:aolnet)-v(u5:mid)))<-5.6,-5.6,if((0.001*(v(u5:aolnet)-v(u5:mid)))>5.6,5.6,0.001*(v(u5:aolnet)-v(u5:mid))))

u5:x_clawn:G1 u5:VEE_B u5:N38050 I=table(v(u5:mid)-v(u5:vimon),0,0.0001,30,0.0001,40,0.0001,60,0.0001,70,0.0001,80,0.0002,90,0.0003,100,0.0004,110,0.005,120,0.01)

u5:x_cl_amp:GVO- u5:MID u5:N45986 I=if((v(u5:vimon)-v(u5:mid))<(v(u5:n48550)-v(u5:mid)),v(u5:n48550)-v(u5:mid)-(v(u5:vimon)-v(u5:mid)),0)
u5:x_cl_amp:GVO+ u5:MID u5:N45856 I=if((v(u5:vimon)-v(u5:mid))>(v(u5:n50645)-v(u5:mid)),v(u5:vimon)-v(u5:mid)-(v(u5:n50645)-v(u5:mid)),0)

u5:x_esd_out:S1 N001 N004 N004 N001 u5:x_esd_out:ESD_SW 
u5:x_esd_out:S2 N004 N011 N011 N004 u5:x_esd_out:ESD_SW 
.model u5:x_esd_out:ESD_SW VSWITCH(RON=50 ROFF=1000000000000 VON=0.5 VOFF=0.45)

u5:x_h1:H_H1 u5:OLN u5:MID CONTROL=u5:x_h1:VH_H1 GAIN=1
u5:x_h1:VH_H1 u5:N73852 u5:N166377 DC=0

u5:x_h3:H_H3 u5:N110431 u5:MID CONTROL=u5:x_h3:VH_H3 GAIN=-1000
u5:x_h3:VH_H3 N004 u5:N516723 DC=0

u5:x_iq_n:G1 u5:MID N011 I=if((v(u5:mid)-v(u5:vimon))<=0,0,0.001*(v(u5:mid)-v(u5:vimon)))

u5:x_iq_p:G1 N001 u5:MID I=if((v(u5:vimon)-v(u5:mid))<=0,0,0.001*(v(u5:vimon)-v(u5:mid)))

u5:x_s1:S_S1 u5:N79181 u5:MID N004 u5:VCC_CLP u5:x_s1:_S1 
u5:x_s1:RS_S1 N004 u5:VCC_CLP R=1000000000
.model u5:x_s1:_S1 VSWITCH(ROFF=200000 RON=0.5 VOFF=-1 VON=0.4)

u5:x_sw_ol:S1 u5:N725398 u5:N725428 u5:SW_OL_OPA810 u5:MID u5:x_sw_ol:OL_SW 
.model u5:x_sw_ol:OL_SW VSWITCH(RON=0.001 ROFF=1000000000 VON=0.9 VOFF=0.8)

u5:x_sw_or:S1 u5:N166817 u5:CLAMP u5:CLAMP u5:N166817 u5:x_sw_or:OR_SW 
u5:x_sw_or:S2 u5:CLAMP u5:N166377 u5:N166377 u5:CLAMP u5:x_sw_or:OR_SW 
.model u5:x_sw_or:OR_SW VSWITCH(RON=0.01 ROFF=1000000000 VON=0.01 VOFF=0)

u5:x_vos_drift:E1 u5:N749288 u5:N06456 V=7.61e-05

u5:x_aol_1:G1 u5:MID u5:AOLNET I=if((0.01*(v(u5:n31014)-v(u5:esdn)))<-0.5,-0.5,if((0.01*(v(u5:n31014)-v(u5:esdn)))>0.5,0.5,0.01*(v(u5:n31014)-v(u5:esdn))))

u5:x_clawp:G1 u5:N35669 u5:VCC_B I=table(v(u5:vimon)-v(u5:mid),0,8e-05,30,0.0001,40,0.00028,50,0.00036,60,0.0005,70,0.001,80,0.002,90,0.004,100,0.008,110,0.016,120,0.032)

u5:x_cl_src:G1 u5:CL_CLAMP u5:MID I=if((v(u5:n45892)-v(u5:n45974))<-16.8,-16.8,if((v(u5:n45892)-v(u5:n45974))>16.8,16.8,v(u5:n45892)-v(u5:n45974)))

u5:x_e_n:I1 0 u5:x_e_n:7 DC=0.01
u5:x_e_n:I2 0 u5:x_e_n:8 DC=0.01
u5:x_e_n:E1 u5:x_e_n:3 u5:x_e_n:6 u5:x_e_n:7 u5:x_e_n:8 GAIN=0.57490221389735
u5:x_e_n:R2 u5:x_e_n:3 0 R=1000000000
u5:x_e_n:R3 u5:x_e_n:3 u5:x_e_n:6 R=1000000000
u5:x_e_n:R4 u5:x_e_n:5 0 R=38.46816
u5:x_e_n:R5 u5:x_e_n:5 0 R=38.46816
u5:x_e_n:R6 u5:x_e_n:3 u5:x_e_n:4 R=1000000000
u5:x_e_n:R7 u5:x_e_n:4 0 R=1000000000
u5:x_e_n:D1 u5:x_e_n:7 0 u5:x_e_n:DVN 
u5:x_e_n:D2 u5:x_e_n:8 0 u5:x_e_n:DVN 
u5:x_e_n:R1 u5:x_e_n:3 0 R=1000000000
u5:x_e_n:E2 u5:x_e_n:6 u5:x_e_n:4 u5:x_e_n:5 0 GAIN=10
u5:x_e_n:E3 u5:ESDP u5:N06456 u5:x_e_n:3 u5:x_e_n:4 GAIN=1
.model u5:x_e_n:DVN D(KF=3.1622776601683794e-12 IS=1e-16)

u5:x_h2:H_H2 u5:OLP u5:MID CONTROL=u5:x_h2:VH_H2 GAIN=-1
u5:x_h2:VH_H2 u5:N55050 u5:N166817 DC=0

u5:x_ol_sense:GSW+ u5:MID u5:N69264 I=if(((v(u5:n68747)-v(u5:mid))>0.01)|((v(u5:n68594)-v(u5:mid))>0.01),1,0)

u5:x_s2:S_S2 u5:N79181 u5:MID u5:VEE_CLP N004 u5:x_s2:_S2 
u5:x_s2:RS_S2 u5:VEE_CLP N004 R=1000000000
.model u5:x_s2:_S2 VSWITCH(ROFF=200000 RON=0.5 VOFF=-1 VON=0.4)

u5:x_vcm_clamp:G1 u5:MID u5:N30913 I=if((v(u5:n25816)-v(u5:mid))<if((v(u5:n28602)-v(u5:mid))>(v(u5:n30136)-v(u5:mid)),v(u5:n30136)-v(u5:mid),v(u5:n28602)-v(u5:mid)),if((v(u5:n28602)-v(u5:mid))>(v(u5:n30136)-v(u5:mid)),v(u5:n30136)-v(u5:mid),v(u5:n28602)-v(u5:mid)),if((v(u5:n25816)-v(u5:mid))>if((v(u5:n28602)-v(u5:mid))>(v(u5:n30136)-v(u5:mid)),v(u5:n28602)-v(u5:mid),v(u5:n30136)-v(u5:mid)),if((v(u5:n28602)-v(u5:mid))>(v(u5:n30136)-v(u5:mid)),v(u5:n28602)-v(u5:mid),v(u5:n30136)-v(u5:mid)),v(u5:n25816)-v(u5:mid)))

u5:x_vos_vs_vcm:E1 u5:N10561 u5:x_vos_vs_vcm:1 V=table(v(n001)-v(u5:n749288),0.35,0.00045,0.4,0.000435,0.55,0.000275,0.65,0.00015,0.75,7.5e-05,0.85,2.5e-05,1,0)
u5:x_vos_vs_vcm:V1 u5:x_vos_vs_vcm:1 u5:N749288 DC=0

 < binary model file >

 < binary model file >

 < binary model file >

 < binary model file >

u1:C_C12 u1:MID u1:N45892 CAPACITANCE=1e-15
u1:C_C18 u1:MID u1:N68594 CAPACITANCE=1e-12
u1:C_C1A u1:N725398 u1:N725428 CAPACITANCE=1.592e-05
u1:C_C1A10 u1:N789898 u1:N789912 CAPACITANCE=3.423e-13
u1:C_C35 u1:N406794 0 CAPACITANCE=1e-15
u1:G_G8 u1:VCC_CLP u1:MID u1:N35813 u1:MID GAIN=-0.001
u1:R_R112 u1:N317950 u1:N406794 u1:R_NOISELESS R=1000000
u1:R_R113 u1:N406794 u1:VEE_B u1:R_NOISELESS R=0.001
u1:R_R1A u1:N725428 u1:N725398 u1:R_NOISELESS R=10000
u1:R_R1A1 u1:N701935 u1:N701965 u1:R_NOISELESS R=10000
u1:R_R2A13 u1:MID u1:N725428 u1:R_NOISELESS R=101
u1:R_R32 u1:N38050 u1:VEE_B u1:R_NOISELESS R=1000
u1:R_R48 u1:MID u1:N55050 u1:R_NOISELESS R=1
u1:R_R5 u1:N709083 u1:MID u1:R_NOISELESS R=1
u1:R_R56 u1:N68747 u1:OLN u1:R_NOISELESS R=100
u1:C_C1A4 u1:N709083 u1:N709113 CAPACITANCE=6.366e-08
u1:C_C1_0 u1:MID u1:N79181 CAPACITANCE=2.35e-08
u1:C_C_CMP u1:ESDP u1:MID CAPACITANCE=2.5e-12
u1:I_I_B u1:N06456 u1:MID DC=2e-12
u1:R_R134 u1:N694641 u1:MID u1:R_NOISELESS R=1
u1:R_R137 u1:MID u1:N725398 u1:R_NOISELESS R=1
u1:R_R145 u1:MID u1:N821901 u1:R_NOISELESS R=1
u1:R_R151 u1:N892256 u1:N894736 u1:R_NOISELESS R=10
u1:R_R1A4 u1:N709083 u1:N709113 u1:R_NOISELESS R=100000000
u1:R_R2 u1:ESDN N005 u1:R_NOISELESS R=0.01
u1:R_R43 u1:N45892 u1:N45856 u1:R_NOISELESS R=0.001
u1:R_R58 u1:N69264 u1:MID u1:R_NOISELESS R=1
u1:R_R59 u1:N69264 u1:SW_OL_OPA810 u1:R_NOISELESS R=100
u1:R_R60 u1:MID u1:AOLNET u1:R_NOISELESS R=1000000
u1:C_C36 u1:N894736 u1:N892256 CAPACITANCE=2.274e-10
u1:C_C_DIFF u1:ESDN u1:ESDP CAPACITANCE=5e-13
u1:I_I_OS u1:ESDN u1:MID DC=1e-12
u1:R_R110 u1:VCC_B u1:N406634 u1:R_NOISELESS R=0.001
u1:R_R1A12 u1:MID u1:N804105 u1:R_NOISE R=15
u1:G_G9 u1:VEE_CLP u1:MID u1:N38096 u1:MID GAIN=-0.001
u1:C_C17 u1:MID u1:N68747 CAPACITANCE=1e-12
u1:G_G7 u1:N694487 u1:MID u1:N694641 u1:MID GAIN=-1
u1:R_R11 u1:MID u1:N725346 u1:R_NOISELESS R=1
u1:R_R1A10 u1:N789898 u1:N789912 u1:R_NOISELESS R=100000000
u1:R_R34 u1:VEE_CLP u1:MID u1:R_NOISELESS R=1000
u1:V_V_ORN u1:N55875 u1:VCLP DC=-68.5
u1:G_G58 u1:N704975 u1:MID u1:VEE_B u1:MID GAIN=-1.664
u1:R_R30 u1:N35813 u1:N35669 u1:R_NOISELESS R=0.001
u1:R_R33 u1:N38096 u1:N38050 u1:R_NOISELESS R=0.001
u1:R_R83 u1:MID u1:N112292 u1:R_NOISELESS R=1000000000
u1:C_C19 u1:MID u1:SW_OL_OPA810 CAPACITANCE=1e-12
u1:C_C8 u1:MID u1:N35813 CAPACITANCE=1e-15
u1:G_G55 u1:N701935 u1:MID u1:N789912 u1:MID GAIN=-222.22
u1:G_G60 u1:N06456 u1:MID u1:N799160 u1:MID GAIN=-1e-05
u1:R_R139 u1:MID u1:N725214 u1:R_NOISELESS R=1
u1:R_R1A3 u1:N704975 u1:N705005 u1:R_NOISELESS R=100000000
u1:R_R1C2 u1:N725836 u1:N725214 u1:R_NOISELESS R=10000
u1:R_R41 u1:MID u1:N50645 u1:R_NOISELESS R=1000000000
u1:R_R42 u1:N45856 u1:MID u1:R_NOISELESS R=1
u1:V_V_ISCP u1:N50645 u1:MID DC=120
u1:V_V_ORP u1:N56119 u1:VCLP DC=37.13
u1:C_C1C1 u1:N821901 u1:N725762 CAPACITANCE=1.592e-07
u1:C_C1D u1:MID u1:N725708 CAPACITANCE=9.362e-14
u1:C_C7 u1:N31014 u1:MID CAPACITANCE=1e-15
u1:E_E6 u1:MID 0 u1:N317950 0 GAIN=1
u1:G_G36 u1:VCC_B 0 N001 0 GAIN=-1
u1:G_G62 u1:N821901 u1:MID u1:N725428 u1:MID GAIN=-100
u1:G_G63 u1:N892256 u1:MID u1:N694487 u1:MID GAIN=-1.3
u1:G_GD4 u1:N725214 u1:MID u1:N725574 u1:MID GAIN=-0.3
u1:R_R108 u1:N317950 0 u1:R_NOISELESS R=1000000000000
u1:R_R141 u1:N789898 u1:MID u1:R_NOISELESS R=1
u1:R_R4 u1:ESDN u1:MID u1:R_NOISELESS R=1000000000000
u1:R_R45 u1:MID u1:N45986 u1:R_NOISELESS R=1
u1:R_RDUMMY1 u1:MID u1:N516723 u1:R_NOISELESS R=10000
u1:R_RX1 u1:N516723 u1:N725936 u1:R_NOISELESS R=100000
u1:C_C1A1 u1:N701935 u1:N701965 CAPACITANCE=3.537e-12
u1:C_C3 u1:MID u1:N694487 CAPACITANCE=7.4e-10
u1:C_C9 u1:MID u1:N38096 CAPACITANCE=1e-15
u1:C_C_CMN u1:MID u1:ESDN CAPACITANCE=2.5e-12
u1:G_GD5 u1:N725936 u1:MID u1:N725836 u1:MID GAIN=-166.7
u1:R_R26 u1:N30136 u1:MID u1:R_NOISELESS R=1000000000
u1:R_R28 u1:N31014 u1:N30913 u1:R_NOISELESS R=0.001
u1:R_R46 u1:MID u1:N48550 u1:R_NOISELESS R=1000000000
u1:R_R66 u1:MID u1:CL_CLAMP u1:R_NOISELESS R=1000
u1:R_R_VOUT_S u1:VOUT_S u1:N112292 u1:R_NOISELESS R=100
u1:R_R2D u1:N725574 u1:N725346 u1:R_NOISELESS R=367800
u1:C_C1A9 u1:N704975 u1:N705005 CAPACITANCE=8.377e-08
u1:C_C33 u1:N406634 0 CAPACITANCE=1e-15
u1:G_G10 u1:N73852 u1:MID u1:N55875 u1:MID GAIN=-1
u1:G_G2 u1:N10570 u1:N10561 u1:N701965 u1:MID GAIN=-0.001
u1:R_R133 u1:N694487 u1:MID u1:R_NOISELESS R=1
u1:R_R150 u1:N894736 u1:MID u1:R_NOISELESS R=33.3
u1:R_R2C1 u1:MID u1:N725762 u1:R_NOISELESS R=416.7
u1:R_R44 u1:N45974 u1:N45986 u1:R_NOISELESS R=0.001
u1:V_V_ISCN u1:N48550 u1:MID DC=-120
u1:G_G6 u1:N25816 u1:N11984 u1:N709113 u1:N705005 GAIN=-0.001
u1:G_GB u1:N725346 u1:MID u1:N725762 u1:MID GAIN=-25
u1:R_R107 u1:VCC_B 0 u1:R_NOISELESS R=1
u1:R_R2A1 u1:N701965 u1:MID u1:R_NOISELESS R=45.2
u1:R_R2A10 u1:N705005 u1:MID u1:R_NOISELESS R=0.019
u1:R_R47 u1:MID u1:N73852 u1:R_NOISELESS R=1
u1:E_E2 u1:N91498 u1:MID u1:CL_CLAMP u1:MID GAIN=1
u1:C_C13 u1:N45974 u1:MID CAPACITANCE=1e-15
u1:C_C_VIMON u1:MID u1:VIMON CAPACITANCE=1e-09
u1:G_G16 u1:CL_CLAMP u1:MID u1:N894736 u1:MID GAIN=-0.001
u1:R_R1D1 u1:N725708 u1:N725574 u1:R_NOISELESS R=10000
u1:R_R21 u1:N11984 u1:N25816 u1:R_NOISELESS R=1000
u1:R_R29 u1:N35669 u1:VCC_B u1:R_NOISELESS R=1000
u1:R_R57 u1:N68594 u1:OLP u1:R_NOISELESS R=100
u1:C_C2 u1:MID u1:N694641 CAPACITANCE=7.4e-10
u1:G_G37 u1:VEE_B 0 N011 0 GAIN=-1
u1:G_G56 u1:N709083 u1:MID u1:VCC_B u1:MID GAIN=-1.265
u1:G_G59 u1:N789898 u1:MID u1:ESDP u1:MID GAIN=-0.029750000000000002
u1:V_VCM_MIN u1:N28602 u1:VEE_B DC=-0.2
u1:C_C1C3 u1:N725214 u1:N725836 CAPACITANCE=2.653e-14
u1:G_G11 u1:N55050 u1:MID u1:N56119 u1:MID GAIN=-1
u1:G_G54 u1:N694641 u1:MID u1:N79181 u1:MID GAIN=-1
u1:R_R1 u1:ESDP N015 u1:R_NOISELESS R=0.01
u1:R_R111 u1:N406634 u1:N317950 u1:R_NOISELESS R=1000000
u1:R_R140 u1:MID u1:N725936 u1:R_NOISELESS R=1
u1:R_R3 u1:MID u1:ESDP u1:R_NOISELESS R=1000000000000
u1:R_R8 u1:N10561 u1:N10570 u1:R_NOISELESS R=1000
u1:G_G1 u1:N725398 u1:MID u1:CL_CLAMP u1:N516723 GAIN=-90.91
u1:R_R109 u1:VEE_B 0 u1:R_NOISELESS R=1
u1:R_R149 u1:N892256 u1:MID u1:R_NOISELESS R=1
u1:R_R1A11 u1:MID u1:N799160 u1:R_NOISE R=15
u1:R_R2A11 u1:N789912 u1:MID u1:R_NOISELESS R=465
u1:R_R2A4 u1:N709113 u1:MID u1:R_NOISELESS R=0.025
u1:C_C34 u1:N317950 0 CAPACITANCE=1
u1:C_C_VCLP u1:VCLP u1:MID CAPACITANCE=1e-12
u1:E_E3 u1:N112292 u1:MID N015 u1:MID GAIN=1
u1:G_G61 u1:ESDN u1:MID u1:N804105 u1:MID GAIN=-1e-05
u1:I_I_Q N001 N011 DC=0.0019
u1:R_R135 u1:N701935 u1:MID u1:R_NOISELESS R=1
u1:R_R136 u1:N704975 u1:MID u1:R_NOISELESS R=1
u1:R_R9 u1:N10570 u1:N11984 u1:R_NOISELESS R=0.001
u1:R_R_VCLP u1:N91498 u1:VCLP u1:R_NOISELESS R=100
u1:R_R_VIMON u1:VIMON u1:N110431 u1:R_NOISELESS R=100
u1:V_VCM_MAX u1:N30136 u1:VCC_B DC=0.15
u1:C_C_VOUT_S u1:MID u1:VOUT_S CAPACITANCE=1e-09
u1:R_R1C1 u1:N725762 u1:N821901 u1:R_NOISELESS R=10000
u1:R_R25 u1:MID u1:N28602 u1:R_NOISELESS R=1000000000
u1:R_R27 u1:MID u1:N30913 u1:R_NOISELESS R=1
u1:R_R2C3 u1:MID u1:N725836 u1:R_NOISELESS R=60.36
u1:R_R31 u1:VCC_CLP u1:MID u1:R_NOISELESS R=1000
u1:R_R81 u1:MID u1:N110431 u1:R_NOISELESS R=1000000000
.model u1:R_NOISELESS RES(T_ABS=-273.15)
.model u1:R_NOISE RES(T_ABS=0)

u1:x_aol_2:G1 u1:MID u1:N79181 I=if((0.001*(v(u1:aolnet)-v(u1:mid)))<-5.6,-5.6,if((0.001*(v(u1:aolnet)-v(u1:mid)))>5.6,5.6,0.001*(v(u1:aolnet)-v(u1:mid))))

u1:x_clawn:G1 u1:VEE_B u1:N38050 I=table(v(u1:mid)-v(u1:vimon),0,0.0001,30,0.0001,40,0.0001,60,0.0001,70,0.0001,80,0.0002,90,0.0003,100,0.0004,110,0.005,120,0.01)

u1:x_cl_amp:GVO- u1:MID u1:N45986 I=if((v(u1:vimon)-v(u1:mid))<(v(u1:n48550)-v(u1:mid)),v(u1:n48550)-v(u1:mid)-(v(u1:vimon)-v(u1:mid)),0)
u1:x_cl_amp:GVO+ u1:MID u1:N45856 I=if((v(u1:vimon)-v(u1:mid))>(v(u1:n50645)-v(u1:mid)),v(u1:vimon)-v(u1:mid)-(v(u1:n50645)-v(u1:mid)),0)

u1:x_esd_out:S1 N001 N015 N015 N001 u1:x_esd_out:ESD_SW 
u1:x_esd_out:S2 N015 N011 N011 N015 u1:x_esd_out:ESD_SW 
.model u1:x_esd_out:ESD_SW VSWITCH(RON=50 ROFF=1000000000000 VON=0.5 VOFF=0.45)

u1:x_h1:H_H1 u1:OLN u1:MID CONTROL=u1:x_h1:VH_H1 GAIN=1
u1:x_h1:VH_H1 u1:N73852 u1:N166377 DC=0

u1:x_h3:H_H3 u1:N110431 u1:MID CONTROL=u1:x_h3:VH_H3 GAIN=-1000
u1:x_h3:VH_H3 N015 u1:N516723 DC=0

u1:x_iq_n:G1 u1:MID N011 I=if((v(u1:mid)-v(u1:vimon))<=0,0,0.001*(v(u1:mid)-v(u1:vimon)))

u1:x_iq_p:G1 N001 u1:MID I=if((v(u1:vimon)-v(u1:mid))<=0,0,0.001*(v(u1:vimon)-v(u1:mid)))

u1:x_s1:S_S1 u1:N79181 u1:MID N015 u1:VCC_CLP u1:x_s1:_S1 
u1:x_s1:RS_S1 N015 u1:VCC_CLP R=1000000000
.model u1:x_s1:_S1 VSWITCH(ROFF=200000 RON=0.5 VOFF=-1 VON=0.4)

u1:x_sw_ol:S1 u1:N725398 u1:N725428 u1:SW_OL_OPA810 u1:MID u1:x_sw_ol:OL_SW 
.model u1:x_sw_ol:OL_SW VSWITCH(RON=0.001 ROFF=1000000000 VON=0.9 VOFF=0.8)

u1:x_sw_or:S1 u1:N166817 u1:CLAMP u1:CLAMP u1:N166817 u1:x_sw_or:OR_SW 
u1:x_sw_or:S2 u1:CLAMP u1:N166377 u1:N166377 u1:CLAMP u1:x_sw_or:OR_SW 
.model u1:x_sw_or:OR_SW VSWITCH(RON=0.01 ROFF=1000000000 VON=0.01 VOFF=0)

u1:x_vos_drift:E1 u1:N749288 u1:N06456 V=7.61e-05

u1:x_aol_1:G1 u1:MID u1:AOLNET I=if((0.01*(v(u1:n31014)-v(u1:esdn)))<-0.5,-0.5,if((0.01*(v(u1:n31014)-v(u1:esdn)))>0.5,0.5,0.01*(v(u1:n31014)-v(u1:esdn))))

u1:x_clawp:G1 u1:N35669 u1:VCC_B I=table(v(u1:vimon)-v(u1:mid),0,8e-05,30,0.0001,40,0.00028,50,0.00036,60,0.0005,70,0.001,80,0.002,90,0.004,100,0.008,110,0.016,120,0.032)

u1:x_cl_src:G1 u1:CL_CLAMP u1:MID I=if((v(u1:n45892)-v(u1:n45974))<-16.8,-16.8,if((v(u1:n45892)-v(u1:n45974))>16.8,16.8,v(u1:n45892)-v(u1:n45974)))

u1:x_e_n:I1 0 u1:x_e_n:7 DC=0.01
u1:x_e_n:I2 0 u1:x_e_n:8 DC=0.01
u1:x_e_n:E1 u1:x_e_n:3 u1:x_e_n:6 u1:x_e_n:7 u1:x_e_n:8 GAIN=0.57490221389735
u1:x_e_n:R2 u1:x_e_n:3 0 R=1000000000
u1:x_e_n:R3 u1:x_e_n:3 u1:x_e_n:6 R=1000000000
u1:x_e_n:R4 u1:x_e_n:5 0 R=38.46816
u1:x_e_n:R5 u1:x_e_n:5 0 R=38.46816
u1:x_e_n:R6 u1:x_e_n:3 u1:x_e_n:4 R=1000000000
u1:x_e_n:R7 u1:x_e_n:4 0 R=1000000000
u1:x_e_n:D1 u1:x_e_n:7 0 u1:x_e_n:DVN 
u1:x_e_n:D2 u1:x_e_n:8 0 u1:x_e_n:DVN 
u1:x_e_n:R1 u1:x_e_n:3 0 R=1000000000
u1:x_e_n:E2 u1:x_e_n:6 u1:x_e_n:4 u1:x_e_n:5 0 GAIN=10
u1:x_e_n:E3 u1:ESDP u1:N06456 u1:x_e_n:3 u1:x_e_n:4 GAIN=1
.model u1:x_e_n:DVN D(KF=3.1622776601683794e-12 IS=1e-16)

u1:x_h2:H_H2 u1:OLP u1:MID CONTROL=u1:x_h2:VH_H2 GAIN=-1
u1:x_h2:VH_H2 u1:N55050 u1:N166817 DC=0

u1:x_ol_sense:GSW+ u1:MID u1:N69264 I=if(((v(u1:n68747)-v(u1:mid))>0.01)|((v(u1:n68594)-v(u1:mid))>0.01),1,0)

u1:x_s2:S_S2 u1:N79181 u1:MID u1:VEE_CLP N015 u1:x_s2:_S2 
u1:x_s2:RS_S2 u1:VEE_CLP N015 R=1000000000
.model u1:x_s2:_S2 VSWITCH(ROFF=200000 RON=0.5 VOFF=-1 VON=0.4)

u1:x_vcm_clamp:G1 u1:MID u1:N30913 I=if((v(u1:n25816)-v(u1:mid))<if((v(u1:n28602)-v(u1:mid))>(v(u1:n30136)-v(u1:mid)),v(u1:n30136)-v(u1:mid),v(u1:n28602)-v(u1:mid)),if((v(u1:n28602)-v(u1:mid))>(v(u1:n30136)-v(u1:mid)),v(u1:n30136)-v(u1:mid),v(u1:n28602)-v(u1:mid)),if((v(u1:n25816)-v(u1:mid))>if((v(u1:n28602)-v(u1:mid))>(v(u1:n30136)-v(u1:mid)),v(u1:n28602)-v(u1:mid),v(u1:n30136)-v(u1:mid)),if((v(u1:n28602)-v(u1:mid))>(v(u1:n30136)-v(u1:mid)),v(u1:n28602)-v(u1:mid),v(u1:n30136)-v(u1:mid)),v(u1:n25816)-v(u1:mid)))

u1:x_vos_vs_vcm:E1 u1:N10561 u1:x_vos_vs_vcm:1 V=table(v(n001)-v(u1:n749288),0.35,0.00045,0.4,0.000435,0.55,0.000275,0.65,0.00015,0.75,7.5e-05,0.85,2.5e-05,1,0)
u1:x_vos_vs_vcm:V1 u1:x_vos_vs_vcm:1 u1:N749288 DC=0

u8:C_C12 u8:MID u8:N45892 CAPACITANCE=1e-15
u8:C_C18 u8:MID u8:N68594 CAPACITANCE=1e-12
u8:C_C1A u8:N725398 u8:N725428 CAPACITANCE=1.592e-05
u8:C_C1A10 u8:N789898 u8:N789912 CAPACITANCE=3.423e-13
u8:C_C35 u8:N406794 0 CAPACITANCE=1e-15
u8:G_G8 u8:VCC_CLP u8:MID u8:N35813 u8:MID GAIN=-0.001
u8:R_R112 u8:N317950 u8:N406794 u8:R_NOISELESS R=1000000
u8:R_R113 u8:N406794 u8:VEE_B u8:R_NOISELESS R=0.001
u8:R_R1A u8:N725428 u8:N725398 u8:R_NOISELESS R=10000
u8:R_R1A1 u8:N701935 u8:N701965 u8:R_NOISELESS R=10000
u8:R_R2A13 u8:MID u8:N725428 u8:R_NOISELESS R=101
u8:R_R32 u8:N38050 u8:VEE_B u8:R_NOISELESS R=1000
u8:R_R48 u8:MID u8:N55050 u8:R_NOISELESS R=1
u8:R_R5 u8:N709083 u8:MID u8:R_NOISELESS R=1
u8:R_R56 u8:N68747 u8:OLN u8:R_NOISELESS R=100
u8:C_C1A4 u8:N709083 u8:N709113 CAPACITANCE=6.366e-08
u8:C_C1_0 u8:MID u8:N79181 CAPACITANCE=2.35e-08
u8:C_C_CMP u8:ESDP u8:MID CAPACITANCE=2.5e-12
u8:I_I_B u8:N06456 u8:MID DC=2e-12
u8:R_R134 u8:N694641 u8:MID u8:R_NOISELESS R=1
u8:R_R137 u8:MID u8:N725398 u8:R_NOISELESS R=1
u8:R_R145 u8:MID u8:N821901 u8:R_NOISELESS R=1
u8:R_R151 u8:N892256 u8:N894736 u8:R_NOISELESS R=10
u8:R_R1A4 u8:N709083 u8:N709113 u8:R_NOISELESS R=100000000
u8:R_R2 u8:ESDN N019 u8:R_NOISELESS R=0.01
u8:R_R43 u8:N45892 u8:N45856 u8:R_NOISELESS R=0.001
u8:R_R58 u8:N69264 u8:MID u8:R_NOISELESS R=1
u8:R_R59 u8:N69264 u8:SW_OL_OPA810 u8:R_NOISELESS R=100
u8:R_R60 u8:MID u8:AOLNET u8:R_NOISELESS R=1000000
u8:C_C36 u8:N894736 u8:N892256 CAPACITANCE=2.274e-10
u8:C_C_DIFF u8:ESDN u8:ESDP CAPACITANCE=5e-13
u8:I_I_OS u8:ESDN u8:MID DC=1e-12
u8:R_R110 u8:VCC_B u8:N406634 u8:R_NOISELESS R=0.001
u8:R_R1A12 u8:MID u8:N804105 u8:R_NOISE R=15
u8:G_G9 u8:VEE_CLP u8:MID u8:N38096 u8:MID GAIN=-0.001
u8:C_C17 u8:MID u8:N68747 CAPACITANCE=1e-12
u8:G_G7 u8:N694487 u8:MID u8:N694641 u8:MID GAIN=-1
u8:R_R11 u8:MID u8:N725346 u8:R_NOISELESS R=1
u8:R_R1A10 u8:N789898 u8:N789912 u8:R_NOISELESS R=100000000
u8:R_R34 u8:VEE_CLP u8:MID u8:R_NOISELESS R=1000
u8:V_V_ORN u8:N55875 u8:VCLP DC=-68.5
u8:G_G58 u8:N704975 u8:MID u8:VEE_B u8:MID GAIN=-1.664
u8:R_R30 u8:N35813 u8:N35669 u8:R_NOISELESS R=0.001
u8:R_R33 u8:N38096 u8:N38050 u8:R_NOISELESS R=0.001
u8:R_R83 u8:MID u8:N112292 u8:R_NOISELESS R=1000000000
u8:C_C19 u8:MID u8:SW_OL_OPA810 CAPACITANCE=1e-12
u8:C_C8 u8:MID u8:N35813 CAPACITANCE=1e-15
u8:G_G55 u8:N701935 u8:MID u8:N789912 u8:MID GAIN=-222.22
u8:G_G60 u8:N06456 u8:MID u8:N799160 u8:MID GAIN=-1e-05
u8:R_R139 u8:MID u8:N725214 u8:R_NOISELESS R=1
u8:R_R1A3 u8:N704975 u8:N705005 u8:R_NOISELESS R=100000000
u8:R_R1C2 u8:N725836 u8:N725214 u8:R_NOISELESS R=10000
u8:R_R41 u8:MID u8:N50645 u8:R_NOISELESS R=1000000000
u8:R_R42 u8:N45856 u8:MID u8:R_NOISELESS R=1
u8:V_V_ISCP u8:N50645 u8:MID DC=120
u8:V_V_ORP u8:N56119 u8:VCLP DC=37.13
u8:C_C1C1 u8:N821901 u8:N725762 CAPACITANCE=1.592e-07
u8:C_C1D u8:MID u8:N725708 CAPACITANCE=9.362e-14
u8:C_C7 u8:N31014 u8:MID CAPACITANCE=1e-15
u8:E_E6 u8:MID 0 u8:N317950 0 GAIN=1
u8:G_G36 u8:VCC_B 0 N001 0 GAIN=-1
u8:G_G62 u8:N821901 u8:MID u8:N725428 u8:MID GAIN=-100
u8:G_G63 u8:N892256 u8:MID u8:N694487 u8:MID GAIN=-1.3
u8:G_GD4 u8:N725214 u8:MID u8:N725574 u8:MID GAIN=-0.3
u8:R_R108 u8:N317950 0 u8:R_NOISELESS R=1000000000000
u8:R_R141 u8:N789898 u8:MID u8:R_NOISELESS R=1
u8:R_R4 u8:ESDN u8:MID u8:R_NOISELESS R=1000000000000
u8:R_R45 u8:MID u8:N45986 u8:R_NOISELESS R=1
u8:R_RDUMMY1 u8:MID u8:N516723 u8:R_NOISELESS R=10000
u8:R_RX1 u8:N516723 u8:N725936 u8:R_NOISELESS R=100000
u8:C_C1A1 u8:N701935 u8:N701965 CAPACITANCE=3.537e-12
u8:C_C3 u8:MID u8:N694487 CAPACITANCE=7.4e-10
u8:C_C9 u8:MID u8:N38096 CAPACITANCE=1e-15
u8:C_C_CMN u8:MID u8:ESDN CAPACITANCE=2.5e-12
u8:G_GD5 u8:N725936 u8:MID u8:N725836 u8:MID GAIN=-166.7
u8:R_R26 u8:N30136 u8:MID u8:R_NOISELESS R=1000000000
u8:R_R28 u8:N31014 u8:N30913 u8:R_NOISELESS R=0.001
u8:R_R46 u8:MID u8:N48550 u8:R_NOISELESS R=1000000000
u8:R_R66 u8:MID u8:CL_CLAMP u8:R_NOISELESS R=1000
u8:R_R_VOUT_S u8:VOUT_S u8:N112292 u8:R_NOISELESS R=100
u8:R_R2D u8:N725574 u8:N725346 u8:R_NOISELESS R=367800
u8:C_C1A9 u8:N704975 u8:N705005 CAPACITANCE=8.377e-08
u8:C_C33 u8:N406634 0 CAPACITANCE=1e-15
u8:G_G10 u8:N73852 u8:MID u8:N55875 u8:MID GAIN=-1
u8:G_G2 u8:N10570 u8:N10561 u8:N701965 u8:MID GAIN=-0.001
u8:R_R133 u8:N694487 u8:MID u8:R_NOISELESS R=1
u8:R_R150 u8:N894736 u8:MID u8:R_NOISELESS R=33.3
u8:R_R2C1 u8:MID u8:N725762 u8:R_NOISELESS R=416.7
u8:R_R44 u8:N45974 u8:N45986 u8:R_NOISELESS R=0.001
u8:V_V_ISCN u8:N48550 u8:MID DC=-120
u8:G_G6 u8:N25816 u8:N11984 u8:N709113 u8:N705005 GAIN=-0.001
u8:G_GB u8:N725346 u8:MID u8:N725762 u8:MID GAIN=-25
u8:R_R107 u8:VCC_B 0 u8:R_NOISELESS R=1
u8:R_R2A1 u8:N701965 u8:MID u8:R_NOISELESS R=45.2
u8:R_R2A10 u8:N705005 u8:MID u8:R_NOISELESS R=0.019
u8:R_R47 u8:MID u8:N73852 u8:R_NOISELESS R=1
u8:E_E2 u8:N91498 u8:MID u8:CL_CLAMP u8:MID GAIN=1
u8:C_C13 u8:N45974 u8:MID CAPACITANCE=1e-15
u8:C_C_VIMON u8:MID u8:VIMON CAPACITANCE=1e-09
u8:G_G16 u8:CL_CLAMP u8:MID u8:N894736 u8:MID GAIN=-0.001
u8:R_R1D1 u8:N725708 u8:N725574 u8:R_NOISELESS R=10000
u8:R_R21 u8:N11984 u8:N25816 u8:R_NOISELESS R=1000
u8:R_R29 u8:N35669 u8:VCC_B u8:R_NOISELESS R=1000
u8:R_R57 u8:N68594 u8:OLP u8:R_NOISELESS R=100
u8:C_C2 u8:MID u8:N694641 CAPACITANCE=7.4e-10
u8:G_G37 u8:VEE_B 0 N011 0 GAIN=-1
u8:G_G56 u8:N709083 u8:MID u8:VCC_B u8:MID GAIN=-1.265
u8:G_G59 u8:N789898 u8:MID u8:ESDP u8:MID GAIN=-0.029750000000000002
u8:V_VCM_MIN u8:N28602 u8:VEE_B DC=-0.2
u8:C_C1C3 u8:N725214 u8:N725836 CAPACITANCE=2.653e-14
u8:G_G11 u8:N55050 u8:MID u8:N56119 u8:MID GAIN=-1
u8:G_G54 u8:N694641 u8:MID u8:N79181 u8:MID GAIN=-1
u8:R_R1 u8:ESDP 0 u8:R_NOISELESS R=0.01
u8:R_R111 u8:N406634 u8:N317950 u8:R_NOISELESS R=1000000
u8:R_R140 u8:MID u8:N725936 u8:R_NOISELESS R=1
u8:R_R3 u8:MID u8:ESDP u8:R_NOISELESS R=1000000000000
u8:R_R8 u8:N10561 u8:N10570 u8:R_NOISELESS R=1000
u8:G_G1 u8:N725398 u8:MID u8:CL_CLAMP u8:N516723 GAIN=-90.91
u8:R_R109 u8:VEE_B 0 u8:R_NOISELESS R=1
u8:R_R149 u8:N892256 u8:MID u8:R_NOISELESS R=1
u8:R_R1A11 u8:MID u8:N799160 u8:R_NOISE R=15
u8:R_R2A11 u8:N789912 u8:MID u8:R_NOISELESS R=465
u8:R_R2A4 u8:N709113 u8:MID u8:R_NOISELESS R=0.025
u8:C_C34 u8:N317950 0 CAPACITANCE=1
u8:C_C_VCLP u8:VCLP u8:MID CAPACITANCE=1e-12
u8:E_E3 u8:N112292 u8:MID N020 u8:MID GAIN=1
u8:G_G61 u8:ESDN u8:MID u8:N804105 u8:MID GAIN=-1e-05
u8:I_I_Q N001 N011 DC=0.0019
u8:R_R135 u8:N701935 u8:MID u8:R_NOISELESS R=1
u8:R_R136 u8:N704975 u8:MID u8:R_NOISELESS R=1
u8:R_R9 u8:N10570 u8:N11984 u8:R_NOISELESS R=0.001
u8:R_R_VCLP u8:N91498 u8:VCLP u8:R_NOISELESS R=100
u8:R_R_VIMON u8:VIMON u8:N110431 u8:R_NOISELESS R=100
u8:V_VCM_MAX u8:N30136 u8:VCC_B DC=0.15
u8:C_C_VOUT_S u8:MID u8:VOUT_S CAPACITANCE=1e-09
u8:R_R1C1 u8:N725762 u8:N821901 u8:R_NOISELESS R=10000
u8:R_R25 u8:MID u8:N28602 u8:R_NOISELESS R=1000000000
u8:R_R27 u8:MID u8:N30913 u8:R_NOISELESS R=1
u8:R_R2C3 u8:MID u8:N725836 u8:R_NOISELESS R=60.36
u8:R_R31 u8:VCC_CLP u8:MID u8:R_NOISELESS R=1000
u8:R_R81 u8:MID u8:N110431 u8:R_NOISELESS R=1000000000
.model u8:R_NOISELESS RES(T_ABS=-273.15)
.model u8:R_NOISE RES(T_ABS=0)

u8:x_aol_2:G1 u8:MID u8:N79181 I=if((0.001*(v(u8:aolnet)-v(u8:mid)))<-5.6,-5.6,if((0.001*(v(u8:aolnet)-v(u8:mid)))>5.6,5.6,0.001*(v(u8:aolnet)-v(u8:mid))))

u8:x_clawn:G1 u8:VEE_B u8:N38050 I=table(v(u8:mid)-v(u8:vimon),0,0.0001,30,0.0001,40,0.0001,60,0.0001,70,0.0001,80,0.0002,90,0.0003,100,0.0004,110,0.005,120,0.01)

u8:x_cl_amp:GVO- u8:MID u8:N45986 I=if((v(u8:vimon)-v(u8:mid))<(v(u8:n48550)-v(u8:mid)),v(u8:n48550)-v(u8:mid)-(v(u8:vimon)-v(u8:mid)),0)
u8:x_cl_amp:GVO+ u8:MID u8:N45856 I=if((v(u8:vimon)-v(u8:mid))>(v(u8:n50645)-v(u8:mid)),v(u8:vimon)-v(u8:mid)-(v(u8:n50645)-v(u8:mid)),0)

u8:x_esd_out:S1 N001 N020 N020 N001 u8:x_esd_out:ESD_SW 
u8:x_esd_out:S2 N020 N011 N011 N020 u8:x_esd_out:ESD_SW 
.model u8:x_esd_out:ESD_SW VSWITCH(RON=50 ROFF=1000000000000 VON=0.5 VOFF=0.45)

u8:x_h1:H_H1 u8:OLN u8:MID CONTROL=u8:x_h1:VH_H1 GAIN=1
u8:x_h1:VH_H1 u8:N73852 u8:N166377 DC=0

u8:x_h3:H_H3 u8:N110431 u8:MID CONTROL=u8:x_h3:VH_H3 GAIN=-1000
u8:x_h3:VH_H3 N020 u8:N516723 DC=0

u8:x_iq_n:G1 u8:MID N011 I=if((v(u8:mid)-v(u8:vimon))<=0,0,0.001*(v(u8:mid)-v(u8:vimon)))

u8:x_iq_p:G1 N001 u8:MID I=if((v(u8:vimon)-v(u8:mid))<=0,0,0.001*(v(u8:vimon)-v(u8:mid)))

u8:x_s1:S_S1 u8:N79181 u8:MID N020 u8:VCC_CLP u8:x_s1:_S1 
u8:x_s1:RS_S1 N020 u8:VCC_CLP R=1000000000
.model u8:x_s1:_S1 VSWITCH(ROFF=200000 RON=0.5 VOFF=-1 VON=0.4)

u8:x_sw_ol:S1 u8:N725398 u8:N725428 u8:SW_OL_OPA810 u8:MID u8:x_sw_ol:OL_SW 
.model u8:x_sw_ol:OL_SW VSWITCH(RON=0.001 ROFF=1000000000 VON=0.9 VOFF=0.8)

u8:x_sw_or:S1 u8:N166817 u8:CLAMP u8:CLAMP u8:N166817 u8:x_sw_or:OR_SW 
u8:x_sw_or:S2 u8:CLAMP u8:N166377 u8:N166377 u8:CLAMP u8:x_sw_or:OR_SW 
.model u8:x_sw_or:OR_SW VSWITCH(RON=0.01 ROFF=1000000000 VON=0.01 VOFF=0)

u8:x_vos_drift:E1 u8:N749288 u8:N06456 V=7.61e-05

u8:x_aol_1:G1 u8:MID u8:AOLNET I=if((0.01*(v(u8:n31014)-v(u8:esdn)))<-0.5,-0.5,if((0.01*(v(u8:n31014)-v(u8:esdn)))>0.5,0.5,0.01*(v(u8:n31014)-v(u8:esdn))))

u8:x_clawp:G1 u8:N35669 u8:VCC_B I=table(v(u8:vimon)-v(u8:mid),0,8e-05,30,0.0001,40,0.00028,50,0.00036,60,0.0005,70,0.001,80,0.002,90,0.004,100,0.008,110,0.016,120,0.032)

u8:x_cl_src:G1 u8:CL_CLAMP u8:MID I=if((v(u8:n45892)-v(u8:n45974))<-16.8,-16.8,if((v(u8:n45892)-v(u8:n45974))>16.8,16.8,v(u8:n45892)-v(u8:n45974)))

u8:x_e_n:I1 0 u8:x_e_n:7 DC=0.01
u8:x_e_n:I2 0 u8:x_e_n:8 DC=0.01
u8:x_e_n:E1 u8:x_e_n:3 u8:x_e_n:6 u8:x_e_n:7 u8:x_e_n:8 GAIN=0.57490221389735
u8:x_e_n:R2 u8:x_e_n:3 0 R=1000000000
u8:x_e_n:R3 u8:x_e_n:3 u8:x_e_n:6 R=1000000000
u8:x_e_n:R4 u8:x_e_n:5 0 R=38.46816
u8:x_e_n:R5 u8:x_e_n:5 0 R=38.46816
u8:x_e_n:R6 u8:x_e_n:3 u8:x_e_n:4 R=1000000000
u8:x_e_n:R7 u8:x_e_n:4 0 R=1000000000
u8:x_e_n:D1 u8:x_e_n:7 0 u8:x_e_n:DVN 
u8:x_e_n:D2 u8:x_e_n:8 0 u8:x_e_n:DVN 
u8:x_e_n:R1 u8:x_e_n:3 0 R=1000000000
u8:x_e_n:E2 u8:x_e_n:6 u8:x_e_n:4 u8:x_e_n:5 0 GAIN=10
u8:x_e_n:E3 u8:ESDP u8:N06456 u8:x_e_n:3 u8:x_e_n:4 GAIN=1
.model u8:x_e_n:DVN D(KF=3.1622776601683794e-12 IS=1e-16)

u8:x_h2:H_H2 u8:OLP u8:MID CONTROL=u8:x_h2:VH_H2 GAIN=-1
u8:x_h2:VH_H2 u8:N55050 u8:N166817 DC=0

u8:x_ol_sense:GSW+ u8:MID u8:N69264 I=if(((v(u8:n68747)-v(u8:mid))>0.01)|((v(u8:n68594)-v(u8:mid))>0.01),1,0)

u8:x_s2:S_S2 u8:N79181 u8:MID u8:VEE_CLP N020 u8:x_s2:_S2 
u8:x_s2:RS_S2 u8:VEE_CLP N020 R=1000000000
.model u8:x_s2:_S2 VSWITCH(ROFF=200000 RON=0.5 VOFF=-1 VON=0.4)

u8:x_vcm_clamp:G1 u8:MID u8:N30913 I=if((v(u8:n25816)-v(u8:mid))<if((v(u8:n28602)-v(u8:mid))>(v(u8:n30136)-v(u8:mid)),v(u8:n30136)-v(u8:mid),v(u8:n28602)-v(u8:mid)),if((v(u8:n28602)-v(u8:mid))>(v(u8:n30136)-v(u8:mid)),v(u8:n30136)-v(u8:mid),v(u8:n28602)-v(u8:mid)),if((v(u8:n25816)-v(u8:mid))>if((v(u8:n28602)-v(u8:mid))>(v(u8:n30136)-v(u8:mid)),v(u8:n28602)-v(u8:mid),v(u8:n30136)-v(u8:mid)),if((v(u8:n28602)-v(u8:mid))>(v(u8:n30136)-v(u8:mid)),v(u8:n28602)-v(u8:mid),v(u8:n30136)-v(u8:mid)),v(u8:n25816)-v(u8:mid)))

u8:x_vos_vs_vcm:E1 u8:N10561 u8:x_vos_vs_vcm:1 V=table(v(n001)-v(u8:n749288),0.35,0.00045,0.4,0.000435,0.55,0.000275,0.65,0.00015,0.75,7.5e-05,0.85,2.5e-05,1,0)
u8:x_vos_vs_vcm:V1 u8:x_vos_vs_vcm:1 u8:N749288 DC=0

.end

Options:trtol=7 reltol=3e-3 abstol=1n vntol=10u
solver = Normal
Maximum thread count: 32
tnom = 27
temp = 27
method = trap
abstol = 1e-09
reltol = 0.003
trtol = 7
volttol = 1e-05
Direct Newton iteration failed to find operating point.
Starting Gmin stepping
Gmin stepping failed to find operating point. Use".option gminsteps=0" to skip all Gmin stepping.
Starting source stepping with srcstepmethod=0
Starting source stepping with srcstepmethod=1
Source stepping succeeded in finding the operating point.

Total elapsed time: 7.959 seconds.

Files loaded:
E:\天格\比赛\SPICE\preamp+invertadder+ph.net
C:\Users\sora\AppData\Local\LTspice\lib\cmp\standard.dio
C:\Users\sora\AppData\Local\LTspice\lib\sub\ADA4807.sub
C:\Users\sora\AppData\Local\LTspice\lib\sub\ADG721.sub
E:\天格\比赛\SPICE\opa810_a.lib

