C:/Users/sora/Documents/Codex/2026-08-05/stm32g474vet6-ad7980-arm-brm-adg721-stm32cubemx/outputs/STM32G474_AD7980_FinalAdaptive/Core/Src/main.c:121:6:SystemClock_Config	3
C:/Users/sora/Documents/Codex/2026-08-05/stm32g474vet6-ad7980-arm-brm-adg721-stm32cubemx/outputs/STM32G474_AD7980_FinalAdaptive/Core/Src/main.c:69:5:main	3
C:/Users/sora/Documents/Codex/2026-08-05/stm32g474vet6-ad7980-arm-brm-adg721-stm32cubemx/outputs/STM32G474_AD7980_FinalAdaptive/Core/Src/main.c:301:6:HAL_GPIO_EXTI_Callback	2
C:/Users/sora/Documents/Codex/2026-08-05/stm32g474vet6-ad7980-arm-brm-adg721-stm32cubemx/outputs/STM32G474_AD7980_FinalAdaptive/Core/Src/main.c:315:6:Error_Handler	1
