Change Component Designator: Old Designator=C2 New Designator=C?
Change Component Designator: Old Designator=C3 New Designator=C?
Change Component Designator: Old Designator=C4 New Designator=C?
Change Component Designator: Old Designator=C94 New Designator=C?
Change Component Designator: Old Designator=C95 New Designator=C?
Change Component Designator: Old Designator=C96 New Designator=C?
Change Component Designator: Old Designator=C97 New Designator=C?
Change Component Designator: Old Designator=C98 New Designator=C?
Change Component Designator: Old Designator=C910 New Designator=C?
Change Component Designator: Old Designator=C914 New Designator=C?
Change Component Designator: Old Designator=C915 New Designator=C?
Change Component Designator: Old Designator=C916 New Designator=C?
Change Component Designator: Old Designator=C917 New Designator=C?
Change Component Designator: Old Designator=C918 New Designator=C?
Change Component Designator: Old Designator=C919 New Designator=C?
Change Component Designator: Old Designator=C920 New Designator=C?
Change Component Designator: Old Designator=CNR/SS New Designator=CNR/SS?
Change Component Designator: Old Designator=D92 New Designator=D?
Change Component Designator: Old Designator=L94 New Designator=L?
Change Component Designator: Old Designator=R1 New Designator=R?
Change Component Designator: Old Designator=R2 New Designator=R?
Change Component Designator: Old Designator=R7 New Designator=R?
Change Component Designator: Old Designator=R8 New Designator=R?
Change Component Designator: Old Designator=R94 New Designator=R?
Change Component Designator: Old Designator=R95 New Designator=R?
Change Component Designator: Old Designator=R96 New Designator=R?
Change Component Designator: Old Designator=R97 New Designator=R?
Change Component Designator: Old Designator=R98 New Designator=R?
Change Component Designator: Old Designator=T1 New Designator=T?
Change Component Designator: Old Designator=U1 New Designator=U?
Change Component Designator: Old Designator=U90 New Designator=U?
Change Component Designator: Old Designator=U92 New Designator=U?
Change Component Designator: Old Designator=U95 New Designator=U?
