Removed Pin From Net: NetName=GND Pin=P1-1
Removed Pin From Net: NetName=GND Pin=P1-2
Removed Pin From Net: NetName=GND Pin=P1-7
Removed Pin From Net: NetName=GND Pin=P1-8
Removed Pin From Net: NetName=GND Pin=P1-13
Removed Pin From Net: NetName=GND Pin=P1-14
Removed Pin From Net: NetName=GND Pin=P1-19
Removed Pin From Net: NetName=GND Pin=P1-20
Removed Pin From Net: NetName=GND Pin=P1-25
Removed Pin From Net: NetName=GND Pin=P1-26
Removed Pin From Net: NetName=GND Pin=P1-27
Removed Pin From Net: NetName=Restart Pin=P1-28
Removed Pin From Net: NetName=ADC_SCK Pin=P1-29
Removed Pin From Net: NetName=GND Pin=P1-30
Removed Pin From Net: NetName=GND Pin=P1-32
Removed Pin From Net: NetName=GND Pin=P1-33
Removed Pin From Net: NetName=GND Pin=P1-34
Removed Pin From Net: NetName=GND Pin=P1-36
Removed Pin From Net: NetName=GND Pin=P1-37
Removed Pin From Net: NetName=GND Pin=P1-39
Removed Pin From Net: NetName=GND Pin=P1-40
Added Pin To Net: NetName=ADC_SCK Pin=P1-27
Added Pin To Net: NetName=Restart Pin=P1-30
Added Pin To Net: NetName=AGND Pin=P1-1
Added Pin To Net: NetName=AGND Pin=P1-2
Added Pin To Net: NetName=AGND Pin=P1-7
Added Pin To Net: NetName=AGND Pin=P1-8
Added Pin To Net: NetName=AGND Pin=P1-13
Added Pin To Net: NetName=AGND Pin=P1-14
Added Pin To Net: NetName=AGND Pin=P1-19
Added Pin To Net: NetName=AGND Pin=P1-20
Added Pin To Net: NetName=AGND Pin=P1-25
Added Pin To Net: NetName=AGND Pin=P1-26
Added Pin To Net: NetName=AGND Pin=P1-28
Added Pin To Net: NetName=AGND Pin=P1-29
Added Pin To Net: NetName=AGND Pin=P1-32
Added Pin To Net: NetName=AGND Pin=P1-33
Added Pin To Net: NetName=AGND Pin=P1-34
Added Pin To Net: NetName=AGND Pin=P1-35
Added Pin To Net: NetName=AGND Pin=P1-36
Added Pin To Net: NetName=AGND Pin=P1-37
Added Pin To Net: NetName=AGND Pin=P1-39
Added Pin To Net: NetName=AGND Pin=P1-40
Added Net: Name=AGND
Added Room: Name=Power_Digital
