Removed Member From Class: ClassName=00_POWER Member=C914
Removed Member From Class: ClassName=00_POWER Member=C915
Removed Member From Class: ClassName=00_POWER Member=C916
Removed Member From Class: ClassName=00_POWER Member=R96
Change Component Comment : Designator=R2 Old Comment=2k New Comment=2kO
Change Component Comment : Designator=C94 Old Comment=4.7u New Comment=4.7uF
Change Component Comment : Designator=R1 Old Comment=10.5k New Comment=10.5kO
Change Component Comment : Designator=R95 Old Comment=10k New Comment=10kO
Change Component Comment : Designator=C910 Old Comment=10u New Comment=10uF
Change Component Comment : Designator=R98 Old Comment=11.5K/1% New Comment=11.5KO/1%
Change Component Comment : Designator=C96 Old Comment=22u New Comment=22uF
Change Component Comment : Designator=R94 Old Comment=29.4k New Comment=29.4kO
Change Component Comment : Designator=R96 Old Comment=100K/1% New Comment=100KO/1%
Change Component Comment : Designator=R97 Old Comment=301K/1% New Comment=301KO/1%
Change Component Designator: OldDesignator=C2 NewDesignator=C7
Change Component Designator: OldDesignator=C3 NewDesignator=C8
Change Component Designator: OldDesignator=C4 NewDesignator=C11
Change Component Designator: OldDesignator=C94 NewDesignator=C17
Change Component Designator: OldDesignator=C95 NewDesignator=C15
Change Component Designator: OldDesignator=C96 NewDesignator=C16
Change Component Designator: OldDesignator=C97 NewDesignator=C14
Change Component Designator: OldDesignator=C98 NewDesignator=C13
Change Component Designator: OldDesignator=C910 NewDesignator=C12
Change Component Designator: OldDesignator=C914 NewDesignator=C3
Change Component Designator: OldDesignator=C915 NewDesignator=C4
Change Component Designator: OldDesignator=C916 NewDesignator=C2
Change Component Designator: OldDesignator=C917 NewDesignator=C9
Change Component Designator: OldDesignator=C918 NewDesignator=C5
Change Component Designator: OldDesignator=C919 NewDesignator=C6
Change Component Designator: OldDesignator=C920 NewDesignator=C10
Change Component Designator: OldDesignator=CNR/SS NewDesignator=CNR/SS1
Change Component Designator: OldDesignator=D92 NewDesignator=D1
Change Component Designator: OldDesignator=J3 NewDesignator=J1
Change Component Designator: OldDesignator=L94 NewDesignator=L1
Change Component Designator: OldDesignator=R1 NewDesignator=R10
Change Component Designator: OldDesignator=R2 NewDesignator=R11
Change Component Designator: OldDesignator=R3 NewDesignator=R1
Change Component Designator: OldDesignator=R4 NewDesignator=R2
Change Component Designator: OldDesignator=R5 NewDesignator=R3
Change Component Designator: OldDesignator=R6 NewDesignator=R4
Change Component Designator: OldDesignator=R7 NewDesignator=R8
Change Component Designator: OldDesignator=R8 NewDesignator=R9
Change Component Designator: OldDesignator=R94 NewDesignator=R12
Change Component Designator: OldDesignator=R95 NewDesignator=R13
Change Component Designator: OldDesignator=R96 NewDesignator=R7
Change Component Designator: OldDesignator=R97 NewDesignator=R5
Change Component Designator: OldDesignator=R98 NewDesignator=R6
Change Component Designator: OldDesignator=U1 NewDesignator=U2
Change Component Designator: OldDesignator=U2 NewDesignator=U1
Change Component Designator: OldDesignator=U90 NewDesignator=U4
Change Component Designator: OldDesignator=U92 NewDesignator=U5
Change Component Designator: OldDesignator=U95 NewDesignator=U3
Change Net Name : Old Net Name=NetC3_2 New Net Name=NetC8_2
Change Net Name : Old Net Name=NetC95_1 New Net Name=NetC15_1
Change Net Name : Old Net Name=NetC95_2 New Net Name=NetC15_2
Change Net Name : Old Net Name=NetC97_1 New Net Name=NetC14_1
Change Net Name : Old Net Name=NetCNR/SS_1 New Net Name=NetCNR/SS1_1
Change Net Name : Old Net Name=NetR1_2 New Net Name=NetR10_2
Change Net Name : Old Net Name=NetR7_1 New Net Name=NetR8_1
Change Net Name : Old Net Name=NetR97_2 New Net Name=NetR5_2
Added Member To Class: ClassName=00_POWER Member=Component C7 10uF/25V
Added Member To Class: ClassName=00_POWER Member=Component C8 3.3nF/50V
Added Member To Class: ClassName=00_POWER Member=Component C11 22uF/10V
Added Member To Class: ClassName=00_POWER Member=Component R9 12kO
Added Room: Name=00_POWER
Added Room: Name=Digital
